MPLINK 5.09, LINKER
Linker Map File - Created Mon Jan 24 20:15:10 2022

                                 Section Info
                  Section       Type    Address   Location Size(Bytes)
                ---------  ---------  ---------  ---------  ---------
                   .org_0       code   0x000000    program   0x000004
                   .cinit    romdata   0x000004    program   0x000002
                   .org_1       code   0x000008    program   0x000004
                   .org_2       code   0x000018    program   0x00019e
.config_300001_BUILD/DEFAULT/PRODUCTION/MAINPWM    romdata   0x300001    program   0x000001
.config_300002_BUILD/DEFAULT/PRODUCTION/MAINPWM    romdata   0x300002    program   0x000001
.config_300003_BUILD/DEFAULT/PRODUCTION/MAINPWM    romdata   0x300003    program   0x000001
.config_300005_BUILD/DEFAULT/PRODUCTION/MAINPWM    romdata   0x300005    program   0x000001
.config_300006_BUILD/DEFAULT/PRODUCTION/MAINPWM    romdata   0x300006    program   0x000001
.config_300008_BUILD/DEFAULT/PRODUCTION/MAINPWM    romdata   0x300008    program   0x000001
.config_300009_BUILD/DEFAULT/PRODUCTION/MAINPWM    romdata   0x300009    program   0x000001
.config_30000A_BUILD/DEFAULT/PRODUCTION/MAINPWM    romdata   0x30000a    program   0x000001
.config_30000B_BUILD/DEFAULT/PRODUCTION/MAINPWM    romdata   0x30000b    program   0x000001
.config_30000C_BUILD/DEFAULT/PRODUCTION/MAINPWM    romdata   0x30000c    program   0x000001
.config_30000D_BUILD/DEFAULT/PRODUCTION/MAINPWM    romdata   0x30000d    program   0x000001



                              Program Memory Usage 
                               Start         End      
                           ---------   ---------      
                            0x000000    0x000005      
                            0x000008    0x00000b      
                            0x000018    0x0001b5      
                            0x300001    0x300003      
                            0x300005    0x300006      
                            0x300008    0x30000d      
            435 out of 66584 program addresses used, program memory utilization is 0%



                              Symbols - Sorted by Name
                     Name    Address   Location    Storage File                     
                ---------  ---------  ---------  --------- ---------                
           ADC_CONVERSION   0x000096    program     static C:\Users\flexy\Desktop\PIC Turotiales\PIC18F26K22\ASM\PWM-ADC.X\MAINPWMADC.asm
                 ADC_PROC   0x00009a    program     static C:\Users\flexy\Desktop\PIC Turotiales\PIC18F26K22\ASM\PWM-ADC.X\MAINPWMADC.asm
           ALTA_PRIORIDAD   0x00002e    program     static C:\Users\flexy\Desktop\PIC Turotiales\PIC18F26K22\ASM\PWM-ADC.X\MAINPWMADC.asm
           BAJA_PRIORIDAD   0x000018    program     static C:\Users\flexy\Desktop\PIC Turotiales\PIC18F26K22\ASM\PWM-ADC.X\MAINPWMADC.asm
            CICLO_RETARDO   0x0001aa    program     static C:\Users\flexy\Desktop\PIC Turotiales\PIC18F26K22\ASM\PWM-ADC.X\RETARDOS.INC
                FIN_INTER   0x000022    program     static C:\Users\flexy\Desktop\PIC Turotiales\PIC18F26K22\ASM\PWM-ADC.X\MAINPWMADC.asm
                   INICIO   0x000032    program     static C:\Users\flexy\Desktop\PIC Turotiales\PIC18F26K22\ASM\PWM-ADC.X\MAINPWMADC.asm
                PRINCIPAL   0x000082    program     static C:\Users\flexy\Desktop\PIC Turotiales\PIC18F26K22\ASM\PWM-ADC.X\MAINPWMADC.asm
                RET_100ms   0x0000e2    program     static C:\Users\flexy\Desktop\PIC Turotiales\PIC18F26K22\ASM\PWM-ADC.X\RETARDOS.INC
                 RET_10ms   0x000146    program     static C:\Users\flexy\Desktop\PIC Turotiales\PIC18F26K22\ASM\PWM-ADC.X\RETARDOS.INC
                 RET_16ms   0x00011e    program     static C:\Users\flexy\Desktop\PIC Turotiales\PIC18F26K22\ASM\PWM-ADC.X\RETARDOS.INC
                 RET_18ms   0x000132    program     static C:\Users\flexy\Desktop\PIC Turotiales\PIC18F26K22\ASM\PWM-ADC.X\RETARDOS.INC
                  RET_1ms   0x000196    program     static C:\Users\flexy\Desktop\PIC Turotiales\PIC18F26K22\ASM\PWM-ADC.X\RETARDOS.INC
                   RET_1s   0x0000ba    program     static C:\Users\flexy\Desktop\PIC Turotiales\PIC18F26K22\ASM\PWM-ADC.X\RETARDOS.INC
                RET_250us   0x000182    program     static C:\Users\flexy\Desktop\PIC Turotiales\PIC18F26K22\ASM\PWM-ADC.X\RETARDOS.INC
                 RET_33ms   0x00010a    program     static C:\Users\flexy\Desktop\PIC Turotiales\PIC18F26K22\ASM\PWM-ADC.X\RETARDOS.INC
                RET_500ms   0x0000ce    program     static C:\Users\flexy\Desktop\PIC Turotiales\PIC18F26K22\ASM\PWM-ADC.X\RETARDOS.INC
                RET_500us   0x00016e    program     static C:\Users\flexy\Desktop\PIC Turotiales\PIC18F26K22\ASM\PWM-ADC.X\RETARDOS.INC
                 RET_50ms   0x0000f6    program     static C:\Users\flexy\Desktop\PIC Turotiales\PIC18F26K22\ASM\PWM-ADC.X\RETARDOS.INC
                  RET_5ms   0x00015a    program     static C:\Users\flexy\Desktop\PIC Turotiales\PIC18F26K22\ASM\PWM-ADC.X\RETARDOS.INC
                RET_SERVO   0x0000a6    program     static C:\Users\flexy\Desktop\PIC Turotiales\PIC18F26K22\ASM\PWM-ADC.X\RETARDOS.INC



                              Symbols - Sorted by Address
                     Name    Address   Location    Storage File                     
                ---------  ---------  ---------  --------- ---------                
           BAJA_PRIORIDAD   0x000018    program     static C:\Users\flexy\Desktop\PIC Turotiales\PIC18F26K22\ASM\PWM-ADC.X\MAINPWMADC.asm
                FIN_INTER   0x000022    program     static C:\Users\flexy\Desktop\PIC Turotiales\PIC18F26K22\ASM\PWM-ADC.X\MAINPWMADC.asm
           ALTA_PRIORIDAD   0x00002e    program     static C:\Users\flexy\Desktop\PIC Turotiales\PIC18F26K22\ASM\PWM-ADC.X\MAINPWMADC.asm
                   INICIO   0x000032    program     static C:\Users\flexy\Desktop\PIC Turotiales\PIC18F26K22\ASM\PWM-ADC.X\MAINPWMADC.asm
                PRINCIPAL   0x000082    program     static C:\Users\flexy\Desktop\PIC Turotiales\PIC18F26K22\ASM\PWM-ADC.X\MAINPWMADC.asm
           ADC_CONVERSION   0x000096    program     static C:\Users\flexy\Desktop\PIC Turotiales\PIC18F26K22\ASM\PWM-ADC.X\MAINPWMADC.asm
                 ADC_PROC   0x00009a    program     static C:\Users\flexy\Desktop\PIC Turotiales\PIC18F26K22\ASM\PWM-ADC.X\MAINPWMADC.asm
                RET_SERVO   0x0000a6    program     static C:\Users\flexy\Desktop\PIC Turotiales\PIC18F26K22\ASM\PWM-ADC.X\RETARDOS.INC
                   RET_1s   0x0000ba    program     static C:\Users\flexy\Desktop\PIC Turotiales\PIC18F26K22\ASM\PWM-ADC.X\RETARDOS.INC
                RET_500ms   0x0000ce    program     static C:\Users\flexy\Desktop\PIC Turotiales\PIC18F26K22\ASM\PWM-ADC.X\RETARDOS.INC
                RET_100ms   0x0000e2    program     static C:\Users\flexy\Desktop\PIC Turotiales\PIC18F26K22\ASM\PWM-ADC.X\RETARDOS.INC
                 RET_50ms   0x0000f6    program     static C:\Users\flexy\Desktop\PIC Turotiales\PIC18F26K22\ASM\PWM-ADC.X\RETARDOS.INC
                 RET_33ms   0x00010a    program     static C:\Users\flexy\Desktop\PIC Turotiales\PIC18F26K22\ASM\PWM-ADC.X\RETARDOS.INC
                 RET_16ms   0x00011e    program     static C:\Users\flexy\Desktop\PIC Turotiales\PIC18F26K22\ASM\PWM-ADC.X\RETARDOS.INC
                 RET_18ms   0x000132    program     static C:\Users\flexy\Desktop\PIC Turotiales\PIC18F26K22\ASM\PWM-ADC.X\RETARDOS.INC
                 RET_10ms   0x000146    program     static C:\Users\flexy\Desktop\PIC Turotiales\PIC18F26K22\ASM\PWM-ADC.X\RETARDOS.INC
                  RET_5ms   0x00015a    program     static C:\Users\flexy\Desktop\PIC Turotiales\PIC18F26K22\ASM\PWM-ADC.X\RETARDOS.INC
                RET_500us   0x00016e    program     static C:\Users\flexy\Desktop\PIC Turotiales\PIC18F26K22\ASM\PWM-ADC.X\RETARDOS.INC
                RET_250us   0x000182    program     static C:\Users\flexy\Desktop\PIC Turotiales\PIC18F26K22\ASM\PWM-ADC.X\RETARDOS.INC
                  RET_1ms   0x000196    program     static C:\Users\flexy\Desktop\PIC Turotiales\PIC18F26K22\ASM\PWM-ADC.X\RETARDOS.INC
            CICLO_RETARDO   0x0001aa    program     static C:\Users\flexy\Desktop\PIC Turotiales\PIC18F26K22\ASM\PWM-ADC.X\RETARDOS.INC


