MPLINK 5.09, LINKER
Linker Map File - Created Sun Jan 15 23:28:05 2023

                                 Section Info
                  Section       Type    Address   Location Size(Bytes)
                ---------  ---------  ---------  ---------  ---------
                   .org_0       code   0x000000    program   0x000004
                   .cinit    romdata   0x000004    program   0x000002
                   .org_1       code   0x000008    program   0x000004
                   .org_2       code   0x000018    program   0x0004fa
.config_300001_BUILD/DEFAULT/PRODUCTION/MAIN.O    romdata   0x300001    program   0x000001
.config_300002_BUILD/DEFAULT/PRODUCTION/MAIN.O    romdata   0x300002    program   0x000001
.config_300003_BUILD/DEFAULT/PRODUCTION/MAIN.O    romdata   0x300003    program   0x000001
.config_300005_BUILD/DEFAULT/PRODUCTION/MAIN.O    romdata   0x300005    program   0x000001
.config_300006_BUILD/DEFAULT/PRODUCTION/MAIN.O    romdata   0x300006    program   0x000001
.config_300008_BUILD/DEFAULT/PRODUCTION/MAIN.O    romdata   0x300008    program   0x000001
.config_300009_BUILD/DEFAULT/PRODUCTION/MAIN.O    romdata   0x300009    program   0x000001
.config_30000A_BUILD/DEFAULT/PRODUCTION/MAIN.O    romdata   0x30000a    program   0x000001
.config_30000B_BUILD/DEFAULT/PRODUCTION/MAIN.O    romdata   0x30000b    program   0x000001
.config_30000C_BUILD/DEFAULT/PRODUCTION/MAIN.O    romdata   0x30000c    program   0x000001
.config_30000D_BUILD/DEFAULT/PRODUCTION/MAIN.O    romdata   0x30000d    program   0x000001



                              Program Memory Usage 
                               Start         End      
                           ---------   ---------      
                            0x000000    0x000005      
                            0x000008    0x00000b      
                            0x000018    0x000511      
                            0x300001    0x300003      
                            0x300005    0x300006      
                            0x300008    0x30000d      
            1295 out of 66584 program addresses used, program memory utilization is 1%



                              Symbols - Sorted by Name
                     Name    Address   Location    Storage File                     
                ---------  ---------  ---------  --------- ---------                
           ALTA_PRIORIDAD   0x00002e    program     static C:\Users\flexy\Desktop\PIC Turotiales\PIC18F26K22\ASM\DS1302 LCD.X\MAIN.asm
           BAJA_PRIORIDAD   0x000018    program     static C:\Users\flexy\Desktop\PIC Turotiales\PIC18F26K22\ASM\DS1302 LCD.X\MAIN.asm
           BSUMA_CENTENAS   0x0002ae    program     static C:\Users\flexy\Desktop\PIC Turotiales\PIC18F26K22\ASM\DS1302 LCD.X\LCD_4BIT.INC
            BSUMA_DECENAS   0x0002c4    program     static C:\Users\flexy\Desktop\PIC Turotiales\PIC18F26K22\ASM\DS1302 LCD.X\LCD_4BIT.INC
           BSUMA_UNIDADES   0x0002cc    program     static C:\Users\flexy\Desktop\PIC Turotiales\PIC18F26K22\ASM\DS1302 LCD.X\LCD_4BIT.INC
              BS_CENTENAS   0x0002a0    program     static C:\Users\flexy\Desktop\PIC Turotiales\PIC18F26K22\ASM\DS1302 LCD.X\LCD_4BIT.INC
               BS_DECENAS   0x0002b6    program     static C:\Users\flexy\Desktop\PIC Turotiales\PIC18F26K22\ASM\DS1302 LCD.X\LCD_4BIT.INC
            CICLO_RETARDO   0x00023a    program     static C:\Users\flexy\Desktop\PIC Turotiales\PIC18F26K22\ASM\DS1302 LCD.X\RETARDOS.INC
           CONFIG_RETARDO   0x00019e    program     static C:\Users\flexy\Desktop\PIC Turotiales\PIC18F26K22\ASM\DS1302 LCD.X\RETARDOS.INC
           CONVERSION_BCD   0x0002d2    program     static C:\Users\flexy\Desktop\PIC Turotiales\PIC18F26K22\ASM\DS1302 LCD.X\LCD_4BIT.INC
           CONVERSION_BIN   0x000298    program     static C:\Users\flexy\Desktop\PIC Turotiales\PIC18F26K22\ASM\DS1302 LCD.X\LCD_4BIT.INC
              ENVIAR_DATO   0x00044a    program     static C:\Users\flexy\Desktop\PIC Turotiales\PIC18F26K22\ASM\DS1302 LCD.X\LCD_4BIT.INC
           ESCRIBIR_HORAS   0x0000fc    program     static C:\Users\flexy\Desktop\PIC Turotiales\PIC18F26K22\ASM\DS1302 LCD.X\MAIN.asm
         ESCRIBIR_MINUTOS   0x0000e8    program     static C:\Users\flexy\Desktop\PIC Turotiales\PIC18F26K22\ASM\DS1302 LCD.X\MAIN.asm
        ESCRIBIR_SEGUNDOS   0x0000d4    program     static C:\Users\flexy\Desktop\PIC Turotiales\PIC18F26K22\ASM\DS1302 LCD.X\MAIN.asm
                FIN_INTER   0x000022    program     static C:\Users\flexy\Desktop\PIC Turotiales\PIC18F26K22\ASM\DS1302 LCD.X\MAIN.asm
                   INICIO   0x000032    program     static C:\Users\flexy\Desktop\PIC Turotiales\PIC18F26K22\ASM\DS1302 LCD.X\MAIN.asm
                  INI_LCD   0x000314    program     static C:\Users\flexy\Desktop\PIC Turotiales\PIC18F26K22\ASM\DS1302 LCD.X\LCD_4BIT.INC
                 INVERTIR   0x000112    program     static C:\Users\flexy\Desktop\PIC Turotiales\PIC18F26K22\ASM\DS1302 LCD.X\MAIN.asm
      LCD_2Lineas4Bits5x7   0x00043e    program     static C:\Users\flexy\Desktop\PIC Turotiales\PIC18F26K22\ASM\DS1302 LCD.X\LCD_4BIT.INC
                 LCD_Byte   0x0004d8    program     static C:\Users\flexy\Desktop\PIC Turotiales\PIC18F26K22\ASM\DS1302 LCD.X\LCD_4BIT.INC
         LCD_ByteCompleto   0x0004ec    program     static C:\Users\flexy\Desktop\PIC Turotiales\PIC18F26K22\ASM\DS1302 LCD.X\LCD_4BIT.INC
                LCD_CLEAR   0x00043a    program     static C:\Users\flexy\Desktop\PIC Turotiales\PIC18F26K22\ASM\DS1302 LCD.X\LCD_4BIT.INC
             LCD_CLEAR_L1   0x00049e    program     static C:\Users\flexy\Desktop\PIC Turotiales\PIC18F26K22\ASM\DS1302 LCD.X\LCD_4BIT.INC
             LCD_CLEAR_L2   0x0004a8    program     static C:\Users\flexy\Desktop\PIC Turotiales\PIC18F26K22\ASM\DS1302 LCD.X\LCD_4BIT.INC
             LCD_CLEAR_L3   0x0004b2    program     static C:\Users\flexy\Desktop\PIC Turotiales\PIC18F26K22\ASM\DS1302 LCD.X\LCD_4BIT.INC
             LCD_CLEAR_L4   0x0004bc    program     static C:\Users\flexy\Desktop\PIC Turotiales\PIC18F26K22\ASM\DS1302 LCD.X\LCD_4BIT.INC
                  LCD_CMD   0x000440    program     static C:\Users\flexy\Desktop\PIC Turotiales\PIC18F26K22\ASM\DS1302 LCD.X\LCD_4BIT.INC
                 LCD_CTMP   0x000372    program     static C:\Users\flexy\Desktop\PIC Turotiales\PIC18F26K22\ASM\DS1302 LCD.X\LCD_4BIT.INC
           LCD_CURSOR_BON   0x000446    program     static C:\Users\flexy\Desktop\PIC Turotiales\PIC18F26K22\ASM\DS1302 LCD.X\LCD_4BIT.INC
                LCD_C_OFF   0x000436    program     static C:\Users\flexy\Desktop\PIC Turotiales\PIC18F26K22\ASM\DS1302 LCD.X\LCD_4BIT.INC
                 LCD_C_ON   0x000432    program     static C:\Users\flexy\Desktop\PIC Turotiales\PIC18F26K22\ASM\DS1302 LCD.X\LCD_4BIT.INC
          LCD_CodigoCGROM   0x000468    program     static C:\Users\flexy\Desktop\PIC Turotiales\PIC18F26K22\ASM\DS1302 LCD.X\LCD_4BIT.INC
           LCD_CursorIncr   0x00036e    program     static C:\Users\flexy\Desktop\PIC Turotiales\PIC18F26K22\ASM\DS1302 LCD.X\LCD_4BIT.INC
        LCD_EnheMayuscula   0x00047a    program     static C:\Users\flexy\Desktop\PIC Turotiales\PIC18F26K22\ASM\DS1302 LCD.X\LCD_4BIT.INC
        LCD_EnheMinuscula   0x00046a    program     static C:\Users\flexy\Desktop\PIC Turotiales\PIC18F26K22\ASM\DS1302 LCD.X\LCD_4BIT.INC
                LCD_Envia   0x000450    program     static C:\Users\flexy\Desktop\PIC Turotiales\PIC18F26K22\ASM\DS1302 LCD.X\LCD_4BIT.INC
       LCD_EnviaByteLetra   0x00050a    program     static C:\Users\flexy\Desktop\PIC Turotiales\PIC18F26K22\ASM\DS1302 LCD.X\LCD_4BIT.INC
             LCD_FinCGROM   0x00049a    program     static C:\Users\flexy\Desktop\PIC Turotiales\PIC18F26K22\ASM\DS1302 LCD.X\LCD_4BIT.INC
   LCD_FinVisualizaDigito   0x00050e    program     static C:\Users\flexy\Desktop\PIC Turotiales\PIC18F26K22\ASM\DS1302 LCD.X\LCD_4BIT.INC
                LCD_Grado   0x00048c    program     static C:\Users\flexy\Desktop\PIC Turotiales\PIC18F26K22\ASM\DS1302 LCD.X\LCD_4BIT.INC
                   LCD_L1   0x00037e    program     static C:\Users\flexy\Desktop\PIC Turotiales\PIC18F26K22\ASM\DS1302 LCD.X\LCD_4BIT.INC
               LCD_L1MENU   0x000376    program     static C:\Users\flexy\Desktop\PIC Turotiales\PIC18F26K22\ASM\DS1302 LCD.X\LCD_4BIT.INC
                   LCD_L2   0x000382    program     static C:\Users\flexy\Desktop\PIC Turotiales\PIC18F26K22\ASM\DS1302 LCD.X\LCD_4BIT.INC
               LCD_L2MENU   0x00037a    program     static C:\Users\flexy\Desktop\PIC Turotiales\PIC18F26K22\ASM\DS1302 LCD.X\LCD_4BIT.INC
                   LCD_L3   0x000386    program     static C:\Users\flexy\Desktop\PIC Turotiales\PIC18F26K22\ASM\DS1302 LCD.X\LCD_4BIT.INC
                LCD_L3.10   0x0003aa    program     static C:\Users\flexy\Desktop\PIC Turotiales\PIC18F26K22\ASM\DS1302 LCD.X\LCD_4BIT.INC
                LCD_L3.11   0x0003ae    program     static C:\Users\flexy\Desktop\PIC Turotiales\PIC18F26K22\ASM\DS1302 LCD.X\LCD_4BIT.INC
                LCD_L3.12   0x0003b2    program     static C:\Users\flexy\Desktop\PIC Turotiales\PIC18F26K22\ASM\DS1302 LCD.X\LCD_4BIT.INC
                LCD_L3.13   0x0003b6    program     static C:\Users\flexy\Desktop\PIC Turotiales\PIC18F26K22\ASM\DS1302 LCD.X\LCD_4BIT.INC
                LCD_L3.14   0x0003ba    program     static C:\Users\flexy\Desktop\PIC Turotiales\PIC18F26K22\ASM\DS1302 LCD.X\LCD_4BIT.INC
                LCD_L3.15   0x0003be    program     static C:\Users\flexy\Desktop\PIC Turotiales\PIC18F26K22\ASM\DS1302 LCD.X\LCD_4BIT.INC
                LCD_L3.16   0x0003c2    program     static C:\Users\flexy\Desktop\PIC Turotiales\PIC18F26K22\ASM\DS1302 LCD.X\LCD_4BIT.INC
                LCD_L3.17   0x0003c6    program     static C:\Users\flexy\Desktop\PIC Turotiales\PIC18F26K22\ASM\DS1302 LCD.X\LCD_4BIT.INC
                LCD_L3.18   0x0003ca    program     static C:\Users\flexy\Desktop\PIC Turotiales\PIC18F26K22\ASM\DS1302 LCD.X\LCD_4BIT.INC
                LCD_L3.19   0x0003ce    program     static C:\Users\flexy\Desktop\PIC Turotiales\PIC18F26K22\ASM\DS1302 LCD.X\LCD_4BIT.INC
                 LCD_L3.2   0x00038a    program     static C:\Users\flexy\Desktop\PIC Turotiales\PIC18F26K22\ASM\DS1302 LCD.X\LCD_4BIT.INC
                LCD_L3.20   0x0003d2    program     static C:\Users\flexy\Desktop\PIC Turotiales\PIC18F26K22\ASM\DS1302 LCD.X\LCD_4BIT.INC
                 LCD_L3.3   0x00038e    program     static C:\Users\flexy\Desktop\PIC Turotiales\PIC18F26K22\ASM\DS1302 LCD.X\LCD_4BIT.INC
                 LCD_L3.4   0x000392    program     static C:\Users\flexy\Desktop\PIC Turotiales\PIC18F26K22\ASM\DS1302 LCD.X\LCD_4BIT.INC
                 LCD_L3.5   0x000396    program     static C:\Users\flexy\Desktop\PIC Turotiales\PIC18F26K22\ASM\DS1302 LCD.X\LCD_4BIT.INC
                 LCD_L3.6   0x00039a    program     static C:\Users\flexy\Desktop\PIC Turotiales\PIC18F26K22\ASM\DS1302 LCD.X\LCD_4BIT.INC
                 LCD_L3.7   0x00039e    program     static C:\Users\flexy\Desktop\PIC Turotiales\PIC18F26K22\ASM\DS1302 LCD.X\LCD_4BIT.INC
                 LCD_L3.8   0x0003a2    program     static C:\Users\flexy\Desktop\PIC Turotiales\PIC18F26K22\ASM\DS1302 LCD.X\LCD_4BIT.INC
                 LCD_L3.9   0x0003a6    program     static C:\Users\flexy\Desktop\PIC Turotiales\PIC18F26K22\ASM\DS1302 LCD.X\LCD_4BIT.INC
                   LCD_L4   0x0003d6    program     static C:\Users\flexy\Desktop\PIC Turotiales\PIC18F26K22\ASM\DS1302 LCD.X\LCD_4BIT.INC
                LCD_L4.10   0x0003fa    program     static C:\Users\flexy\Desktop\PIC Turotiales\PIC18F26K22\ASM\DS1302 LCD.X\LCD_4BIT.INC
                LCD_L4.11   0x0003fe    program     static C:\Users\flexy\Desktop\PIC Turotiales\PIC18F26K22\ASM\DS1302 LCD.X\LCD_4BIT.INC
                LCD_L4.12   0x000402    program     static C:\Users\flexy\Desktop\PIC Turotiales\PIC18F26K22\ASM\DS1302 LCD.X\LCD_4BIT.INC
                LCD_L4.13   0x000406    program     static C:\Users\flexy\Desktop\PIC Turotiales\PIC18F26K22\ASM\DS1302 LCD.X\LCD_4BIT.INC
                LCD_L4.14   0x00040a    program     static C:\Users\flexy\Desktop\PIC Turotiales\PIC18F26K22\ASM\DS1302 LCD.X\LCD_4BIT.INC
                LCD_L4.15   0x00040e    program     static C:\Users\flexy\Desktop\PIC Turotiales\PIC18F26K22\ASM\DS1302 LCD.X\LCD_4BIT.INC
                LCD_L4.16   0x000412    program     static C:\Users\flexy\Desktop\PIC Turotiales\PIC18F26K22\ASM\DS1302 LCD.X\LCD_4BIT.INC
                LCD_L4.17   0x000416    program     static C:\Users\flexy\Desktop\PIC Turotiales\PIC18F26K22\ASM\DS1302 LCD.X\LCD_4BIT.INC
                LCD_L4.18   0x00041a    program     static C:\Users\flexy\Desktop\PIC Turotiales\PIC18F26K22\ASM\DS1302 LCD.X\LCD_4BIT.INC
                LCD_L4.19   0x00041e    program     static C:\Users\flexy\Desktop\PIC Turotiales\PIC18F26K22\ASM\DS1302 LCD.X\LCD_4BIT.INC
                 LCD_L4.2   0x0003da    program     static C:\Users\flexy\Desktop\PIC Turotiales\PIC18F26K22\ASM\DS1302 LCD.X\LCD_4BIT.INC
                LCD_L4.20   0x000422    program     static C:\Users\flexy\Desktop\PIC Turotiales\PIC18F26K22\ASM\DS1302 LCD.X\LCD_4BIT.INC
                 LCD_L4.3   0x0003de    program     static C:\Users\flexy\Desktop\PIC Turotiales\PIC18F26K22\ASM\DS1302 LCD.X\LCD_4BIT.INC
                 LCD_L4.4   0x0003e2    program     static C:\Users\flexy\Desktop\PIC Turotiales\PIC18F26K22\ASM\DS1302 LCD.X\LCD_4BIT.INC
                 LCD_L4.5   0x0003e6    program     static C:\Users\flexy\Desktop\PIC Turotiales\PIC18F26K22\ASM\DS1302 LCD.X\LCD_4BIT.INC
                 LCD_L4.6   0x0003ea    program     static C:\Users\flexy\Desktop\PIC Turotiales\PIC18F26K22\ASM\DS1302 LCD.X\LCD_4BIT.INC
                 LCD_L4.7   0x0003ee    program     static C:\Users\flexy\Desktop\PIC Turotiales\PIC18F26K22\ASM\DS1302 LCD.X\LCD_4BIT.INC
                 LCD_L4.8   0x0003f2    program     static C:\Users\flexy\Desktop\PIC Turotiales\PIC18F26K22\ASM\DS1302 LCD.X\LCD_4BIT.INC
                 LCD_L4.9   0x0003f6    program     static C:\Users\flexy\Desktop\PIC Turotiales\PIC18F26K22\ASM\DS1302 LCD.X\LCD_4BIT.INC
          LCD_LINEA_CLEAR   0x0004c6    program     static C:\Users\flexy\Desktop\PIC Turotiales\PIC18F26K22\ASM\DS1302 LCD.X\LCD_4BIT.INC
               LCD_Nibble   0x0004f6    program     static C:\Users\flexy\Desktop\PIC Turotiales\PIC18F26K22\ASM\DS1302 LCD.X\LCD_4BIT.INC
                  LCD_OFF   0x00042e    program     static C:\Users\flexy\Desktop\PIC Turotiales\PIC18F26K22\ASM\DS1302 LCD.X\LCD_4BIT.INC
       LCD_PosicionLinea1   0x000426    program     static C:\Users\flexy\Desktop\PIC Turotiales\PIC18F26K22\ASM\DS1302 LCD.X\LCD_4BIT.INC
       LCD_PosicionLinea2   0x00042a    program     static C:\Users\flexy\Desktop\PIC Turotiales\PIC18F26K22\ASM\DS1302 LCD.X\LCD_4BIT.INC
           LCD_SEND_WHITE   0x0004ca    program     static C:\Users\flexy\Desktop\PIC Turotiales\PIC18F26K22\ASM\DS1302 LCD.X\LCD_4BIT.INC
        LCD_VisualizaAlto   0x0004ee    program     static C:\Users\flexy\Desktop\PIC Turotiales\PIC18F26K22\ASM\DS1302 LCD.X\LCD_4BIT.INC
        LCD_VisualizaBajo   0x0004f4    program     static C:\Users\flexy\Desktop\PIC Turotiales\PIC18F26K22\ASM\DS1302 LCD.X\LCD_4BIT.INC
                LCD_WRITE   0x00035a    program     static C:\Users\flexy\Desktop\PIC Turotiales\PIC18F26K22\ASM\DS1302 LCD.X\LCD_4BIT.INC
            LEER_SEGUNDOS   0x0000ba    program     static C:\Users\flexy\Desktop\PIC Turotiales\PIC18F26K22\ASM\DS1302 LCD.X\MAIN.asm
                MENSAJE_1   0x000150    program     static C:\Users\flexy\Desktop\PIC Turotiales\PIC18F26K22\ASM\DS1302 LCD.X\MAIN.asm
                PRINCIPAL   0x00006c    program     static C:\Users\flexy\Desktop\PIC Turotiales\PIC18F26K22\ASM\DS1302 LCD.X\MAIN.asm
                 RETARDOS   0x000230    program     static C:\Users\flexy\Desktop\PIC Turotiales\PIC18F26K22\ASM\DS1302 LCD.X\RETARDOS.INC
                RET_100ms   0x000262    program     static C:\Users\flexy\Desktop\PIC Turotiales\PIC18F26K22\ASM\DS1302 LCD.X\RETARDOS.INC
                RET_100us   0x000220    program     static C:\Users\flexy\Desktop\PIC Turotiales\PIC18F26K22\ASM\DS1302 LCD.X\RETARDOS.INC
                 RET_10ms   0x00024a    program     static C:\Users\flexy\Desktop\PIC Turotiales\PIC18F26K22\ASM\DS1302 LCD.X\RETARDOS.INC
                  RET_1ms   0x00025a    program     static C:\Users\flexy\Desktop\PIC Turotiales\PIC18F26K22\ASM\DS1302 LCD.X\RETARDOS.INC
                   RET_1s   0x000290    program     static C:\Users\flexy\Desktop\PIC Turotiales\PIC18F26K22\ASM\DS1302 LCD.X\RETARDOS.INC
                RET_500ms   0x00026a    program     static C:\Users\flexy\Desktop\PIC Turotiales\PIC18F26K22\ASM\DS1302 LCD.X\RETARDOS.INC
                  RET_5ms   0x000252    program     static C:\Users\flexy\Desktop\PIC Turotiales\PIC18F26K22\ASM\DS1302 LCD.X\RETARDOS.INC
              RET_BOTONES   0x0001aa    program     static C:\Users\flexy\Desktop\PIC Turotiales\PIC18F26K22\ASM\DS1302 LCD.X\RETARDOS.INC
               RET_X100ms   0x0001e4    program     static C:\Users\flexy\Desktop\PIC Turotiales\PIC18F26K22\ASM\DS1302 LCD.X\RETARDOS.INC
                RET_X10ms   0x0001f8    program     static C:\Users\flexy\Desktop\PIC Turotiales\PIC18F26K22\ASM\DS1302 LCD.X\RETARDOS.INC
                  RET_X1s   0x0001d0    program     static C:\Users\flexy\Desktop\PIC Turotiales\PIC18F26K22\ASM\DS1302 LCD.X\RETARDOS.INC
                  RET_Xms   0x00020c    program     static C:\Users\flexy\Desktop\PIC Turotiales\PIC18F26K22\ASM\DS1302 LCD.X\RETARDOS.INC
             SENDING_TEXT   0x000160    program     static C:\Users\flexy\Desktop\PIC Turotiales\PIC18F26K22\ASM\DS1302 LCD.X\MAIN.asm
               SET_CURSOR   0x000444    program     static C:\Users\flexy\Desktop\PIC Turotiales\PIC18F26K22\ASM\DS1302 LCD.X\LCD_4BIT.INC
                 SPI_DATA   0x000110    program     static C:\Users\flexy\Desktop\PIC Turotiales\PIC18F26K22\ASM\DS1302 LCD.X\MAIN.asm
            SUMA_CENTENAS   0x0002e8    program     static C:\Users\flexy\Desktop\PIC Turotiales\PIC18F26K22\ASM\DS1302 LCD.X\LCD_4BIT.INC
             SUMA_DECENAS   0x0002fe    program     static C:\Users\flexy\Desktop\PIC Turotiales\PIC18F26K22\ASM\DS1302 LCD.X\LCD_4BIT.INC
            SUMA_UNIDADES   0x000306    program     static C:\Users\flexy\Desktop\PIC Turotiales\PIC18F26K22\ASM\DS1302 LCD.X\LCD_4BIT.INC
               S_CENTENAS   0x0002da    program     static C:\Users\flexy\Desktop\PIC Turotiales\PIC18F26K22\ASM\DS1302 LCD.X\LCD_4BIT.INC
                S_DECENAS   0x0002f0    program     static C:\Users\flexy\Desktop\PIC Turotiales\PIC18F26K22\ASM\DS1302 LCD.X\LCD_4BIT.INC
                    TEXTS   0x00016a    program     static C:\Users\flexy\Desktop\PIC Turotiales\PIC18F26K22\ASM\DS1302 LCD.X\MAIN.asm
                    TXT_1   0x000172    program     static C:\Users\flexy\Desktop\PIC Turotiales\PIC18F26K22\ASM\DS1302 LCD.X\MAIN.asm
                    TXT_2   0x000188    program     static C:\Users\flexy\Desktop\PIC Turotiales\PIC18F26K22\ASM\DS1302 LCD.X\MAIN.asm
                 WAIT_SPI   0x000146    program     static C:\Users\flexy\Desktop\PIC Turotiales\PIC18F26K22\ASM\DS1302 LCD.X\MAIN.asm



                              Symbols - Sorted by Address
                     Name    Address   Location    Storage File                     
                ---------  ---------  ---------  --------- ---------                
           BAJA_PRIORIDAD   0x000018    program     static C:\Users\flexy\Desktop\PIC Turotiales\PIC18F26K22\ASM\DS1302 LCD.X\MAIN.asm
                FIN_INTER   0x000022    program     static C:\Users\flexy\Desktop\PIC Turotiales\PIC18F26K22\ASM\DS1302 LCD.X\MAIN.asm
           ALTA_PRIORIDAD   0x00002e    program     static C:\Users\flexy\Desktop\PIC Turotiales\PIC18F26K22\ASM\DS1302 LCD.X\MAIN.asm
                   INICIO   0x000032    program     static C:\Users\flexy\Desktop\PIC Turotiales\PIC18F26K22\ASM\DS1302 LCD.X\MAIN.asm
                PRINCIPAL   0x00006c    program     static C:\Users\flexy\Desktop\PIC Turotiales\PIC18F26K22\ASM\DS1302 LCD.X\MAIN.asm
            LEER_SEGUNDOS   0x0000ba    program     static C:\Users\flexy\Desktop\PIC Turotiales\PIC18F26K22\ASM\DS1302 LCD.X\MAIN.asm
        ESCRIBIR_SEGUNDOS   0x0000d4    program     static C:\Users\flexy\Desktop\PIC Turotiales\PIC18F26K22\ASM\DS1302 LCD.X\MAIN.asm
         ESCRIBIR_MINUTOS   0x0000e8    program     static C:\Users\flexy\Desktop\PIC Turotiales\PIC18F26K22\ASM\DS1302 LCD.X\MAIN.asm
           ESCRIBIR_HORAS   0x0000fc    program     static C:\Users\flexy\Desktop\PIC Turotiales\PIC18F26K22\ASM\DS1302 LCD.X\MAIN.asm
                 SPI_DATA   0x000110    program     static C:\Users\flexy\Desktop\PIC Turotiales\PIC18F26K22\ASM\DS1302 LCD.X\MAIN.asm
                 INVERTIR   0x000112    program     static C:\Users\flexy\Desktop\PIC Turotiales\PIC18F26K22\ASM\DS1302 LCD.X\MAIN.asm
                 WAIT_SPI   0x000146    program     static C:\Users\flexy\Desktop\PIC Turotiales\PIC18F26K22\ASM\DS1302 LCD.X\MAIN.asm
                MENSAJE_1   0x000150    program     static C:\Users\flexy\Desktop\PIC Turotiales\PIC18F26K22\ASM\DS1302 LCD.X\MAIN.asm
             SENDING_TEXT   0x000160    program     static C:\Users\flexy\Desktop\PIC Turotiales\PIC18F26K22\ASM\DS1302 LCD.X\MAIN.asm
                    TEXTS   0x00016a    program     static C:\Users\flexy\Desktop\PIC Turotiales\PIC18F26K22\ASM\DS1302 LCD.X\MAIN.asm
                    TXT_1   0x000172    program     static C:\Users\flexy\Desktop\PIC Turotiales\PIC18F26K22\ASM\DS1302 LCD.X\MAIN.asm
                    TXT_2   0x000188    program     static C:\Users\flexy\Desktop\PIC Turotiales\PIC18F26K22\ASM\DS1302 LCD.X\MAIN.asm
           CONFIG_RETARDO   0x00019e    program     static C:\Users\flexy\Desktop\PIC Turotiales\PIC18F26K22\ASM\DS1302 LCD.X\RETARDOS.INC
              RET_BOTONES   0x0001aa    program     static C:\Users\flexy\Desktop\PIC Turotiales\PIC18F26K22\ASM\DS1302 LCD.X\RETARDOS.INC
                  RET_X1s   0x0001d0    program     static C:\Users\flexy\Desktop\PIC Turotiales\PIC18F26K22\ASM\DS1302 LCD.X\RETARDOS.INC
               RET_X100ms   0x0001e4    program     static C:\Users\flexy\Desktop\PIC Turotiales\PIC18F26K22\ASM\DS1302 LCD.X\RETARDOS.INC
                RET_X10ms   0x0001f8    program     static C:\Users\flexy\Desktop\PIC Turotiales\PIC18F26K22\ASM\DS1302 LCD.X\RETARDOS.INC
                  RET_Xms   0x00020c    program     static C:\Users\flexy\Desktop\PIC Turotiales\PIC18F26K22\ASM\DS1302 LCD.X\RETARDOS.INC
                RET_100us   0x000220    program     static C:\Users\flexy\Desktop\PIC Turotiales\PIC18F26K22\ASM\DS1302 LCD.X\RETARDOS.INC
                 RETARDOS   0x000230    program     static C:\Users\flexy\Desktop\PIC Turotiales\PIC18F26K22\ASM\DS1302 LCD.X\RETARDOS.INC
            CICLO_RETARDO   0x00023a    program     static C:\Users\flexy\Desktop\PIC Turotiales\PIC18F26K22\ASM\DS1302 LCD.X\RETARDOS.INC
                 RET_10ms   0x00024a    program     static C:\Users\flexy\Desktop\PIC Turotiales\PIC18F26K22\ASM\DS1302 LCD.X\RETARDOS.INC
                  RET_5ms   0x000252    program     static C:\Users\flexy\Desktop\PIC Turotiales\PIC18F26K22\ASM\DS1302 LCD.X\RETARDOS.INC
                  RET_1ms   0x00025a    program     static C:\Users\flexy\Desktop\PIC Turotiales\PIC18F26K22\ASM\DS1302 LCD.X\RETARDOS.INC
                RET_100ms   0x000262    program     static C:\Users\flexy\Desktop\PIC Turotiales\PIC18F26K22\ASM\DS1302 LCD.X\RETARDOS.INC
                RET_500ms   0x00026a    program     static C:\Users\flexy\Desktop\PIC Turotiales\PIC18F26K22\ASM\DS1302 LCD.X\RETARDOS.INC
                   RET_1s   0x000290    program     static C:\Users\flexy\Desktop\PIC Turotiales\PIC18F26K22\ASM\DS1302 LCD.X\RETARDOS.INC
           CONVERSION_BIN   0x000298    program     static C:\Users\flexy\Desktop\PIC Turotiales\PIC18F26K22\ASM\DS1302 LCD.X\LCD_4BIT.INC
              BS_CENTENAS   0x0002a0    program     static C:\Users\flexy\Desktop\PIC Turotiales\PIC18F26K22\ASM\DS1302 LCD.X\LCD_4BIT.INC
           BSUMA_CENTENAS   0x0002ae    program     static C:\Users\flexy\Desktop\PIC Turotiales\PIC18F26K22\ASM\DS1302 LCD.X\LCD_4BIT.INC
               BS_DECENAS   0x0002b6    program     static C:\Users\flexy\Desktop\PIC Turotiales\PIC18F26K22\ASM\DS1302 LCD.X\LCD_4BIT.INC
            BSUMA_DECENAS   0x0002c4    program     static C:\Users\flexy\Desktop\PIC Turotiales\PIC18F26K22\ASM\DS1302 LCD.X\LCD_4BIT.INC
           BSUMA_UNIDADES   0x0002cc    program     static C:\Users\flexy\Desktop\PIC Turotiales\PIC18F26K22\ASM\DS1302 LCD.X\LCD_4BIT.INC
           CONVERSION_BCD   0x0002d2    program     static C:\Users\flexy\Desktop\PIC Turotiales\PIC18F26K22\ASM\DS1302 LCD.X\LCD_4BIT.INC
               S_CENTENAS   0x0002da    program     static C:\Users\flexy\Desktop\PIC Turotiales\PIC18F26K22\ASM\DS1302 LCD.X\LCD_4BIT.INC
            SUMA_CENTENAS   0x0002e8    program     static C:\Users\flexy\Desktop\PIC Turotiales\PIC18F26K22\ASM\DS1302 LCD.X\LCD_4BIT.INC
                S_DECENAS   0x0002f0    program     static C:\Users\flexy\Desktop\PIC Turotiales\PIC18F26K22\ASM\DS1302 LCD.X\LCD_4BIT.INC
             SUMA_DECENAS   0x0002fe    program     static C:\Users\flexy\Desktop\PIC Turotiales\PIC18F26K22\ASM\DS1302 LCD.X\LCD_4BIT.INC
            SUMA_UNIDADES   0x000306    program     static C:\Users\flexy\Desktop\PIC Turotiales\PIC18F26K22\ASM\DS1302 LCD.X\LCD_4BIT.INC
                  INI_LCD   0x000314    program     static C:\Users\flexy\Desktop\PIC Turotiales\PIC18F26K22\ASM\DS1302 LCD.X\LCD_4BIT.INC
                LCD_WRITE   0x00035a    program     static C:\Users\flexy\Desktop\PIC Turotiales\PIC18F26K22\ASM\DS1302 LCD.X\LCD_4BIT.INC
           LCD_CursorIncr   0x00036e    program     static C:\Users\flexy\Desktop\PIC Turotiales\PIC18F26K22\ASM\DS1302 LCD.X\LCD_4BIT.INC
                 LCD_CTMP   0x000372    program     static C:\Users\flexy\Desktop\PIC Turotiales\PIC18F26K22\ASM\DS1302 LCD.X\LCD_4BIT.INC
               LCD_L1MENU   0x000376    program     static C:\Users\flexy\Desktop\PIC Turotiales\PIC18F26K22\ASM\DS1302 LCD.X\LCD_4BIT.INC
               LCD_L2MENU   0x00037a    program     static C:\Users\flexy\Desktop\PIC Turotiales\PIC18F26K22\ASM\DS1302 LCD.X\LCD_4BIT.INC
                   LCD_L1   0x00037e    program     static C:\Users\flexy\Desktop\PIC Turotiales\PIC18F26K22\ASM\DS1302 LCD.X\LCD_4BIT.INC
                   LCD_L2   0x000382    program     static C:\Users\flexy\Desktop\PIC Turotiales\PIC18F26K22\ASM\DS1302 LCD.X\LCD_4BIT.INC
                   LCD_L3   0x000386    program     static C:\Users\flexy\Desktop\PIC Turotiales\PIC18F26K22\ASM\DS1302 LCD.X\LCD_4BIT.INC
                 LCD_L3.2   0x00038a    program     static C:\Users\flexy\Desktop\PIC Turotiales\PIC18F26K22\ASM\DS1302 LCD.X\LCD_4BIT.INC
                 LCD_L3.3   0x00038e    program     static C:\Users\flexy\Desktop\PIC Turotiales\PIC18F26K22\ASM\DS1302 LCD.X\LCD_4BIT.INC
                 LCD_L3.4   0x000392    program     static C:\Users\flexy\Desktop\PIC Turotiales\PIC18F26K22\ASM\DS1302 LCD.X\LCD_4BIT.INC
                 LCD_L3.5   0x000396    program     static C:\Users\flexy\Desktop\PIC Turotiales\PIC18F26K22\ASM\DS1302 LCD.X\LCD_4BIT.INC
                 LCD_L3.6   0x00039a    program     static C:\Users\flexy\Desktop\PIC Turotiales\PIC18F26K22\ASM\DS1302 LCD.X\LCD_4BIT.INC
                 LCD_L3.7   0x00039e    program     static C:\Users\flexy\Desktop\PIC Turotiales\PIC18F26K22\ASM\DS1302 LCD.X\LCD_4BIT.INC
                 LCD_L3.8   0x0003a2    program     static C:\Users\flexy\Desktop\PIC Turotiales\PIC18F26K22\ASM\DS1302 LCD.X\LCD_4BIT.INC
                 LCD_L3.9   0x0003a6    program     static C:\Users\flexy\Desktop\PIC Turotiales\PIC18F26K22\ASM\DS1302 LCD.X\LCD_4BIT.INC
                LCD_L3.10   0x0003aa    program     static C:\Users\flexy\Desktop\PIC Turotiales\PIC18F26K22\ASM\DS1302 LCD.X\LCD_4BIT.INC
                LCD_L3.11   0x0003ae    program     static C:\Users\flexy\Desktop\PIC Turotiales\PIC18F26K22\ASM\DS1302 LCD.X\LCD_4BIT.INC
                LCD_L3.12   0x0003b2    program     static C:\Users\flexy\Desktop\PIC Turotiales\PIC18F26K22\ASM\DS1302 LCD.X\LCD_4BIT.INC
                LCD_L3.13   0x0003b6    program     static C:\Users\flexy\Desktop\PIC Turotiales\PIC18F26K22\ASM\DS1302 LCD.X\LCD_4BIT.INC
                LCD_L3.14   0x0003ba    program     static C:\Users\flexy\Desktop\PIC Turotiales\PIC18F26K22\ASM\DS1302 LCD.X\LCD_4BIT.INC
                LCD_L3.15   0x0003be    program     static C:\Users\flexy\Desktop\PIC Turotiales\PIC18F26K22\ASM\DS1302 LCD.X\LCD_4BIT.INC
                LCD_L3.16   0x0003c2    program     static C:\Users\flexy\Desktop\PIC Turotiales\PIC18F26K22\ASM\DS1302 LCD.X\LCD_4BIT.INC
                LCD_L3.17   0x0003c6    program     static C:\Users\flexy\Desktop\PIC Turotiales\PIC18F26K22\ASM\DS1302 LCD.X\LCD_4BIT.INC
                LCD_L3.18   0x0003ca    program     static C:\Users\flexy\Desktop\PIC Turotiales\PIC18F26K22\ASM\DS1302 LCD.X\LCD_4BIT.INC
                LCD_L3.19   0x0003ce    program     static C:\Users\flexy\Desktop\PIC Turotiales\PIC18F26K22\ASM\DS1302 LCD.X\LCD_4BIT.INC
                LCD_L3.20   0x0003d2    program     static C:\Users\flexy\Desktop\PIC Turotiales\PIC18F26K22\ASM\DS1302 LCD.X\LCD_4BIT.INC
                   LCD_L4   0x0003d6    program     static C:\Users\flexy\Desktop\PIC Turotiales\PIC18F26K22\ASM\DS1302 LCD.X\LCD_4BIT.INC
                 LCD_L4.2   0x0003da    program     static C:\Users\flexy\Desktop\PIC Turotiales\PIC18F26K22\ASM\DS1302 LCD.X\LCD_4BIT.INC
                 LCD_L4.3   0x0003de    program     static C:\Users\flexy\Desktop\PIC Turotiales\PIC18F26K22\ASM\DS1302 LCD.X\LCD_4BIT.INC
                 LCD_L4.4   0x0003e2    program     static C:\Users\flexy\Desktop\PIC Turotiales\PIC18F26K22\ASM\DS1302 LCD.X\LCD_4BIT.INC
                 LCD_L4.5   0x0003e6    program     static C:\Users\flexy\Desktop\PIC Turotiales\PIC18F26K22\ASM\DS1302 LCD.X\LCD_4BIT.INC
                 LCD_L4.6   0x0003ea    program     static C:\Users\flexy\Desktop\PIC Turotiales\PIC18F26K22\ASM\DS1302 LCD.X\LCD_4BIT.INC
                 LCD_L4.7   0x0003ee    program     static C:\Users\flexy\Desktop\PIC Turotiales\PIC18F26K22\ASM\DS1302 LCD.X\LCD_4BIT.INC
                 LCD_L4.8   0x0003f2    program     static C:\Users\flexy\Desktop\PIC Turotiales\PIC18F26K22\ASM\DS1302 LCD.X\LCD_4BIT.INC
                 LCD_L4.9   0x0003f6    program     static C:\Users\flexy\Desktop\PIC Turotiales\PIC18F26K22\ASM\DS1302 LCD.X\LCD_4BIT.INC
                LCD_L4.10   0x0003fa    program     static C:\Users\flexy\Desktop\PIC Turotiales\PIC18F26K22\ASM\DS1302 LCD.X\LCD_4BIT.INC
                LCD_L4.11   0x0003fe    program     static C:\Users\flexy\Desktop\PIC Turotiales\PIC18F26K22\ASM\DS1302 LCD.X\LCD_4BIT.INC
                LCD_L4.12   0x000402    program     static C:\Users\flexy\Desktop\PIC Turotiales\PIC18F26K22\ASM\DS1302 LCD.X\LCD_4BIT.INC
                LCD_L4.13   0x000406    program     static C:\Users\flexy\Desktop\PIC Turotiales\PIC18F26K22\ASM\DS1302 LCD.X\LCD_4BIT.INC
                LCD_L4.14   0x00040a    program     static C:\Users\flexy\Desktop\PIC Turotiales\PIC18F26K22\ASM\DS1302 LCD.X\LCD_4BIT.INC
                LCD_L4.15   0x00040e    program     static C:\Users\flexy\Desktop\PIC Turotiales\PIC18F26K22\ASM\DS1302 LCD.X\LCD_4BIT.INC
                LCD_L4.16   0x000412    program     static C:\Users\flexy\Desktop\PIC Turotiales\PIC18F26K22\ASM\DS1302 LCD.X\LCD_4BIT.INC
                LCD_L4.17   0x000416    program     static C:\Users\flexy\Desktop\PIC Turotiales\PIC18F26K22\ASM\DS1302 LCD.X\LCD_4BIT.INC
                LCD_L4.18   0x00041a    program     static C:\Users\flexy\Desktop\PIC Turotiales\PIC18F26K22\ASM\DS1302 LCD.X\LCD_4BIT.INC
                LCD_L4.19   0x00041e    program     static C:\Users\flexy\Desktop\PIC Turotiales\PIC18F26K22\ASM\DS1302 LCD.X\LCD_4BIT.INC
                LCD_L4.20   0x000422    program     static C:\Users\flexy\Desktop\PIC Turotiales\PIC18F26K22\ASM\DS1302 LCD.X\LCD_4BIT.INC
       LCD_PosicionLinea1   0x000426    program     static C:\Users\flexy\Desktop\PIC Turotiales\PIC18F26K22\ASM\DS1302 LCD.X\LCD_4BIT.INC
       LCD_PosicionLinea2   0x00042a    program     static C:\Users\flexy\Desktop\PIC Turotiales\PIC18F26K22\ASM\DS1302 LCD.X\LCD_4BIT.INC
                  LCD_OFF   0x00042e    program     static C:\Users\flexy\Desktop\PIC Turotiales\PIC18F26K22\ASM\DS1302 LCD.X\LCD_4BIT.INC
                 LCD_C_ON   0x000432    program     static C:\Users\flexy\Desktop\PIC Turotiales\PIC18F26K22\ASM\DS1302 LCD.X\LCD_4BIT.INC
                LCD_C_OFF   0x000436    program     static C:\Users\flexy\Desktop\PIC Turotiales\PIC18F26K22\ASM\DS1302 LCD.X\LCD_4BIT.INC
                LCD_CLEAR   0x00043a    program     static C:\Users\flexy\Desktop\PIC Turotiales\PIC18F26K22\ASM\DS1302 LCD.X\LCD_4BIT.INC
      LCD_2Lineas4Bits5x7   0x00043e    program     static C:\Users\flexy\Desktop\PIC Turotiales\PIC18F26K22\ASM\DS1302 LCD.X\LCD_4BIT.INC
                  LCD_CMD   0x000440    program     static C:\Users\flexy\Desktop\PIC Turotiales\PIC18F26K22\ASM\DS1302 LCD.X\LCD_4BIT.INC
               SET_CURSOR   0x000444    program     static C:\Users\flexy\Desktop\PIC Turotiales\PIC18F26K22\ASM\DS1302 LCD.X\LCD_4BIT.INC
           LCD_CURSOR_BON   0x000446    program     static C:\Users\flexy\Desktop\PIC Turotiales\PIC18F26K22\ASM\DS1302 LCD.X\LCD_4BIT.INC
              ENVIAR_DATO   0x00044a    program     static C:\Users\flexy\Desktop\PIC Turotiales\PIC18F26K22\ASM\DS1302 LCD.X\LCD_4BIT.INC
                LCD_Envia   0x000450    program     static C:\Users\flexy\Desktop\PIC Turotiales\PIC18F26K22\ASM\DS1302 LCD.X\LCD_4BIT.INC
          LCD_CodigoCGROM   0x000468    program     static C:\Users\flexy\Desktop\PIC Turotiales\PIC18F26K22\ASM\DS1302 LCD.X\LCD_4BIT.INC
        LCD_EnheMinuscula   0x00046a    program     static C:\Users\flexy\Desktop\PIC Turotiales\PIC18F26K22\ASM\DS1302 LCD.X\LCD_4BIT.INC
        LCD_EnheMayuscula   0x00047a    program     static C:\Users\flexy\Desktop\PIC Turotiales\PIC18F26K22\ASM\DS1302 LCD.X\LCD_4BIT.INC
                LCD_Grado   0x00048c    program     static C:\Users\flexy\Desktop\PIC Turotiales\PIC18F26K22\ASM\DS1302 LCD.X\LCD_4BIT.INC
             LCD_FinCGROM   0x00049a    program     static C:\Users\flexy\Desktop\PIC Turotiales\PIC18F26K22\ASM\DS1302 LCD.X\LCD_4BIT.INC
             LCD_CLEAR_L1   0x00049e    program     static C:\Users\flexy\Desktop\PIC Turotiales\PIC18F26K22\ASM\DS1302 LCD.X\LCD_4BIT.INC
             LCD_CLEAR_L2   0x0004a8    program     static C:\Users\flexy\Desktop\PIC Turotiales\PIC18F26K22\ASM\DS1302 LCD.X\LCD_4BIT.INC
             LCD_CLEAR_L3   0x0004b2    program     static C:\Users\flexy\Desktop\PIC Turotiales\PIC18F26K22\ASM\DS1302 LCD.X\LCD_4BIT.INC
             LCD_CLEAR_L4   0x0004bc    program     static C:\Users\flexy\Desktop\PIC Turotiales\PIC18F26K22\ASM\DS1302 LCD.X\LCD_4BIT.INC
          LCD_LINEA_CLEAR   0x0004c6    program     static C:\Users\flexy\Desktop\PIC Turotiales\PIC18F26K22\ASM\DS1302 LCD.X\LCD_4BIT.INC
           LCD_SEND_WHITE   0x0004ca    program     static C:\Users\flexy\Desktop\PIC Turotiales\PIC18F26K22\ASM\DS1302 LCD.X\LCD_4BIT.INC
                 LCD_Byte   0x0004d8    program     static C:\Users\flexy\Desktop\PIC Turotiales\PIC18F26K22\ASM\DS1302 LCD.X\LCD_4BIT.INC
         LCD_ByteCompleto   0x0004ec    program     static C:\Users\flexy\Desktop\PIC Turotiales\PIC18F26K22\ASM\DS1302 LCD.X\LCD_4BIT.INC
        LCD_VisualizaAlto   0x0004ee    program     static C:\Users\flexy\Desktop\PIC Turotiales\PIC18F26K22\ASM\DS1302 LCD.X\LCD_4BIT.INC
        LCD_VisualizaBajo   0x0004f4    program     static C:\Users\flexy\Desktop\PIC Turotiales\PIC18F26K22\ASM\DS1302 LCD.X\LCD_4BIT.INC
               LCD_Nibble   0x0004f6    program     static C:\Users\flexy\Desktop\PIC Turotiales\PIC18F26K22\ASM\DS1302 LCD.X\LCD_4BIT.INC
       LCD_EnviaByteLetra   0x00050a    program     static C:\Users\flexy\Desktop\PIC Turotiales\PIC18F26K22\ASM\DS1302 LCD.X\LCD_4BIT.INC
   LCD_FinVisualizaDigito   0x00050e    program     static C:\Users\flexy\Desktop\PIC Turotiales\PIC18F26K22\ASM\DS1302 LCD.X\LCD_4BIT.INC


