MPLINK 5.09, LINKER
Linker Map File - Created Mon Jun 20 01:41:21 2022

                                 Section Info
                  Section       Type    Address   Location Size(Bytes)
                ---------  ---------  ---------  ---------  ---------
                   .org_0       code   0x000000    program   0x000004
                   .cinit    romdata   0x000004    program   0x000002
                   .org_1       code   0x000008    program   0x000004
                   .org_2       code   0x000018    program   0x0001e0
.config_300001_BUILD/DEFAULT/PRODUCTION/MAINISR    romdata   0x300001    program   0x000001
.config_300002_BUILD/DEFAULT/PRODUCTION/MAINISR    romdata   0x300002    program   0x000001
.config_300003_BUILD/DEFAULT/PRODUCTION/MAINISR    romdata   0x300003    program   0x000001
.config_300005_BUILD/DEFAULT/PRODUCTION/MAINISR    romdata   0x300005    program   0x000001
.config_300006_BUILD/DEFAULT/PRODUCTION/MAINISR    romdata   0x300006    program   0x000001
.config_300008_BUILD/DEFAULT/PRODUCTION/MAINISR    romdata   0x300008    program   0x000001
.config_300009_BUILD/DEFAULT/PRODUCTION/MAINISR    romdata   0x300009    program   0x000001
.config_30000A_BUILD/DEFAULT/PRODUCTION/MAINISR    romdata   0x30000a    program   0x000001
.config_30000B_BUILD/DEFAULT/PRODUCTION/MAINISR    romdata   0x30000b    program   0x000001
.config_30000C_BUILD/DEFAULT/PRODUCTION/MAINISR    romdata   0x30000c    program   0x000001
.config_30000D_BUILD/DEFAULT/PRODUCTION/MAINISR    romdata   0x30000d    program   0x000001



                              Program Memory Usage 
                               Start         End      
                           ---------   ---------      
                            0x000000    0x000005      
                            0x000008    0x00000b      
                            0x000018    0x0001f7      
                            0x300001    0x300003      
                            0x300005    0x300006      
                            0x300008    0x30000d      
            501 out of 66584 program addresses used, program memory utilization is 0%



                              Symbols - Sorted by Name
                     Name    Address   Location    Storage File                     
                ---------  ---------  ---------  --------- ---------                
           ALTA_PRIORIDAD   0x00003a    program     static C:\Users\flexy\Desktop\PIC Turotiales\PIC18F26K22\ASM\ISR RB0.X\MAINISR.asm
           BAJA_PRIORIDAD   0x000018    program     static C:\Users\flexy\Desktop\PIC Turotiales\PIC18F26K22\ASM\ISR RB0.X\MAINISR.asm
            CICLO_RETARDO   0x000192    program     static C:\Users\flexy\Desktop\PIC Turotiales\PIC18F26K22\ASM\ISR RB0.X\RETARDOS.INC
           CONFIG_RETARDO   0x0000f6    program     static C:\Users\flexy\Desktop\PIC Turotiales\PIC18F26K22\ASM\ISR RB0.X\RETARDOS.INC
                FIN_INTER   0x00002e    program     static C:\Users\flexy\Desktop\PIC Turotiales\PIC18F26K22\ASM\ISR RB0.X\MAINISR.asm
                   INICIO   0x00003e    program     static C:\Users\flexy\Desktop\PIC Turotiales\PIC18F26K22\ASM\ISR RB0.X\MAINISR.asm
              ISR_EXTERNA   0x000082    program     static C:\Users\flexy\Desktop\PIC Turotiales\PIC18F26K22\ASM\ISR RB0.X\MAINISR.asm
          MUESTRA_DISPLAY   0x0000a8    program     static C:\Users\flexy\Desktop\PIC Turotiales\PIC18F26K22\ASM\ISR RB0.X\MAINISR.asm
                PRINCIPAL   0x00007a    program     static C:\Users\flexy\Desktop\PIC Turotiales\PIC18F26K22\ASM\ISR RB0.X\MAINISR.asm
                 RETARDOS   0x000188    program     static C:\Users\flexy\Desktop\PIC Turotiales\PIC18F26K22\ASM\ISR RB0.X\RETARDOS.INC
                RET_100ms   0x0001c2    program     static C:\Users\flexy\Desktop\PIC Turotiales\PIC18F26K22\ASM\ISR RB0.X\RETARDOS.INC
                RET_100us   0x000178    program     static C:\Users\flexy\Desktop\PIC Turotiales\PIC18F26K22\ASM\ISR RB0.X\RETARDOS.INC
                 RET_10ms   0x0001aa    program     static C:\Users\flexy\Desktop\PIC Turotiales\PIC18F26K22\ASM\ISR RB0.X\RETARDOS.INC
                  RET_1ms   0x0001ba    program     static C:\Users\flexy\Desktop\PIC Turotiales\PIC18F26K22\ASM\ISR RB0.X\RETARDOS.INC
                   RET_1s   0x0001f0    program     static C:\Users\flexy\Desktop\PIC Turotiales\PIC18F26K22\ASM\ISR RB0.X\RETARDOS.INC
                RET_500ms   0x0001ca    program     static C:\Users\flexy\Desktop\PIC Turotiales\PIC18F26K22\ASM\ISR RB0.X\RETARDOS.INC
                 RET_50ms   0x0001a2    program     static C:\Users\flexy\Desktop\PIC Turotiales\PIC18F26K22\ASM\ISR RB0.X\RETARDOS.INC
                  RET_5ms   0x0001b2    program     static C:\Users\flexy\Desktop\PIC Turotiales\PIC18F26K22\ASM\ISR RB0.X\RETARDOS.INC
              RET_BOTONES   0x000102    program     static C:\Users\flexy\Desktop\PIC Turotiales\PIC18F26K22\ASM\ISR RB0.X\RETARDOS.INC
               RET_X100ms   0x00013c    program     static C:\Users\flexy\Desktop\PIC Turotiales\PIC18F26K22\ASM\ISR RB0.X\RETARDOS.INC
                RET_X10ms   0x000150    program     static C:\Users\flexy\Desktop\PIC Turotiales\PIC18F26K22\ASM\ISR RB0.X\RETARDOS.INC
                  RET_X1s   0x000128    program     static C:\Users\flexy\Desktop\PIC Turotiales\PIC18F26K22\ASM\ISR RB0.X\RETARDOS.INC
                  RET_Xms   0x000164    program     static C:\Users\flexy\Desktop\PIC Turotiales\PIC18F26K22\ASM\ISR RB0.X\RETARDOS.INC
                    TABLA   0x0000ec    program     static C:\Users\flexy\Desktop\PIC Turotiales\PIC18F26K22\ASM\ISR RB0.X\MAINISR.asm
             TABLA_NUMERO   0x0000d4    program     static C:\Users\flexy\Desktop\PIC Turotiales\PIC18F26K22\ASM\ISR RB0.X\MAINISR.asm



                              Symbols - Sorted by Address
                     Name    Address   Location    Storage File                     
                ---------  ---------  ---------  --------- ---------                
           BAJA_PRIORIDAD   0x000018    program     static C:\Users\flexy\Desktop\PIC Turotiales\PIC18F26K22\ASM\ISR RB0.X\MAINISR.asm
                FIN_INTER   0x00002e    program     static C:\Users\flexy\Desktop\PIC Turotiales\PIC18F26K22\ASM\ISR RB0.X\MAINISR.asm
           ALTA_PRIORIDAD   0x00003a    program     static C:\Users\flexy\Desktop\PIC Turotiales\PIC18F26K22\ASM\ISR RB0.X\MAINISR.asm
                   INICIO   0x00003e    program     static C:\Users\flexy\Desktop\PIC Turotiales\PIC18F26K22\ASM\ISR RB0.X\MAINISR.asm
                PRINCIPAL   0x00007a    program     static C:\Users\flexy\Desktop\PIC Turotiales\PIC18F26K22\ASM\ISR RB0.X\MAINISR.asm
              ISR_EXTERNA   0x000082    program     static C:\Users\flexy\Desktop\PIC Turotiales\PIC18F26K22\ASM\ISR RB0.X\MAINISR.asm
          MUESTRA_DISPLAY   0x0000a8    program     static C:\Users\flexy\Desktop\PIC Turotiales\PIC18F26K22\ASM\ISR RB0.X\MAINISR.asm
             TABLA_NUMERO   0x0000d4    program     static C:\Users\flexy\Desktop\PIC Turotiales\PIC18F26K22\ASM\ISR RB0.X\MAINISR.asm
                    TABLA   0x0000ec    program     static C:\Users\flexy\Desktop\PIC Turotiales\PIC18F26K22\ASM\ISR RB0.X\MAINISR.asm
           CONFIG_RETARDO   0x0000f6    program     static C:\Users\flexy\Desktop\PIC Turotiales\PIC18F26K22\ASM\ISR RB0.X\RETARDOS.INC
              RET_BOTONES   0x000102    program     static C:\Users\flexy\Desktop\PIC Turotiales\PIC18F26K22\ASM\ISR RB0.X\RETARDOS.INC
                  RET_X1s   0x000128    program     static C:\Users\flexy\Desktop\PIC Turotiales\PIC18F26K22\ASM\ISR RB0.X\RETARDOS.INC
               RET_X100ms   0x00013c    program     static C:\Users\flexy\Desktop\PIC Turotiales\PIC18F26K22\ASM\ISR RB0.X\RETARDOS.INC
                RET_X10ms   0x000150    program     static C:\Users\flexy\Desktop\PIC Turotiales\PIC18F26K22\ASM\ISR RB0.X\RETARDOS.INC
                  RET_Xms   0x000164    program     static C:\Users\flexy\Desktop\PIC Turotiales\PIC18F26K22\ASM\ISR RB0.X\RETARDOS.INC
                RET_100us   0x000178    program     static C:\Users\flexy\Desktop\PIC Turotiales\PIC18F26K22\ASM\ISR RB0.X\RETARDOS.INC
                 RETARDOS   0x000188    program     static C:\Users\flexy\Desktop\PIC Turotiales\PIC18F26K22\ASM\ISR RB0.X\RETARDOS.INC
            CICLO_RETARDO   0x000192    program     static C:\Users\flexy\Desktop\PIC Turotiales\PIC18F26K22\ASM\ISR RB0.X\RETARDOS.INC
                 RET_50ms   0x0001a2    program     static C:\Users\flexy\Desktop\PIC Turotiales\PIC18F26K22\ASM\ISR RB0.X\RETARDOS.INC
                 RET_10ms   0x0001aa    program     static C:\Users\flexy\Desktop\PIC Turotiales\PIC18F26K22\ASM\ISR RB0.X\RETARDOS.INC
                  RET_5ms   0x0001b2    program     static C:\Users\flexy\Desktop\PIC Turotiales\PIC18F26K22\ASM\ISR RB0.X\RETARDOS.INC
                  RET_1ms   0x0001ba    program     static C:\Users\flexy\Desktop\PIC Turotiales\PIC18F26K22\ASM\ISR RB0.X\RETARDOS.INC
                RET_100ms   0x0001c2    program     static C:\Users\flexy\Desktop\PIC Turotiales\PIC18F26K22\ASM\ISR RB0.X\RETARDOS.INC
                RET_500ms   0x0001ca    program     static C:\Users\flexy\Desktop\PIC Turotiales\PIC18F26K22\ASM\ISR RB0.X\RETARDOS.INC
                   RET_1s   0x0001f0    program     static C:\Users\flexy\Desktop\PIC Turotiales\PIC18F26K22\ASM\ISR RB0.X\RETARDOS.INC


