MPLINK 5.09, LINKER
Linker Map File - Created Sun Oct 11 01:12:50 2020

                                 Section Info
                  Section       Type    Address   Location Size(Bytes)
                ---------  ---------  ---------  ---------  ---------
                   .org_0       code   0x000000    program   0x000004
                   .cinit    romdata   0x000004    program   0x000002
                   .org_1       code   0x000008    program   0x000004
                   .org_2       code   0x000018    program   0x0001e8
.config_300001_BUILD/DEFAULT/PRODUCTION/MAINC99    romdata   0x300001    program   0x000001
.config_300002_BUILD/DEFAULT/PRODUCTION/MAINC99    romdata   0x300002    program   0x000001
.config_300003_BUILD/DEFAULT/PRODUCTION/MAINC99    romdata   0x300003    program   0x000001
.config_300005_BUILD/DEFAULT/PRODUCTION/MAINC99    romdata   0x300005    program   0x000001
.config_300006_BUILD/DEFAULT/PRODUCTION/MAINC99    romdata   0x300006    program   0x000001
.config_300008_BUILD/DEFAULT/PRODUCTION/MAINC99    romdata   0x300008    program   0x000001
.config_300009_BUILD/DEFAULT/PRODUCTION/MAINC99    romdata   0x300009    program   0x000001
.config_30000A_BUILD/DEFAULT/PRODUCTION/MAINC99    romdata   0x30000a    program   0x000001
.config_30000B_BUILD/DEFAULT/PRODUCTION/MAINC99    romdata   0x30000b    program   0x000001
.config_30000C_BUILD/DEFAULT/PRODUCTION/MAINC99    romdata   0x30000c    program   0x000001
.config_30000D_BUILD/DEFAULT/PRODUCTION/MAINC99    romdata   0x30000d    program   0x000001



                              Program Memory Usage 
                               Start         End      
                           ---------   ---------      
                            0x000000    0x000005      
                            0x000008    0x00000b      
                            0x000018    0x0001ff      
                            0x300001    0x300003      
                            0x300005    0x300006      
                            0x300008    0x30000d      
            509 out of 66584 program addresses used, program memory utilization is 0%



                              Symbols - Sorted by Name
                     Name    Address   Location    Storage File                     
                ---------  ---------  ---------  --------- ---------                
           ALTA_PRIORIDAD   0x00002e    program     static C:\Users\flexy\Desktop\PIC Turotiales\PIC18F26K22\ASM\CONTADOR TABLAS 0-99-0.X\MAINC99.asm
           BAJA_PRIORIDAD   0x000018    program     static C:\Users\flexy\Desktop\PIC Turotiales\PIC18F26K22\ASM\CONTADOR TABLAS 0-99-0.X\MAINC99.asm
            CICLO_RETARDO   0x00019a    program     static C:\Users\flexy\Desktop\PIC Turotiales\PIC18F26K22\ASM\CONTADOR TABLAS 0-99-0.X\RETARDOS.INC
           CONFIG_RETARDO   0x0000fe    program     static C:\Users\flexy\Desktop\PIC Turotiales\PIC18F26K22\ASM\CONTADOR TABLAS 0-99-0.X\RETARDOS.INC
       CONTEO_DESCENDENTE   0x00008c    program     static C:\Users\flexy\Desktop\PIC Turotiales\PIC18F26K22\ASM\CONTADOR TABLAS 0-99-0.X\MAINC99.asm
                FIN_INTER   0x000022    program     static C:\Users\flexy\Desktop\PIC Turotiales\PIC18F26K22\ASM\CONTADOR TABLAS 0-99-0.X\MAINC99.asm
                   INICIO   0x000032    program     static C:\Users\flexy\Desktop\PIC Turotiales\PIC18F26K22\ASM\CONTADOR TABLAS 0-99-0.X\MAINC99.asm
          MUESTRA_DISPLAY   0x0000b0    program     static C:\Users\flexy\Desktop\PIC Turotiales\PIC18F26K22\ASM\CONTADOR TABLAS 0-99-0.X\MAINC99.asm
                PRINCIPAL   0x000066    program     static C:\Users\flexy\Desktop\PIC Turotiales\PIC18F26K22\ASM\CONTADOR TABLAS 0-99-0.X\MAINC99.asm
                  RESTART   0x00005e    program     static C:\Users\flexy\Desktop\PIC Turotiales\PIC18F26K22\ASM\CONTADOR TABLAS 0-99-0.X\MAINC99.asm
                 RETARDOS   0x000190    program     static C:\Users\flexy\Desktop\PIC Turotiales\PIC18F26K22\ASM\CONTADOR TABLAS 0-99-0.X\RETARDOS.INC
                RET_100ms   0x0001ca    program     static C:\Users\flexy\Desktop\PIC Turotiales\PIC18F26K22\ASM\CONTADOR TABLAS 0-99-0.X\RETARDOS.INC
                RET_100us   0x000180    program     static C:\Users\flexy\Desktop\PIC Turotiales\PIC18F26K22\ASM\CONTADOR TABLAS 0-99-0.X\RETARDOS.INC
                 RET_10ms   0x0001b2    program     static C:\Users\flexy\Desktop\PIC Turotiales\PIC18F26K22\ASM\CONTADOR TABLAS 0-99-0.X\RETARDOS.INC
                  RET_1ms   0x0001c2    program     static C:\Users\flexy\Desktop\PIC Turotiales\PIC18F26K22\ASM\CONTADOR TABLAS 0-99-0.X\RETARDOS.INC
                   RET_1s   0x0001f8    program     static C:\Users\flexy\Desktop\PIC Turotiales\PIC18F26K22\ASM\CONTADOR TABLAS 0-99-0.X\RETARDOS.INC
                RET_500ms   0x0001d2    program     static C:\Users\flexy\Desktop\PIC Turotiales\PIC18F26K22\ASM\CONTADOR TABLAS 0-99-0.X\RETARDOS.INC
                 RET_50ms   0x0001aa    program     static C:\Users\flexy\Desktop\PIC Turotiales\PIC18F26K22\ASM\CONTADOR TABLAS 0-99-0.X\RETARDOS.INC
                  RET_5ms   0x0001ba    program     static C:\Users\flexy\Desktop\PIC Turotiales\PIC18F26K22\ASM\CONTADOR TABLAS 0-99-0.X\RETARDOS.INC
              RET_BOTONES   0x00010a    program     static C:\Users\flexy\Desktop\PIC Turotiales\PIC18F26K22\ASM\CONTADOR TABLAS 0-99-0.X\RETARDOS.INC
               RET_X100ms   0x000144    program     static C:\Users\flexy\Desktop\PIC Turotiales\PIC18F26K22\ASM\CONTADOR TABLAS 0-99-0.X\RETARDOS.INC
                RET_X10ms   0x000158    program     static C:\Users\flexy\Desktop\PIC Turotiales\PIC18F26K22\ASM\CONTADOR TABLAS 0-99-0.X\RETARDOS.INC
                  RET_X1s   0x000130    program     static C:\Users\flexy\Desktop\PIC Turotiales\PIC18F26K22\ASM\CONTADOR TABLAS 0-99-0.X\RETARDOS.INC
                  RET_Xms   0x00016c    program     static C:\Users\flexy\Desktop\PIC Turotiales\PIC18F26K22\ASM\CONTADOR TABLAS 0-99-0.X\RETARDOS.INC
                   TABLA1   0x0000f4    program     static C:\Users\flexy\Desktop\PIC Turotiales\PIC18F26K22\ASM\CONTADOR TABLAS 0-99-0.X\MAINC99.asm
             TABLA_NUMERO   0x0000dc    program     static C:\Users\flexy\Desktop\PIC Turotiales\PIC18F26K22\ASM\CONTADOR TABLAS 0-99-0.X\MAINC99.asm



                              Symbols - Sorted by Address
                     Name    Address   Location    Storage File                     
                ---------  ---------  ---------  --------- ---------                
           BAJA_PRIORIDAD   0x000018    program     static C:\Users\flexy\Desktop\PIC Turotiales\PIC18F26K22\ASM\CONTADOR TABLAS 0-99-0.X\MAINC99.asm
                FIN_INTER   0x000022    program     static C:\Users\flexy\Desktop\PIC Turotiales\PIC18F26K22\ASM\CONTADOR TABLAS 0-99-0.X\MAINC99.asm
           ALTA_PRIORIDAD   0x00002e    program     static C:\Users\flexy\Desktop\PIC Turotiales\PIC18F26K22\ASM\CONTADOR TABLAS 0-99-0.X\MAINC99.asm
                   INICIO   0x000032    program     static C:\Users\flexy\Desktop\PIC Turotiales\PIC18F26K22\ASM\CONTADOR TABLAS 0-99-0.X\MAINC99.asm
                  RESTART   0x00005e    program     static C:\Users\flexy\Desktop\PIC Turotiales\PIC18F26K22\ASM\CONTADOR TABLAS 0-99-0.X\MAINC99.asm
                PRINCIPAL   0x000066    program     static C:\Users\flexy\Desktop\PIC Turotiales\PIC18F26K22\ASM\CONTADOR TABLAS 0-99-0.X\MAINC99.asm
       CONTEO_DESCENDENTE   0x00008c    program     static C:\Users\flexy\Desktop\PIC Turotiales\PIC18F26K22\ASM\CONTADOR TABLAS 0-99-0.X\MAINC99.asm
          MUESTRA_DISPLAY   0x0000b0    program     static C:\Users\flexy\Desktop\PIC Turotiales\PIC18F26K22\ASM\CONTADOR TABLAS 0-99-0.X\MAINC99.asm
             TABLA_NUMERO   0x0000dc    program     static C:\Users\flexy\Desktop\PIC Turotiales\PIC18F26K22\ASM\CONTADOR TABLAS 0-99-0.X\MAINC99.asm
                   TABLA1   0x0000f4    program     static C:\Users\flexy\Desktop\PIC Turotiales\PIC18F26K22\ASM\CONTADOR TABLAS 0-99-0.X\MAINC99.asm
           CONFIG_RETARDO   0x0000fe    program     static C:\Users\flexy\Desktop\PIC Turotiales\PIC18F26K22\ASM\CONTADOR TABLAS 0-99-0.X\RETARDOS.INC
              RET_BOTONES   0x00010a    program     static C:\Users\flexy\Desktop\PIC Turotiales\PIC18F26K22\ASM\CONTADOR TABLAS 0-99-0.X\RETARDOS.INC
                  RET_X1s   0x000130    program     static C:\Users\flexy\Desktop\PIC Turotiales\PIC18F26K22\ASM\CONTADOR TABLAS 0-99-0.X\RETARDOS.INC
               RET_X100ms   0x000144    program     static C:\Users\flexy\Desktop\PIC Turotiales\PIC18F26K22\ASM\CONTADOR TABLAS 0-99-0.X\RETARDOS.INC
                RET_X10ms   0x000158    program     static C:\Users\flexy\Desktop\PIC Turotiales\PIC18F26K22\ASM\CONTADOR TABLAS 0-99-0.X\RETARDOS.INC
                  RET_Xms   0x00016c    program     static C:\Users\flexy\Desktop\PIC Turotiales\PIC18F26K22\ASM\CONTADOR TABLAS 0-99-0.X\RETARDOS.INC
                RET_100us   0x000180    program     static C:\Users\flexy\Desktop\PIC Turotiales\PIC18F26K22\ASM\CONTADOR TABLAS 0-99-0.X\RETARDOS.INC
                 RETARDOS   0x000190    program     static C:\Users\flexy\Desktop\PIC Turotiales\PIC18F26K22\ASM\CONTADOR TABLAS 0-99-0.X\RETARDOS.INC
            CICLO_RETARDO   0x00019a    program     static C:\Users\flexy\Desktop\PIC Turotiales\PIC18F26K22\ASM\CONTADOR TABLAS 0-99-0.X\RETARDOS.INC
                 RET_50ms   0x0001aa    program     static C:\Users\flexy\Desktop\PIC Turotiales\PIC18F26K22\ASM\CONTADOR TABLAS 0-99-0.X\RETARDOS.INC
                 RET_10ms   0x0001b2    program     static C:\Users\flexy\Desktop\PIC Turotiales\PIC18F26K22\ASM\CONTADOR TABLAS 0-99-0.X\RETARDOS.INC
                  RET_5ms   0x0001ba    program     static C:\Users\flexy\Desktop\PIC Turotiales\PIC18F26K22\ASM\CONTADOR TABLAS 0-99-0.X\RETARDOS.INC
                  RET_1ms   0x0001c2    program     static C:\Users\flexy\Desktop\PIC Turotiales\PIC18F26K22\ASM\CONTADOR TABLAS 0-99-0.X\RETARDOS.INC
                RET_100ms   0x0001ca    program     static C:\Users\flexy\Desktop\PIC Turotiales\PIC18F26K22\ASM\CONTADOR TABLAS 0-99-0.X\RETARDOS.INC
                RET_500ms   0x0001d2    program     static C:\Users\flexy\Desktop\PIC Turotiales\PIC18F26K22\ASM\CONTADOR TABLAS 0-99-0.X\RETARDOS.INC
                   RET_1s   0x0001f8    program     static C:\Users\flexy\Desktop\PIC Turotiales\PIC18F26K22\ASM\CONTADOR TABLAS 0-99-0.X\RETARDOS.INC


