MPLINK 5.09, LINKER
Linker Map File - Created Tue Mar 23 02:27:24 2021

                                 Section Info
                  Section       Type    Address   Location Size(Bytes)
                ---------  ---------  ---------  ---------  ---------
                   .org_0       code   0x000000    program   0x000004
                   .cinit    romdata   0x000004    program   0x000002
                   .org_1       code   0x000008    program   0x000004
                   .org_2       code   0x000018    program   0x0000be
.config_300001_BUILD/DEFAULT/PRODUCTION/MAINT0.    romdata   0x300001    program   0x000001
.config_300002_BUILD/DEFAULT/PRODUCTION/MAINT0.    romdata   0x300002    program   0x000001
.config_300003_BUILD/DEFAULT/PRODUCTION/MAINT0.    romdata   0x300003    program   0x000001
.config_300005_BUILD/DEFAULT/PRODUCTION/MAINT0.    romdata   0x300005    program   0x000001
.config_300006_BUILD/DEFAULT/PRODUCTION/MAINT0.    romdata   0x300006    program   0x000001
.config_300008_BUILD/DEFAULT/PRODUCTION/MAINT0.    romdata   0x300008    program   0x000001
.config_300009_BUILD/DEFAULT/PRODUCTION/MAINT0.    romdata   0x300009    program   0x000001
.config_30000A_BUILD/DEFAULT/PRODUCTION/MAINT0.    romdata   0x30000a    program   0x000001
.config_30000B_BUILD/DEFAULT/PRODUCTION/MAINT0.    romdata   0x30000b    program   0x000001
.config_30000C_BUILD/DEFAULT/PRODUCTION/MAINT0.    romdata   0x30000c    program   0x000001
.config_30000D_BUILD/DEFAULT/PRODUCTION/MAINT0.    romdata   0x30000d    program   0x000001



                              Program Memory Usage 
                               Start         End      
                           ---------   ---------      
                            0x000000    0x000005      
                            0x000008    0x00000b      
                            0x000018    0x0000d5      
                            0x300001    0x300003      
                            0x300005    0x300006      
                            0x300008    0x30000d      
            211 out of 66584 program addresses used, program memory utilization is 0%



                              Symbols - Sorted by Name
                     Name    Address   Location    Storage File                     
                ---------  ---------  ---------  --------- ---------                
           ALTA_PRIORIDAD   0x00002e    program     static C:\Users\flexy\Desktop\PIC Turotiales\PIC18F26K22\ASM\TIMER0.X\MAINT0.asm
           BAJA_PRIORIDAD   0x000018    program     static C:\Users\flexy\Desktop\PIC Turotiales\PIC18F26K22\ASM\TIMER0.X\MAINT0.asm
            CICLO_RETARDO   0x0000ca    program     static C:\Users\flexy\Desktop\PIC Turotiales\PIC18F26K22\ASM\TIMER0.X\MAINT0.asm
                FIN_INTER   0x000022    program     static C:\Users\flexy\Desktop\PIC Turotiales\PIC18F26K22\ASM\TIMER0.X\MAINT0.asm
                   INICIO   0x000032    program     static C:\Users\flexy\Desktop\PIC Turotiales\PIC18F26K22\ASM\TIMER0.X\MAINT0.asm
                PRINCIPAL   0x000050    program     static C:\Users\flexy\Desktop\PIC Turotiales\PIC18F26K22\ASM\TIMER0.X\MAINT0.asm
                RET_100ms   0x00005a    program     static C:\Users\flexy\Desktop\PIC Turotiales\PIC18F26K22\ASM\TIMER0.X\MAINT0.asm
                 RET_10ms   0x000096    program     static C:\Users\flexy\Desktop\PIC Turotiales\PIC18F26K22\ASM\TIMER0.X\MAINT0.asm
                  RET_1ms   0x0000be    program     static C:\Users\flexy\Desktop\PIC Turotiales\PIC18F26K22\ASM\TIMER0.X\MAINT0.asm
                 RET_33ms   0x000082    program     static C:\Users\flexy\Desktop\PIC Turotiales\PIC18F26K22\ASM\TIMER0.X\MAINT0.asm
                 RET_50ms   0x00006e    program     static C:\Users\flexy\Desktop\PIC Turotiales\PIC18F26K22\ASM\TIMER0.X\MAINT0.asm
                  RET_5ms   0x0000aa    program     static C:\Users\flexy\Desktop\PIC Turotiales\PIC18F26K22\ASM\TIMER0.X\MAINT0.asm



                              Symbols - Sorted by Address
                     Name    Address   Location    Storage File                     
                ---------  ---------  ---------  --------- ---------                
           BAJA_PRIORIDAD   0x000018    program     static C:\Users\flexy\Desktop\PIC Turotiales\PIC18F26K22\ASM\TIMER0.X\MAINT0.asm
                FIN_INTER   0x000022    program     static C:\Users\flexy\Desktop\PIC Turotiales\PIC18F26K22\ASM\TIMER0.X\MAINT0.asm
           ALTA_PRIORIDAD   0x00002e    program     static C:\Users\flexy\Desktop\PIC Turotiales\PIC18F26K22\ASM\TIMER0.X\MAINT0.asm
                   INICIO   0x000032    program     static C:\Users\flexy\Desktop\PIC Turotiales\PIC18F26K22\ASM\TIMER0.X\MAINT0.asm
                PRINCIPAL   0x000050    program     static C:\Users\flexy\Desktop\PIC Turotiales\PIC18F26K22\ASM\TIMER0.X\MAINT0.asm
                RET_100ms   0x00005a    program     static C:\Users\flexy\Desktop\PIC Turotiales\PIC18F26K22\ASM\TIMER0.X\MAINT0.asm
                 RET_50ms   0x00006e    program     static C:\Users\flexy\Desktop\PIC Turotiales\PIC18F26K22\ASM\TIMER0.X\MAINT0.asm
                 RET_33ms   0x000082    program     static C:\Users\flexy\Desktop\PIC Turotiales\PIC18F26K22\ASM\TIMER0.X\MAINT0.asm
                 RET_10ms   0x000096    program     static C:\Users\flexy\Desktop\PIC Turotiales\PIC18F26K22\ASM\TIMER0.X\MAINT0.asm
                  RET_5ms   0x0000aa    program     static C:\Users\flexy\Desktop\PIC Turotiales\PIC18F26K22\ASM\TIMER0.X\MAINT0.asm
                  RET_1ms   0x0000be    program     static C:\Users\flexy\Desktop\PIC Turotiales\PIC18F26K22\ASM\TIMER0.X\MAINT0.asm
            CICLO_RETARDO   0x0000ca    program     static C:\Users\flexy\Desktop\PIC Turotiales\PIC18F26K22\ASM\TIMER0.X\MAINT0.asm


