MPLINK 5.09, LINKER
Linker Map File - Created Thu May 27 01:47:12 2021

                                 Section Info
                  Section       Type    Address   Location Size(Bytes)
                ---------  ---------  ---------  ---------  ---------
                   .org_0       code   0x000000    program   0x000004
                   .cinit    romdata   0x000004    program   0x000002
                   .org_1       code   0x000008    program   0x000004
                   .org_2       code   0x000018    program   0x000236
.config_300001_BUILD/DEFAULT/PRODUCTION/MSERVO.    romdata   0x300001    program   0x000001
.config_300002_BUILD/DEFAULT/PRODUCTION/MSERVO.    romdata   0x300002    program   0x000001
.config_300003_BUILD/DEFAULT/PRODUCTION/MSERVO.    romdata   0x300003    program   0x000001
.config_300005_BUILD/DEFAULT/PRODUCTION/MSERVO.    romdata   0x300005    program   0x000001
.config_300006_BUILD/DEFAULT/PRODUCTION/MSERVO.    romdata   0x300006    program   0x000001
.config_300008_BUILD/DEFAULT/PRODUCTION/MSERVO.    romdata   0x300008    program   0x000001
.config_300009_BUILD/DEFAULT/PRODUCTION/MSERVO.    romdata   0x300009    program   0x000001
.config_30000A_BUILD/DEFAULT/PRODUCTION/MSERVO.    romdata   0x30000a    program   0x000001
.config_30000B_BUILD/DEFAULT/PRODUCTION/MSERVO.    romdata   0x30000b    program   0x000001
.config_30000C_BUILD/DEFAULT/PRODUCTION/MSERVO.    romdata   0x30000c    program   0x000001
.config_30000D_BUILD/DEFAULT/PRODUCTION/MSERVO.    romdata   0x30000d    program   0x000001



                              Program Memory Usage 
                               Start         End      
                           ---------   ---------      
                            0x000000    0x000005      
                            0x000008    0x00000b      
                            0x000018    0x00024d      
                            0x300001    0x300003      
                            0x300005    0x300006      
                            0x300008    0x30000d      
            587 out of 66584 program addresses used, program memory utilization is 0%



                              Symbols - Sorted by Name
                     Name    Address   Location    Storage File                     
                ---------  ---------  ---------  --------- ---------                
           ALTA_PRIORIDAD   0x00002e    program     static C:\Users\flexy\Desktop\PIC Turotiales\PIC18F26K22\ASM\SERVO TMR0.X\MSERVO.asm
           BAJA_PRIORIDAD   0x000018    program     static C:\Users\flexy\Desktop\PIC Turotiales\PIC18F26K22\ASM\SERVO TMR0.X\MSERVO.asm
            CICLO_RETARDO   0x000242    program     static C:\Users\flexy\Desktop\PIC Turotiales\PIC18F26K22\ASM\SERVO TMR0.X\MYRET.INC
       COMPLEMENTO_SERVO1   0x0000a2    program     static C:\Users\flexy\Desktop\PIC Turotiales\PIC18F26K22\ASM\SERVO TMR0.X\MSERVO.asm
       COMPLEMENTO_SERVO2   0x0000d6    program     static C:\Users\flexy\Desktop\PIC Turotiales\PIC18F26K22\ASM\SERVO TMR0.X\MSERVO.asm
                 DEC_POS1   0x000102    program     static C:\Users\flexy\Desktop\PIC Turotiales\PIC18F26K22\ASM\SERVO TMR0.X\MSERVO.asm
                 DEC_POS2   0x00012a    program     static C:\Users\flexy\Desktop\PIC Turotiales\PIC18F26K22\ASM\SERVO TMR0.X\MSERVO.asm
           EJECUTA_SERVO1   0x00007e    program     static C:\Users\flexy\Desktop\PIC Turotiales\PIC18F26K22\ASM\SERVO TMR0.X\MSERVO.asm
           EJECUTA_SERVO2   0x0000b2    program     static C:\Users\flexy\Desktop\PIC Turotiales\PIC18F26K22\ASM\SERVO TMR0.X\MSERVO.asm
                FIN_INTER   0x000022    program     static C:\Users\flexy\Desktop\PIC Turotiales\PIC18F26K22\ASM\SERVO TMR0.X\MSERVO.asm
                 INC_POS1   0x0000ee    program     static C:\Users\flexy\Desktop\PIC Turotiales\PIC18F26K22\ASM\SERVO TMR0.X\MSERVO.asm
                 INC_POS2   0x000116    program     static C:\Users\flexy\Desktop\PIC Turotiales\PIC18F26K22\ASM\SERVO TMR0.X\MSERVO.asm
                   INICIO   0x000032    program     static C:\Users\flexy\Desktop\PIC Turotiales\PIC18F26K22\ASM\SERVO TMR0.X\MSERVO.asm
        MOVIMIENTO_SERVO1   0x000088    program     static C:\Users\flexy\Desktop\PIC Turotiales\PIC18F26K22\ASM\SERVO TMR0.X\MSERVO.asm
        MOVIMIENTO_SERVO2   0x0000bc    program     static C:\Users\flexy\Desktop\PIC Turotiales\PIC18F26K22\ASM\SERVO TMR0.X\MSERVO.asm
                PRINCIPAL   0x00005c    program     static C:\Users\flexy\Desktop\PIC Turotiales\PIC18F26K22\ASM\SERVO TMR0.X\MSERVO.asm
                RET_100ms   0x00017a    program     static C:\Users\flexy\Desktop\PIC Turotiales\PIC18F26K22\ASM\SERVO TMR0.X\MYRET.INC
                 RET_10ms   0x0001de    program     static C:\Users\flexy\Desktop\PIC Turotiales\PIC18F26K22\ASM\SERVO TMR0.X\MYRET.INC
                 RET_16ms   0x0001b6    program     static C:\Users\flexy\Desktop\PIC Turotiales\PIC18F26K22\ASM\SERVO TMR0.X\MYRET.INC
                 RET_18ms   0x0001ca    program     static C:\Users\flexy\Desktop\PIC Turotiales\PIC18F26K22\ASM\SERVO TMR0.X\MYRET.INC
                  RET_1ms   0x00022e    program     static C:\Users\flexy\Desktop\PIC Turotiales\PIC18F26K22\ASM\SERVO TMR0.X\MYRET.INC
                   RET_1s   0x000152    program     static C:\Users\flexy\Desktop\PIC Turotiales\PIC18F26K22\ASM\SERVO TMR0.X\MYRET.INC
                RET_250us   0x00021a    program     static C:\Users\flexy\Desktop\PIC Turotiales\PIC18F26K22\ASM\SERVO TMR0.X\MYRET.INC
                 RET_33ms   0x0001a2    program     static C:\Users\flexy\Desktop\PIC Turotiales\PIC18F26K22\ASM\SERVO TMR0.X\MYRET.INC
                RET_500ms   0x000166    program     static C:\Users\flexy\Desktop\PIC Turotiales\PIC18F26K22\ASM\SERVO TMR0.X\MYRET.INC
                RET_500us   0x000206    program     static C:\Users\flexy\Desktop\PIC Turotiales\PIC18F26K22\ASM\SERVO TMR0.X\MYRET.INC
                 RET_50ms   0x00018e    program     static C:\Users\flexy\Desktop\PIC Turotiales\PIC18F26K22\ASM\SERVO TMR0.X\MYRET.INC
                  RET_5ms   0x0001f2    program     static C:\Users\flexy\Desktop\PIC Turotiales\PIC18F26K22\ASM\SERVO TMR0.X\MYRET.INC
                RET_SERVO   0x00013e    program     static C:\Users\flexy\Desktop\PIC Turotiales\PIC18F26K22\ASM\SERVO TMR0.X\MYRET.INC



                              Symbols - Sorted by Address
                     Name    Address   Location    Storage File                     
                ---------  ---------  ---------  --------- ---------                
           BAJA_PRIORIDAD   0x000018    program     static C:\Users\flexy\Desktop\PIC Turotiales\PIC18F26K22\ASM\SERVO TMR0.X\MSERVO.asm
                FIN_INTER   0x000022    program     static C:\Users\flexy\Desktop\PIC Turotiales\PIC18F26K22\ASM\SERVO TMR0.X\MSERVO.asm
           ALTA_PRIORIDAD   0x00002e    program     static C:\Users\flexy\Desktop\PIC Turotiales\PIC18F26K22\ASM\SERVO TMR0.X\MSERVO.asm
                   INICIO   0x000032    program     static C:\Users\flexy\Desktop\PIC Turotiales\PIC18F26K22\ASM\SERVO TMR0.X\MSERVO.asm
                PRINCIPAL   0x00005c    program     static C:\Users\flexy\Desktop\PIC Turotiales\PIC18F26K22\ASM\SERVO TMR0.X\MSERVO.asm
           EJECUTA_SERVO1   0x00007e    program     static C:\Users\flexy\Desktop\PIC Turotiales\PIC18F26K22\ASM\SERVO TMR0.X\MSERVO.asm
        MOVIMIENTO_SERVO1   0x000088    program     static C:\Users\flexy\Desktop\PIC Turotiales\PIC18F26K22\ASM\SERVO TMR0.X\MSERVO.asm
       COMPLEMENTO_SERVO1   0x0000a2    program     static C:\Users\flexy\Desktop\PIC Turotiales\PIC18F26K22\ASM\SERVO TMR0.X\MSERVO.asm
           EJECUTA_SERVO2   0x0000b2    program     static C:\Users\flexy\Desktop\PIC Turotiales\PIC18F26K22\ASM\SERVO TMR0.X\MSERVO.asm
        MOVIMIENTO_SERVO2   0x0000bc    program     static C:\Users\flexy\Desktop\PIC Turotiales\PIC18F26K22\ASM\SERVO TMR0.X\MSERVO.asm
       COMPLEMENTO_SERVO2   0x0000d6    program     static C:\Users\flexy\Desktop\PIC Turotiales\PIC18F26K22\ASM\SERVO TMR0.X\MSERVO.asm
                 INC_POS1   0x0000ee    program     static C:\Users\flexy\Desktop\PIC Turotiales\PIC18F26K22\ASM\SERVO TMR0.X\MSERVO.asm
                 DEC_POS1   0x000102    program     static C:\Users\flexy\Desktop\PIC Turotiales\PIC18F26K22\ASM\SERVO TMR0.X\MSERVO.asm
                 INC_POS2   0x000116    program     static C:\Users\flexy\Desktop\PIC Turotiales\PIC18F26K22\ASM\SERVO TMR0.X\MSERVO.asm
                 DEC_POS2   0x00012a    program     static C:\Users\flexy\Desktop\PIC Turotiales\PIC18F26K22\ASM\SERVO TMR0.X\MSERVO.asm
                RET_SERVO   0x00013e    program     static C:\Users\flexy\Desktop\PIC Turotiales\PIC18F26K22\ASM\SERVO TMR0.X\MYRET.INC
                   RET_1s   0x000152    program     static C:\Users\flexy\Desktop\PIC Turotiales\PIC18F26K22\ASM\SERVO TMR0.X\MYRET.INC
                RET_500ms   0x000166    program     static C:\Users\flexy\Desktop\PIC Turotiales\PIC18F26K22\ASM\SERVO TMR0.X\MYRET.INC
                RET_100ms   0x00017a    program     static C:\Users\flexy\Desktop\PIC Turotiales\PIC18F26K22\ASM\SERVO TMR0.X\MYRET.INC
                 RET_50ms   0x00018e    program     static C:\Users\flexy\Desktop\PIC Turotiales\PIC18F26K22\ASM\SERVO TMR0.X\MYRET.INC
                 RET_33ms   0x0001a2    program     static C:\Users\flexy\Desktop\PIC Turotiales\PIC18F26K22\ASM\SERVO TMR0.X\MYRET.INC
                 RET_16ms   0x0001b6    program     static C:\Users\flexy\Desktop\PIC Turotiales\PIC18F26K22\ASM\SERVO TMR0.X\MYRET.INC
                 RET_18ms   0x0001ca    program     static C:\Users\flexy\Desktop\PIC Turotiales\PIC18F26K22\ASM\SERVO TMR0.X\MYRET.INC
                 RET_10ms   0x0001de    program     static C:\Users\flexy\Desktop\PIC Turotiales\PIC18F26K22\ASM\SERVO TMR0.X\MYRET.INC
                  RET_5ms   0x0001f2    program     static C:\Users\flexy\Desktop\PIC Turotiales\PIC18F26K22\ASM\SERVO TMR0.X\MYRET.INC
                RET_500us   0x000206    program     static C:\Users\flexy\Desktop\PIC Turotiales\PIC18F26K22\ASM\SERVO TMR0.X\MYRET.INC
                RET_250us   0x00021a    program     static C:\Users\flexy\Desktop\PIC Turotiales\PIC18F26K22\ASM\SERVO TMR0.X\MYRET.INC
                  RET_1ms   0x00022e    program     static C:\Users\flexy\Desktop\PIC Turotiales\PIC18F26K22\ASM\SERVO TMR0.X\MYRET.INC
            CICLO_RETARDO   0x000242    program     static C:\Users\flexy\Desktop\PIC Turotiales\PIC18F26K22\ASM\SERVO TMR0.X\MYRET.INC


