MPLINK 5.09, LINKER
Linker Map File - Created Thu Sep 24 02:01:29 2020

                                 Section Info
                  Section       Type    Address   Location Size(Bytes)
                ---------  ---------  ---------  ---------  ---------
                   .org_0       code   0x000000    program   0x000004
                   .cinit    romdata   0x000004    program   0x000002
                   .org_1       code   0x000008    program   0x000004
                   .org_2       code   0x000018    program   0x00018c
.config_300001_BUILD/DEFAULT/PRODUCTION/MTABLAS    romdata   0x300001    program   0x000001
.config_300002_BUILD/DEFAULT/PRODUCTION/MTABLAS    romdata   0x300002    program   0x000001
.config_300003_BUILD/DEFAULT/PRODUCTION/MTABLAS    romdata   0x300003    program   0x000001
.config_300005_BUILD/DEFAULT/PRODUCTION/MTABLAS    romdata   0x300005    program   0x000001
.config_300006_BUILD/DEFAULT/PRODUCTION/MTABLAS    romdata   0x300006    program   0x000001
.config_300008_BUILD/DEFAULT/PRODUCTION/MTABLAS    romdata   0x300008    program   0x000001
.config_300009_BUILD/DEFAULT/PRODUCTION/MTABLAS    romdata   0x300009    program   0x000001
.config_30000A_BUILD/DEFAULT/PRODUCTION/MTABLAS    romdata   0x30000a    program   0x000001
.config_30000B_BUILD/DEFAULT/PRODUCTION/MTABLAS    romdata   0x30000b    program   0x000001
.config_30000C_BUILD/DEFAULT/PRODUCTION/MTABLAS    romdata   0x30000c    program   0x000001
.config_30000D_BUILD/DEFAULT/PRODUCTION/MTABLAS    romdata   0x30000d    program   0x000001



                              Program Memory Usage 
                               Start         End      
                           ---------   ---------      
                            0x000000    0x000005      
                            0x000008    0x00000b      
                            0x000018    0x0001a3      
                            0x300001    0x300003      
                            0x300005    0x300006      
                            0x300008    0x30000d      
            417 out of 66584 program addresses used, program memory utilization is 0%



                              Symbols - Sorted by Name
                     Name    Address   Location    Storage File                     
                ---------  ---------  ---------  --------- ---------                
           ALTA_PRIORIDAD   0x00002e    program     static C:\Users\flexy\Desktop\PIC Turotiales\PIC18F26K22\ASM\TABLAS.X\MTABLAS.asm
           BAJA_PRIORIDAD   0x000018    program     static C:\Users\flexy\Desktop\PIC Turotiales\PIC18F26K22\ASM\TABLAS.X\MTABLAS.asm
            CICLO_RETARDO   0x00013e    program     static C:\Users\flexy\Desktop\PIC Turotiales\PIC18F26K22\ASM\TABLAS.X\RETARDOS.INC
           CONFIG_RETARDO   0x0000a2    program     static C:\Users\flexy\Desktop\PIC Turotiales\PIC18F26K22\ASM\TABLAS.X\RETARDOS.INC
                FIN_INTER   0x000022    program     static C:\Users\flexy\Desktop\PIC Turotiales\PIC18F26K22\ASM\TABLAS.X\MTABLAS.asm
                   INICIO   0x000032    program     static C:\Users\flexy\Desktop\PIC Turotiales\PIC18F26K22\ASM\TABLAS.X\MTABLAS.asm
                PRINCIPAL   0x000060    program     static C:\Users\flexy\Desktop\PIC Turotiales\PIC18F26K22\ASM\TABLAS.X\MTABLAS.asm
                 RETARDOS   0x000134    program     static C:\Users\flexy\Desktop\PIC Turotiales\PIC18F26K22\ASM\TABLAS.X\RETARDOS.INC
                RET_100ms   0x00016e    program     static C:\Users\flexy\Desktop\PIC Turotiales\PIC18F26K22\ASM\TABLAS.X\RETARDOS.INC
                RET_100us   0x000124    program     static C:\Users\flexy\Desktop\PIC Turotiales\PIC18F26K22\ASM\TABLAS.X\RETARDOS.INC
                 RET_10ms   0x000156    program     static C:\Users\flexy\Desktop\PIC Turotiales\PIC18F26K22\ASM\TABLAS.X\RETARDOS.INC
                  RET_1ms   0x000166    program     static C:\Users\flexy\Desktop\PIC Turotiales\PIC18F26K22\ASM\TABLAS.X\RETARDOS.INC
                   RET_1s   0x00019c    program     static C:\Users\flexy\Desktop\PIC Turotiales\PIC18F26K22\ASM\TABLAS.X\RETARDOS.INC
                RET_500ms   0x000176    program     static C:\Users\flexy\Desktop\PIC Turotiales\PIC18F26K22\ASM\TABLAS.X\RETARDOS.INC
                 RET_50ms   0x00014e    program     static C:\Users\flexy\Desktop\PIC Turotiales\PIC18F26K22\ASM\TABLAS.X\RETARDOS.INC
                  RET_5ms   0x00015e    program     static C:\Users\flexy\Desktop\PIC Turotiales\PIC18F26K22\ASM\TABLAS.X\RETARDOS.INC
              RET_BOTONES   0x0000ae    program     static C:\Users\flexy\Desktop\PIC Turotiales\PIC18F26K22\ASM\TABLAS.X\RETARDOS.INC
               RET_X100ms   0x0000e8    program     static C:\Users\flexy\Desktop\PIC Turotiales\PIC18F26K22\ASM\TABLAS.X\RETARDOS.INC
                RET_X10ms   0x0000fc    program     static C:\Users\flexy\Desktop\PIC Turotiales\PIC18F26K22\ASM\TABLAS.X\RETARDOS.INC
                  RET_X1s   0x0000d4    program     static C:\Users\flexy\Desktop\PIC Turotiales\PIC18F26K22\ASM\TABLAS.X\RETARDOS.INC
                  RET_Xms   0x000110    program     static C:\Users\flexy\Desktop\PIC Turotiales\PIC18F26K22\ASM\TABLAS.X\RETARDOS.INC
                    TABLA   0x000098    program     static C:\Users\flexy\Desktop\PIC Turotiales\PIC18F26K22\ASM\TABLAS.X\MTABLAS.asm
             TABLA_NUMERO   0x000080    program     static C:\Users\flexy\Desktop\PIC Turotiales\PIC18F26K22\ASM\TABLAS.X\MTABLAS.asm



                              Symbols - Sorted by Address
                     Name    Address   Location    Storage File                     
                ---------  ---------  ---------  --------- ---------                
           BAJA_PRIORIDAD   0x000018    program     static C:\Users\flexy\Desktop\PIC Turotiales\PIC18F26K22\ASM\TABLAS.X\MTABLAS.asm
                FIN_INTER   0x000022    program     static C:\Users\flexy\Desktop\PIC Turotiales\PIC18F26K22\ASM\TABLAS.X\MTABLAS.asm
           ALTA_PRIORIDAD   0x00002e    program     static C:\Users\flexy\Desktop\PIC Turotiales\PIC18F26K22\ASM\TABLAS.X\MTABLAS.asm
                   INICIO   0x000032    program     static C:\Users\flexy\Desktop\PIC Turotiales\PIC18F26K22\ASM\TABLAS.X\MTABLAS.asm
                PRINCIPAL   0x000060    program     static C:\Users\flexy\Desktop\PIC Turotiales\PIC18F26K22\ASM\TABLAS.X\MTABLAS.asm
             TABLA_NUMERO   0x000080    program     static C:\Users\flexy\Desktop\PIC Turotiales\PIC18F26K22\ASM\TABLAS.X\MTABLAS.asm
                    TABLA   0x000098    program     static C:\Users\flexy\Desktop\PIC Turotiales\PIC18F26K22\ASM\TABLAS.X\MTABLAS.asm
           CONFIG_RETARDO   0x0000a2    program     static C:\Users\flexy\Desktop\PIC Turotiales\PIC18F26K22\ASM\TABLAS.X\RETARDOS.INC
              RET_BOTONES   0x0000ae    program     static C:\Users\flexy\Desktop\PIC Turotiales\PIC18F26K22\ASM\TABLAS.X\RETARDOS.INC
                  RET_X1s   0x0000d4    program     static C:\Users\flexy\Desktop\PIC Turotiales\PIC18F26K22\ASM\TABLAS.X\RETARDOS.INC
               RET_X100ms   0x0000e8    program     static C:\Users\flexy\Desktop\PIC Turotiales\PIC18F26K22\ASM\TABLAS.X\RETARDOS.INC
                RET_X10ms   0x0000fc    program     static C:\Users\flexy\Desktop\PIC Turotiales\PIC18F26K22\ASM\TABLAS.X\RETARDOS.INC
                  RET_Xms   0x000110    program     static C:\Users\flexy\Desktop\PIC Turotiales\PIC18F26K22\ASM\TABLAS.X\RETARDOS.INC
                RET_100us   0x000124    program     static C:\Users\flexy\Desktop\PIC Turotiales\PIC18F26K22\ASM\TABLAS.X\RETARDOS.INC
                 RETARDOS   0x000134    program     static C:\Users\flexy\Desktop\PIC Turotiales\PIC18F26K22\ASM\TABLAS.X\RETARDOS.INC
            CICLO_RETARDO   0x00013e    program     static C:\Users\flexy\Desktop\PIC Turotiales\PIC18F26K22\ASM\TABLAS.X\RETARDOS.INC
                 RET_50ms   0x00014e    program     static C:\Users\flexy\Desktop\PIC Turotiales\PIC18F26K22\ASM\TABLAS.X\RETARDOS.INC
                 RET_10ms   0x000156    program     static C:\Users\flexy\Desktop\PIC Turotiales\PIC18F26K22\ASM\TABLAS.X\RETARDOS.INC
                  RET_5ms   0x00015e    program     static C:\Users\flexy\Desktop\PIC Turotiales\PIC18F26K22\ASM\TABLAS.X\RETARDOS.INC
                  RET_1ms   0x000166    program     static C:\Users\flexy\Desktop\PIC Turotiales\PIC18F26K22\ASM\TABLAS.X\RETARDOS.INC
                RET_100ms   0x00016e    program     static C:\Users\flexy\Desktop\PIC Turotiales\PIC18F26K22\ASM\TABLAS.X\RETARDOS.INC
                RET_500ms   0x000176    program     static C:\Users\flexy\Desktop\PIC Turotiales\PIC18F26K22\ASM\TABLAS.X\RETARDOS.INC
                   RET_1s   0x00019c    program     static C:\Users\flexy\Desktop\PIC Turotiales\PIC18F26K22\ASM\TABLAS.X\RETARDOS.INC


