MPLINK 5.09, LINKER
Linker Map File - Created Wed Jun 03 02:35:30 2020

                                 Section Info
                  Section       Type    Address   Location Size(Bytes)
                ---------  ---------  ---------  ---------  ---------
                   .org_0       code   0x000000    program   0x000004
                   .cinit    romdata   0x000004    program   0x000002
                   .org_1       code   0x000008    program   0x000004
                   .org_2       code   0x000018    program   0x0001c8
.config_300001_BUILD/DEFAULT/PRODUCTION/MAIN.O    romdata   0x300001    program   0x000001
.config_300002_BUILD/DEFAULT/PRODUCTION/MAIN.O    romdata   0x300002    program   0x000001
.config_300003_BUILD/DEFAULT/PRODUCTION/MAIN.O    romdata   0x300003    program   0x000001
.config_300005_BUILD/DEFAULT/PRODUCTION/MAIN.O    romdata   0x300005    program   0x000001
.config_300006_BUILD/DEFAULT/PRODUCTION/MAIN.O    romdata   0x300006    program   0x000001
.config_300008_BUILD/DEFAULT/PRODUCTION/MAIN.O    romdata   0x300008    program   0x000001
.config_300009_BUILD/DEFAULT/PRODUCTION/MAIN.O    romdata   0x300009    program   0x000001
.config_30000A_BUILD/DEFAULT/PRODUCTION/MAIN.O    romdata   0x30000a    program   0x000001
.config_30000B_BUILD/DEFAULT/PRODUCTION/MAIN.O    romdata   0x30000b    program   0x000001
.config_30000C_BUILD/DEFAULT/PRODUCTION/MAIN.O    romdata   0x30000c    program   0x000001
.config_30000D_BUILD/DEFAULT/PRODUCTION/MAIN.O    romdata   0x30000d    program   0x000001



                              Program Memory Usage 
                               Start         End      
                           ---------   ---------      
                            0x000000    0x000005      
                            0x000008    0x00000b      
                            0x000018    0x0001df      
                            0x300001    0x300003      
                            0x300005    0x300006      
                            0x300008    0x30000d      
            477 out of 66584 program addresses used, program memory utilization is 0%



                              Symbols - Sorted by Name
                     Name    Address   Location    Storage File                     
                ---------  ---------  ---------  --------- ---------                
           ALTA_PRIORIDAD   0x00002e    program     static C:\Users\flexy\Desktop\PIC Turotiales\PIC18F26K22\ASM\CONTADOR BOTON.X\MAIN.asm
           BAJA_PRIORIDAD   0x000018    program     static C:\Users\flexy\Desktop\PIC Turotiales\PIC18F26K22\ASM\CONTADOR BOTON.X\MAIN.asm
            CICLO_RETARDO   0x000182    program     static C:\Users\flexy\Desktop\PIC Turotiales\PIC18F26K22\ASM\CONTADOR BOTON.X\RETARDOS.INC
           CONFIG_RETARDO   0x0000e6    program     static C:\Users\flexy\Desktop\PIC Turotiales\PIC18F26K22\ASM\CONTADOR BOTON.X\RETARDOS.INC
             DIGITO_CINCO   0x00009c    program     static C:\Users\flexy\Desktop\PIC Turotiales\PIC18F26K22\ASM\CONTADOR BOTON.X\MAIN.asm
            DIGITO_CUATRO   0x00008e    program     static C:\Users\flexy\Desktop\PIC Turotiales\PIC18F26K22\ASM\CONTADOR BOTON.X\MAIN.asm
               DIGITO_DOS   0x000072    program     static C:\Users\flexy\Desktop\PIC Turotiales\PIC18F26K22\ASM\CONTADOR BOTON.X\MAIN.asm
             DIGITO_NUEVE   0x0000d4    program     static C:\Users\flexy\Desktop\PIC Turotiales\PIC18F26K22\ASM\CONTADOR BOTON.X\MAIN.asm
              DIGITO_OCHO   0x0000c6    program     static C:\Users\flexy\Desktop\PIC Turotiales\PIC18F26K22\ASM\CONTADOR BOTON.X\MAIN.asm
              DIGITO_SEIS   0x0000aa    program     static C:\Users\flexy\Desktop\PIC Turotiales\PIC18F26K22\ASM\CONTADOR BOTON.X\MAIN.asm
             DIGITO_SIETE   0x0000b8    program     static C:\Users\flexy\Desktop\PIC Turotiales\PIC18F26K22\ASM\CONTADOR BOTON.X\MAIN.asm
              DIGITO_TRES   0x000080    program     static C:\Users\flexy\Desktop\PIC Turotiales\PIC18F26K22\ASM\CONTADOR BOTON.X\MAIN.asm
               DIGITO_UNO   0x000064    program     static C:\Users\flexy\Desktop\PIC Turotiales\PIC18F26K22\ASM\CONTADOR BOTON.X\MAIN.asm
                FIN_INTER   0x000022    program     static C:\Users\flexy\Desktop\PIC Turotiales\PIC18F26K22\ASM\CONTADOR BOTON.X\MAIN.asm
                   INICIO   0x000032    program     static C:\Users\flexy\Desktop\PIC Turotiales\PIC18F26K22\ASM\CONTADOR BOTON.X\MAIN.asm
                PRINCIPAL   0x000056    program     static C:\Users\flexy\Desktop\PIC Turotiales\PIC18F26K22\ASM\CONTADOR BOTON.X\MAIN.asm
                 RETARDOS   0x000178    program     static C:\Users\flexy\Desktop\PIC Turotiales\PIC18F26K22\ASM\CONTADOR BOTON.X\RETARDOS.INC
                RET_100ms   0x0001aa    program     static C:\Users\flexy\Desktop\PIC Turotiales\PIC18F26K22\ASM\CONTADOR BOTON.X\RETARDOS.INC
                RET_100us   0x000168    program     static C:\Users\flexy\Desktop\PIC Turotiales\PIC18F26K22\ASM\CONTADOR BOTON.X\RETARDOS.INC
                 RET_10ms   0x000192    program     static C:\Users\flexy\Desktop\PIC Turotiales\PIC18F26K22\ASM\CONTADOR BOTON.X\RETARDOS.INC
                  RET_1ms   0x0001a2    program     static C:\Users\flexy\Desktop\PIC Turotiales\PIC18F26K22\ASM\CONTADOR BOTON.X\RETARDOS.INC
                   RET_1s   0x0001d8    program     static C:\Users\flexy\Desktop\PIC Turotiales\PIC18F26K22\ASM\CONTADOR BOTON.X\RETARDOS.INC
                RET_500ms   0x0001b2    program     static C:\Users\flexy\Desktop\PIC Turotiales\PIC18F26K22\ASM\CONTADOR BOTON.X\RETARDOS.INC
                  RET_5ms   0x00019a    program     static C:\Users\flexy\Desktop\PIC Turotiales\PIC18F26K22\ASM\CONTADOR BOTON.X\RETARDOS.INC
              RET_BOTONES   0x0000f2    program     static C:\Users\flexy\Desktop\PIC Turotiales\PIC18F26K22\ASM\CONTADOR BOTON.X\RETARDOS.INC
               RET_X100ms   0x00012c    program     static C:\Users\flexy\Desktop\PIC Turotiales\PIC18F26K22\ASM\CONTADOR BOTON.X\RETARDOS.INC
                RET_X10ms   0x000140    program     static C:\Users\flexy\Desktop\PIC Turotiales\PIC18F26K22\ASM\CONTADOR BOTON.X\RETARDOS.INC
                  RET_X1s   0x000118    program     static C:\Users\flexy\Desktop\PIC Turotiales\PIC18F26K22\ASM\CONTADOR BOTON.X\RETARDOS.INC
                  RET_Xms   0x000154    program     static C:\Users\flexy\Desktop\PIC Turotiales\PIC18F26K22\ASM\CONTADOR BOTON.X\RETARDOS.INC



                              Symbols - Sorted by Address
                     Name    Address   Location    Storage File                     
                ---------  ---------  ---------  --------- ---------                
           BAJA_PRIORIDAD   0x000018    program     static C:\Users\flexy\Desktop\PIC Turotiales\PIC18F26K22\ASM\CONTADOR BOTON.X\MAIN.asm
                FIN_INTER   0x000022    program     static C:\Users\flexy\Desktop\PIC Turotiales\PIC18F26K22\ASM\CONTADOR BOTON.X\MAIN.asm
           ALTA_PRIORIDAD   0x00002e    program     static C:\Users\flexy\Desktop\PIC Turotiales\PIC18F26K22\ASM\CONTADOR BOTON.X\MAIN.asm
                   INICIO   0x000032    program     static C:\Users\flexy\Desktop\PIC Turotiales\PIC18F26K22\ASM\CONTADOR BOTON.X\MAIN.asm
                PRINCIPAL   0x000056    program     static C:\Users\flexy\Desktop\PIC Turotiales\PIC18F26K22\ASM\CONTADOR BOTON.X\MAIN.asm
               DIGITO_UNO   0x000064    program     static C:\Users\flexy\Desktop\PIC Turotiales\PIC18F26K22\ASM\CONTADOR BOTON.X\MAIN.asm
               DIGITO_DOS   0x000072    program     static C:\Users\flexy\Desktop\PIC Turotiales\PIC18F26K22\ASM\CONTADOR BOTON.X\MAIN.asm
              DIGITO_TRES   0x000080    program     static C:\Users\flexy\Desktop\PIC Turotiales\PIC18F26K22\ASM\CONTADOR BOTON.X\MAIN.asm
            DIGITO_CUATRO   0x00008e    program     static C:\Users\flexy\Desktop\PIC Turotiales\PIC18F26K22\ASM\CONTADOR BOTON.X\MAIN.asm
             DIGITO_CINCO   0x00009c    program     static C:\Users\flexy\Desktop\PIC Turotiales\PIC18F26K22\ASM\CONTADOR BOTON.X\MAIN.asm
              DIGITO_SEIS   0x0000aa    program     static C:\Users\flexy\Desktop\PIC Turotiales\PIC18F26K22\ASM\CONTADOR BOTON.X\MAIN.asm
             DIGITO_SIETE   0x0000b8    program     static C:\Users\flexy\Desktop\PIC Turotiales\PIC18F26K22\ASM\CONTADOR BOTON.X\MAIN.asm
              DIGITO_OCHO   0x0000c6    program     static C:\Users\flexy\Desktop\PIC Turotiales\PIC18F26K22\ASM\CONTADOR BOTON.X\MAIN.asm
             DIGITO_NUEVE   0x0000d4    program     static C:\Users\flexy\Desktop\PIC Turotiales\PIC18F26K22\ASM\CONTADOR BOTON.X\MAIN.asm
           CONFIG_RETARDO   0x0000e6    program     static C:\Users\flexy\Desktop\PIC Turotiales\PIC18F26K22\ASM\CONTADOR BOTON.X\RETARDOS.INC
              RET_BOTONES   0x0000f2    program     static C:\Users\flexy\Desktop\PIC Turotiales\PIC18F26K22\ASM\CONTADOR BOTON.X\RETARDOS.INC
                  RET_X1s   0x000118    program     static C:\Users\flexy\Desktop\PIC Turotiales\PIC18F26K22\ASM\CONTADOR BOTON.X\RETARDOS.INC
               RET_X100ms   0x00012c    program     static C:\Users\flexy\Desktop\PIC Turotiales\PIC18F26K22\ASM\CONTADOR BOTON.X\RETARDOS.INC
                RET_X10ms   0x000140    program     static C:\Users\flexy\Desktop\PIC Turotiales\PIC18F26K22\ASM\CONTADOR BOTON.X\RETARDOS.INC
                  RET_Xms   0x000154    program     static C:\Users\flexy\Desktop\PIC Turotiales\PIC18F26K22\ASM\CONTADOR BOTON.X\RETARDOS.INC
                RET_100us   0x000168    program     static C:\Users\flexy\Desktop\PIC Turotiales\PIC18F26K22\ASM\CONTADOR BOTON.X\RETARDOS.INC
                 RETARDOS   0x000178    program     static C:\Users\flexy\Desktop\PIC Turotiales\PIC18F26K22\ASM\CONTADOR BOTON.X\RETARDOS.INC
            CICLO_RETARDO   0x000182    program     static C:\Users\flexy\Desktop\PIC Turotiales\PIC18F26K22\ASM\CONTADOR BOTON.X\RETARDOS.INC
                 RET_10ms   0x000192    program     static C:\Users\flexy\Desktop\PIC Turotiales\PIC18F26K22\ASM\CONTADOR BOTON.X\RETARDOS.INC
                  RET_5ms   0x00019a    program     static C:\Users\flexy\Desktop\PIC Turotiales\PIC18F26K22\ASM\CONTADOR BOTON.X\RETARDOS.INC
                  RET_1ms   0x0001a2    program     static C:\Users\flexy\Desktop\PIC Turotiales\PIC18F26K22\ASM\CONTADOR BOTON.X\RETARDOS.INC
                RET_100ms   0x0001aa    program     static C:\Users\flexy\Desktop\PIC Turotiales\PIC18F26K22\ASM\CONTADOR BOTON.X\RETARDOS.INC
                RET_500ms   0x0001b2    program     static C:\Users\flexy\Desktop\PIC Turotiales\PIC18F26K22\ASM\CONTADOR BOTON.X\RETARDOS.INC
                   RET_1s   0x0001d8    program     static C:\Users\flexy\Desktop\PIC Turotiales\PIC18F26K22\ASM\CONTADOR BOTON.X\RETARDOS.INC


