MPLINK 5.09, LINKER
Linker Map File - Created Mon Jan 24 19:59:09 2022

                                 Section Info
                  Section       Type    Address   Location Size(Bytes)
                ---------  ---------  ---------  ---------  ---------
                   .org_0       code   0x000000    program   0x000004
                   .cinit    romdata   0x000004    program   0x000002
                   .org_1       code   0x000008    program   0x000004
                   .org_2       code   0x000018    program   0x0001b8
.config_300001_BUILD/DEFAULT/PRODUCTION/MAINPWM    romdata   0x300001    program   0x000001
.config_300002_BUILD/DEFAULT/PRODUCTION/MAINPWM    romdata   0x300002    program   0x000001
.config_300003_BUILD/DEFAULT/PRODUCTION/MAINPWM    romdata   0x300003    program   0x000001
.config_300005_BUILD/DEFAULT/PRODUCTION/MAINPWM    romdata   0x300005    program   0x000001
.config_300006_BUILD/DEFAULT/PRODUCTION/MAINPWM    romdata   0x300006    program   0x000001
.config_300008_BUILD/DEFAULT/PRODUCTION/MAINPWM    romdata   0x300008    program   0x000001
.config_300009_BUILD/DEFAULT/PRODUCTION/MAINPWM    romdata   0x300009    program   0x000001
.config_30000A_BUILD/DEFAULT/PRODUCTION/MAINPWM    romdata   0x30000a    program   0x000001
.config_30000B_BUILD/DEFAULT/PRODUCTION/MAINPWM    romdata   0x30000b    program   0x000001
.config_30000C_BUILD/DEFAULT/PRODUCTION/MAINPWM    romdata   0x30000c    program   0x000001
.config_30000D_BUILD/DEFAULT/PRODUCTION/MAINPWM    romdata   0x30000d    program   0x000001



                              Program Memory Usage 
                               Start         End      
                           ---------   ---------      
                            0x000000    0x000005      
                            0x000008    0x00000b      
                            0x000018    0x0001cf      
                            0x300001    0x300003      
                            0x300005    0x300006      
                            0x300008    0x30000d      
            461 out of 66584 program addresses used, program memory utilization is 0%



                              Symbols - Sorted by Name
                     Name    Address   Location    Storage File                     
                ---------  ---------  ---------  --------- ---------                
           ALTA_PRIORIDAD   0x00002e    program     static C:\Users\flexy\Desktop\PIC Turotiales\PIC18F26K22\ASM\PWM.X\MAINPWM.asm
           BAJA_PRIORIDAD   0x000018    program     static C:\Users\flexy\Desktop\PIC Turotiales\PIC18F26K22\ASM\PWM.X\MAINPWM.asm
            CICLO_RETARDO   0x0001c4    program     static C:\Users\flexy\Desktop\PIC Turotiales\PIC18F26K22\ASM\PWM.X\RETARDOS.INC
                FIN_INTER   0x000022    program     static C:\Users\flexy\Desktop\PIC Turotiales\PIC18F26K22\ASM\PWM.X\MAINPWM.asm
                   INICIO   0x000032    program     static C:\Users\flexy\Desktop\PIC Turotiales\PIC18F26K22\ASM\PWM.X\MAINPWM.asm
                PRINCIPAL   0x000078    program     static C:\Users\flexy\Desktop\PIC Turotiales\PIC18F26K22\ASM\PWM.X\MAINPWM.asm
               RESTA_DUTY   0x0000a8    program     static C:\Users\flexy\Desktop\PIC Turotiales\PIC18F26K22\ASM\PWM.X\MAINPWM.asm
                RET_100ms   0x0000fc    program     static C:\Users\flexy\Desktop\PIC Turotiales\PIC18F26K22\ASM\PWM.X\RETARDOS.INC
                 RET_10ms   0x000160    program     static C:\Users\flexy\Desktop\PIC Turotiales\PIC18F26K22\ASM\PWM.X\RETARDOS.INC
                 RET_16ms   0x000138    program     static C:\Users\flexy\Desktop\PIC Turotiales\PIC18F26K22\ASM\PWM.X\RETARDOS.INC
                 RET_18ms   0x00014c    program     static C:\Users\flexy\Desktop\PIC Turotiales\PIC18F26K22\ASM\PWM.X\RETARDOS.INC
                  RET_1ms   0x0001b0    program     static C:\Users\flexy\Desktop\PIC Turotiales\PIC18F26K22\ASM\PWM.X\RETARDOS.INC
                   RET_1s   0x0000d4    program     static C:\Users\flexy\Desktop\PIC Turotiales\PIC18F26K22\ASM\PWM.X\RETARDOS.INC
                RET_250us   0x00019c    program     static C:\Users\flexy\Desktop\PIC Turotiales\PIC18F26K22\ASM\PWM.X\RETARDOS.INC
                 RET_33ms   0x000124    program     static C:\Users\flexy\Desktop\PIC Turotiales\PIC18F26K22\ASM\PWM.X\RETARDOS.INC
                RET_500ms   0x0000e8    program     static C:\Users\flexy\Desktop\PIC Turotiales\PIC18F26K22\ASM\PWM.X\RETARDOS.INC
                RET_500us   0x000188    program     static C:\Users\flexy\Desktop\PIC Turotiales\PIC18F26K22\ASM\PWM.X\RETARDOS.INC
                 RET_50ms   0x000110    program     static C:\Users\flexy\Desktop\PIC Turotiales\PIC18F26K22\ASM\PWM.X\RETARDOS.INC
                  RET_5ms   0x000174    program     static C:\Users\flexy\Desktop\PIC Turotiales\PIC18F26K22\ASM\PWM.X\RETARDOS.INC
                RET_SERVO   0x0000c0    program     static C:\Users\flexy\Desktop\PIC Turotiales\PIC18F26K22\ASM\PWM.X\RETARDOS.INC
                SUMA_DUTY   0x000090    program     static C:\Users\flexy\Desktop\PIC Turotiales\PIC18F26K22\ASM\PWM.X\MAINPWM.asm



                              Symbols - Sorted by Address
                     Name    Address   Location    Storage File                     
                ---------  ---------  ---------  --------- ---------                
           BAJA_PRIORIDAD   0x000018    program     static C:\Users\flexy\Desktop\PIC Turotiales\PIC18F26K22\ASM\PWM.X\MAINPWM.asm
                FIN_INTER   0x000022    program     static C:\Users\flexy\Desktop\PIC Turotiales\PIC18F26K22\ASM\PWM.X\MAINPWM.asm
           ALTA_PRIORIDAD   0x00002e    program     static C:\Users\flexy\Desktop\PIC Turotiales\PIC18F26K22\ASM\PWM.X\MAINPWM.asm
                   INICIO   0x000032    program     static C:\Users\flexy\Desktop\PIC Turotiales\PIC18F26K22\ASM\PWM.X\MAINPWM.asm
                PRINCIPAL   0x000078    program     static C:\Users\flexy\Desktop\PIC Turotiales\PIC18F26K22\ASM\PWM.X\MAINPWM.asm
                SUMA_DUTY   0x000090    program     static C:\Users\flexy\Desktop\PIC Turotiales\PIC18F26K22\ASM\PWM.X\MAINPWM.asm
               RESTA_DUTY   0x0000a8    program     static C:\Users\flexy\Desktop\PIC Turotiales\PIC18F26K22\ASM\PWM.X\MAINPWM.asm
                RET_SERVO   0x0000c0    program     static C:\Users\flexy\Desktop\PIC Turotiales\PIC18F26K22\ASM\PWM.X\RETARDOS.INC
                   RET_1s   0x0000d4    program     static C:\Users\flexy\Desktop\PIC Turotiales\PIC18F26K22\ASM\PWM.X\RETARDOS.INC
                RET_500ms   0x0000e8    program     static C:\Users\flexy\Desktop\PIC Turotiales\PIC18F26K22\ASM\PWM.X\RETARDOS.INC
                RET_100ms   0x0000fc    program     static C:\Users\flexy\Desktop\PIC Turotiales\PIC18F26K22\ASM\PWM.X\RETARDOS.INC
                 RET_50ms   0x000110    program     static C:\Users\flexy\Desktop\PIC Turotiales\PIC18F26K22\ASM\PWM.X\RETARDOS.INC
                 RET_33ms   0x000124    program     static C:\Users\flexy\Desktop\PIC Turotiales\PIC18F26K22\ASM\PWM.X\RETARDOS.INC
                 RET_16ms   0x000138    program     static C:\Users\flexy\Desktop\PIC Turotiales\PIC18F26K22\ASM\PWM.X\RETARDOS.INC
                 RET_18ms   0x00014c    program     static C:\Users\flexy\Desktop\PIC Turotiales\PIC18F26K22\ASM\PWM.X\RETARDOS.INC
                 RET_10ms   0x000160    program     static C:\Users\flexy\Desktop\PIC Turotiales\PIC18F26K22\ASM\PWM.X\RETARDOS.INC
                  RET_5ms   0x000174    program     static C:\Users\flexy\Desktop\PIC Turotiales\PIC18F26K22\ASM\PWM.X\RETARDOS.INC
                RET_500us   0x000188    program     static C:\Users\flexy\Desktop\PIC Turotiales\PIC18F26K22\ASM\PWM.X\RETARDOS.INC
                RET_250us   0x00019c    program     static C:\Users\flexy\Desktop\PIC Turotiales\PIC18F26K22\ASM\PWM.X\RETARDOS.INC
                  RET_1ms   0x0001b0    program     static C:\Users\flexy\Desktop\PIC Turotiales\PIC18F26K22\ASM\PWM.X\RETARDOS.INC
            CICLO_RETARDO   0x0001c4    program     static C:\Users\flexy\Desktop\PIC Turotiales\PIC18F26K22\ASM\PWM.X\RETARDOS.INC


