MPLINK 5.09, LINKER
Linker Map File - Created Wed Dec 21 19:39:49 2022

                                 Section Info
                  Section       Type    Address   Location Size(Bytes)
                ---------  ---------  ---------  ---------  ---------
                   .org_0       code   0x000000    program   0x000004
                   .cinit    romdata   0x000004    program   0x000002
                   .org_1       code   0x000008    program   0x000004
                   .org_2       code   0x000018    program   0x0001de
.config_300001_BUILD/DEFAULT/PRODUCTION/DS1302.    romdata   0x300001    program   0x000001
.config_300002_BUILD/DEFAULT/PRODUCTION/DS1302.    romdata   0x300002    program   0x000001
.config_300003_BUILD/DEFAULT/PRODUCTION/DS1302.    romdata   0x300003    program   0x000001
.config_300005_BUILD/DEFAULT/PRODUCTION/DS1302.    romdata   0x300005    program   0x000001
.config_300006_BUILD/DEFAULT/PRODUCTION/DS1302.    romdata   0x300006    program   0x000001
.config_300008_BUILD/DEFAULT/PRODUCTION/DS1302.    romdata   0x300008    program   0x000001
.config_300009_BUILD/DEFAULT/PRODUCTION/DS1302.    romdata   0x300009    program   0x000001
.config_30000A_BUILD/DEFAULT/PRODUCTION/DS1302.    romdata   0x30000a    program   0x000001
.config_30000B_BUILD/DEFAULT/PRODUCTION/DS1302.    romdata   0x30000b    program   0x000001
.config_30000C_BUILD/DEFAULT/PRODUCTION/DS1302.    romdata   0x30000c    program   0x000001
.config_30000D_BUILD/DEFAULT/PRODUCTION/DS1302.    romdata   0x30000d    program   0x000001



                              Program Memory Usage 
                               Start         End      
                           ---------   ---------      
                            0x000000    0x000005      
                            0x000008    0x00000b      
                            0x000018    0x0001f5      
                            0x300001    0x300003      
                            0x300005    0x300006      
                            0x300008    0x30000d      
            499 out of 66584 program addresses used, program memory utilization is 0%



                              Symbols - Sorted by Name
                     Name    Address   Location    Storage File                     
                ---------  ---------  ---------  --------- ---------                
           ALTA_PRIORIDAD   0x00002e    program     static C:\Users\flexy\Desktop\PIC Turotiales\PIC18F26K22\ASM\SPI DS1302.X\DS1302.asm
           BAJA_PRIORIDAD   0x000018    program     static C:\Users\flexy\Desktop\PIC Turotiales\PIC18F26K22\ASM\SPI DS1302.X\DS1302.asm
            CICLO_RETARDO   0x000198    program     static C:\Users\flexy\Desktop\PIC Turotiales\PIC18F26K22\ASM\SPI DS1302.X\RETARDOS.INC
           CONFIG_RETARDO   0x0000fc    program     static C:\Users\flexy\Desktop\PIC Turotiales\PIC18F26K22\ASM\SPI DS1302.X\RETARDOS.INC
           ESCRIBIR_HORAS   0x0000a8    program     static C:\Users\flexy\Desktop\PIC Turotiales\PIC18F26K22\ASM\SPI DS1302.X\DS1302.asm
         ESCRIBIR_MINUTOS   0x000094    program     static C:\Users\flexy\Desktop\PIC Turotiales\PIC18F26K22\ASM\SPI DS1302.X\DS1302.asm
        ESCRIBIR_SEGUNDOS   0x000080    program     static C:\Users\flexy\Desktop\PIC Turotiales\PIC18F26K22\ASM\SPI DS1302.X\DS1302.asm
                FIN_INTER   0x000022    program     static C:\Users\flexy\Desktop\PIC Turotiales\PIC18F26K22\ASM\SPI DS1302.X\DS1302.asm
                   INICIO   0x000032    program     static C:\Users\flexy\Desktop\PIC Turotiales\PIC18F26K22\ASM\SPI DS1302.X\DS1302.asm
                 INVERTIR   0x0000be    program     static C:\Users\flexy\Desktop\PIC Turotiales\PIC18F26K22\ASM\SPI DS1302.X\DS1302.asm
                PRINCIPAL   0x00005e    program     static C:\Users\flexy\Desktop\PIC Turotiales\PIC18F26K22\ASM\SPI DS1302.X\DS1302.asm
                 RETARDOS   0x00018e    program     static C:\Users\flexy\Desktop\PIC Turotiales\PIC18F26K22\ASM\SPI DS1302.X\RETARDOS.INC
                RET_100ms   0x0001c0    program     static C:\Users\flexy\Desktop\PIC Turotiales\PIC18F26K22\ASM\SPI DS1302.X\RETARDOS.INC
                RET_100us   0x00017e    program     static C:\Users\flexy\Desktop\PIC Turotiales\PIC18F26K22\ASM\SPI DS1302.X\RETARDOS.INC
                 RET_10ms   0x0001a8    program     static C:\Users\flexy\Desktop\PIC Turotiales\PIC18F26K22\ASM\SPI DS1302.X\RETARDOS.INC
                  RET_1ms   0x0001b8    program     static C:\Users\flexy\Desktop\PIC Turotiales\PIC18F26K22\ASM\SPI DS1302.X\RETARDOS.INC
                   RET_1s   0x0001ee    program     static C:\Users\flexy\Desktop\PIC Turotiales\PIC18F26K22\ASM\SPI DS1302.X\RETARDOS.INC
                RET_500ms   0x0001c8    program     static C:\Users\flexy\Desktop\PIC Turotiales\PIC18F26K22\ASM\SPI DS1302.X\RETARDOS.INC
                  RET_5ms   0x0001b0    program     static C:\Users\flexy\Desktop\PIC Turotiales\PIC18F26K22\ASM\SPI DS1302.X\RETARDOS.INC
              RET_BOTONES   0x000108    program     static C:\Users\flexy\Desktop\PIC Turotiales\PIC18F26K22\ASM\SPI DS1302.X\RETARDOS.INC
               RET_X100ms   0x000142    program     static C:\Users\flexy\Desktop\PIC Turotiales\PIC18F26K22\ASM\SPI DS1302.X\RETARDOS.INC
                RET_X10ms   0x000156    program     static C:\Users\flexy\Desktop\PIC Turotiales\PIC18F26K22\ASM\SPI DS1302.X\RETARDOS.INC
                  RET_X1s   0x00012e    program     static C:\Users\flexy\Desktop\PIC Turotiales\PIC18F26K22\ASM\SPI DS1302.X\RETARDOS.INC
                  RET_Xms   0x00016a    program     static C:\Users\flexy\Desktop\PIC Turotiales\PIC18F26K22\ASM\SPI DS1302.X\RETARDOS.INC
                 SPI_DATA   0x0000bc    program     static C:\Users\flexy\Desktop\PIC Turotiales\PIC18F26K22\ASM\SPI DS1302.X\DS1302.asm
                 WAIT_SPI   0x0000f2    program     static C:\Users\flexy\Desktop\PIC Turotiales\PIC18F26K22\ASM\SPI DS1302.X\DS1302.asm



                              Symbols - Sorted by Address
                     Name    Address   Location    Storage File                     
                ---------  ---------  ---------  --------- ---------                
           BAJA_PRIORIDAD   0x000018    program     static C:\Users\flexy\Desktop\PIC Turotiales\PIC18F26K22\ASM\SPI DS1302.X\DS1302.asm
                FIN_INTER   0x000022    program     static C:\Users\flexy\Desktop\PIC Turotiales\PIC18F26K22\ASM\SPI DS1302.X\DS1302.asm
           ALTA_PRIORIDAD   0x00002e    program     static C:\Users\flexy\Desktop\PIC Turotiales\PIC18F26K22\ASM\SPI DS1302.X\DS1302.asm
                   INICIO   0x000032    program     static C:\Users\flexy\Desktop\PIC Turotiales\PIC18F26K22\ASM\SPI DS1302.X\DS1302.asm
                PRINCIPAL   0x00005e    program     static C:\Users\flexy\Desktop\PIC Turotiales\PIC18F26K22\ASM\SPI DS1302.X\DS1302.asm
        ESCRIBIR_SEGUNDOS   0x000080    program     static C:\Users\flexy\Desktop\PIC Turotiales\PIC18F26K22\ASM\SPI DS1302.X\DS1302.asm
         ESCRIBIR_MINUTOS   0x000094    program     static C:\Users\flexy\Desktop\PIC Turotiales\PIC18F26K22\ASM\SPI DS1302.X\DS1302.asm
           ESCRIBIR_HORAS   0x0000a8    program     static C:\Users\flexy\Desktop\PIC Turotiales\PIC18F26K22\ASM\SPI DS1302.X\DS1302.asm
                 SPI_DATA   0x0000bc    program     static C:\Users\flexy\Desktop\PIC Turotiales\PIC18F26K22\ASM\SPI DS1302.X\DS1302.asm
                 INVERTIR   0x0000be    program     static C:\Users\flexy\Desktop\PIC Turotiales\PIC18F26K22\ASM\SPI DS1302.X\DS1302.asm
                 WAIT_SPI   0x0000f2    program     static C:\Users\flexy\Desktop\PIC Turotiales\PIC18F26K22\ASM\SPI DS1302.X\DS1302.asm
           CONFIG_RETARDO   0x0000fc    program     static C:\Users\flexy\Desktop\PIC Turotiales\PIC18F26K22\ASM\SPI DS1302.X\RETARDOS.INC
              RET_BOTONES   0x000108    program     static C:\Users\flexy\Desktop\PIC Turotiales\PIC18F26K22\ASM\SPI DS1302.X\RETARDOS.INC
                  RET_X1s   0x00012e    program     static C:\Users\flexy\Desktop\PIC Turotiales\PIC18F26K22\ASM\SPI DS1302.X\RETARDOS.INC
               RET_X100ms   0x000142    program     static C:\Users\flexy\Desktop\PIC Turotiales\PIC18F26K22\ASM\SPI DS1302.X\RETARDOS.INC
                RET_X10ms   0x000156    program     static C:\Users\flexy\Desktop\PIC Turotiales\PIC18F26K22\ASM\SPI DS1302.X\RETARDOS.INC
                  RET_Xms   0x00016a    program     static C:\Users\flexy\Desktop\PIC Turotiales\PIC18F26K22\ASM\SPI DS1302.X\RETARDOS.INC
                RET_100us   0x00017e    program     static C:\Users\flexy\Desktop\PIC Turotiales\PIC18F26K22\ASM\SPI DS1302.X\RETARDOS.INC
                 RETARDOS   0x00018e    program     static C:\Users\flexy\Desktop\PIC Turotiales\PIC18F26K22\ASM\SPI DS1302.X\RETARDOS.INC
            CICLO_RETARDO   0x000198    program     static C:\Users\flexy\Desktop\PIC Turotiales\PIC18F26K22\ASM\SPI DS1302.X\RETARDOS.INC
                 RET_10ms   0x0001a8    program     static C:\Users\flexy\Desktop\PIC Turotiales\PIC18F26K22\ASM\SPI DS1302.X\RETARDOS.INC
                  RET_5ms   0x0001b0    program     static C:\Users\flexy\Desktop\PIC Turotiales\PIC18F26K22\ASM\SPI DS1302.X\RETARDOS.INC
                  RET_1ms   0x0001b8    program     static C:\Users\flexy\Desktop\PIC Turotiales\PIC18F26K22\ASM\SPI DS1302.X\RETARDOS.INC
                RET_100ms   0x0001c0    program     static C:\Users\flexy\Desktop\PIC Turotiales\PIC18F26K22\ASM\SPI DS1302.X\RETARDOS.INC
                RET_500ms   0x0001c8    program     static C:\Users\flexy\Desktop\PIC Turotiales\PIC18F26K22\ASM\SPI DS1302.X\RETARDOS.INC
                   RET_1s   0x0001ee    program     static C:\Users\flexy\Desktop\PIC Turotiales\PIC18F26K22\ASM\SPI DS1302.X\RETARDOS.INC


