MPLINK 5.09, LINKER
Linker Map File - Created Sun Jun 14 02:45:52 2020

                                 Section Info
                  Section       Type    Address   Location Size(Bytes)
                ---------  ---------  ---------  ---------  ---------
                   .org_0       code   0x000000    program   0x000004
                   .cinit    romdata   0x000004    program   0x000002
                   .org_1       code   0x000008    program   0x000004
                   .org_2       code   0x000018    program   0x0001f4
.config_300001_BUILD/DEFAULT/PRODUCTION/MAIN.O    romdata   0x300001    program   0x000001
.config_300002_BUILD/DEFAULT/PRODUCTION/MAIN.O    romdata   0x300002    program   0x000001
.config_300003_BUILD/DEFAULT/PRODUCTION/MAIN.O    romdata   0x300003    program   0x000001
.config_300005_BUILD/DEFAULT/PRODUCTION/MAIN.O    romdata   0x300005    program   0x000001
.config_300006_BUILD/DEFAULT/PRODUCTION/MAIN.O    romdata   0x300006    program   0x000001
.config_300008_BUILD/DEFAULT/PRODUCTION/MAIN.O    romdata   0x300008    program   0x000001
.config_300009_BUILD/DEFAULT/PRODUCTION/MAIN.O    romdata   0x300009    program   0x000001
.config_30000A_BUILD/DEFAULT/PRODUCTION/MAIN.O    romdata   0x30000a    program   0x000001
.config_30000B_BUILD/DEFAULT/PRODUCTION/MAIN.O    romdata   0x30000b    program   0x000001
.config_30000C_BUILD/DEFAULT/PRODUCTION/MAIN.O    romdata   0x30000c    program   0x000001
.config_30000D_BUILD/DEFAULT/PRODUCTION/MAIN.O    romdata   0x30000d    program   0x000001



                              Program Memory Usage 
                               Start         End      
                           ---------   ---------      
                            0x000000    0x000005      
                            0x000008    0x00000b      
                            0x000018    0x00020b      
                            0x300001    0x300003      
                            0x300005    0x300006      
                            0x300008    0x30000d      
            521 out of 66584 program addresses used, program memory utilization is 0%



                              Symbols - Sorted by Name
                     Name    Address   Location    Storage File                     
                ---------  ---------  ---------  --------- ---------                
           ALTA_PRIORIDAD   0x00002e    program     static C:\Users\flexy\Desktop\PIC Turotiales\PIC18F26K22\ASM\TECLADO DISPLAY.X\MAIN.asm
           BAJA_PRIORIDAD   0x000018    program     static C:\Users\flexy\Desktop\PIC Turotiales\PIC18F26K22\ASM\TECLADO DISPLAY.X\MAIN.asm
            CICLO_RETARDO   0x0001ae    program     static C:\Users\flexy\Desktop\PIC Turotiales\PIC18F26K22\ASM\TECLADO DISPLAY.X\RETARDOS.INC
           CONFIG_RETARDO   0x000112    program     static C:\Users\flexy\Desktop\PIC Turotiales\PIC18F26K22\ASM\TECLADO DISPLAY.X\RETARDOS.INC
                FIN_INTER   0x000022    program     static C:\Users\flexy\Desktop\PIC Turotiales\PIC18F26K22\ASM\TECLADO DISPLAY.X\MAIN.asm
                   INICIO   0x000032    program     static C:\Users\flexy\Desktop\PIC Turotiales\PIC18F26K22\ASM\TECLADO DISPLAY.X\MAIN.asm
             MUESTRA_CERO   0x000108    program     static C:\Users\flexy\Desktop\PIC Turotiales\PIC18F26K22\ASM\TECLADO DISPLAY.X\MAIN.asm
            MUESTRA_CINCO   0x0000ea    program     static C:\Users\flexy\Desktop\PIC Turotiales\PIC18F26K22\ASM\TECLADO DISPLAY.X\MAIN.asm
           MUESTRA_CUATRO   0x0000f0    program     static C:\Users\flexy\Desktop\PIC Turotiales\PIC18F26K22\ASM\TECLADO DISPLAY.X\MAIN.asm
             MUESTRA_DIEZ   0x0000cc    program     static C:\Users\flexy\Desktop\PIC Turotiales\PIC18F26K22\ASM\TECLADO DISPLAY.X\MAIN.asm
              MUESTRA_DOS   0x0000fc    program     static C:\Users\flexy\Desktop\PIC Turotiales\PIC18F26K22\ASM\TECLADO DISPLAY.X\MAIN.asm
            MUESTRA_NUEVE   0x0000d2    program     static C:\Users\flexy\Desktop\PIC Turotiales\PIC18F26K22\ASM\TECLADO DISPLAY.X\MAIN.asm
             MUESTRA_OCHO   0x0000d8    program     static C:\Users\flexy\Desktop\PIC Turotiales\PIC18F26K22\ASM\TECLADO DISPLAY.X\MAIN.asm
             MUESTRA_ONCE   0x0000c6    program     static C:\Users\flexy\Desktop\PIC Turotiales\PIC18F26K22\ASM\TECLADO DISPLAY.X\MAIN.asm
             MUESTRA_SEIS   0x0000e4    program     static C:\Users\flexy\Desktop\PIC Turotiales\PIC18F26K22\ASM\TECLADO DISPLAY.X\MAIN.asm
            MUESTRA_SIETE   0x0000de    program     static C:\Users\flexy\Desktop\PIC Turotiales\PIC18F26K22\ASM\TECLADO DISPLAY.X\MAIN.asm
             MUESTRA_TRES   0x0000f6    program     static C:\Users\flexy\Desktop\PIC Turotiales\PIC18F26K22\ASM\TECLADO DISPLAY.X\MAIN.asm
              MUESTRA_UNO   0x000102    program     static C:\Users\flexy\Desktop\PIC Turotiales\PIC18F26K22\ASM\TECLADO DISPLAY.X\MAIN.asm
                PRINCIPAL   0x00005c    program     static C:\Users\flexy\Desktop\PIC Turotiales\PIC18F26K22\ASM\TECLADO DISPLAY.X\MAIN.asm
                 RETARDOS   0x0001a4    program     static C:\Users\flexy\Desktop\PIC Turotiales\PIC18F26K22\ASM\TECLADO DISPLAY.X\RETARDOS.INC
                RET_100ms   0x0001d6    program     static C:\Users\flexy\Desktop\PIC Turotiales\PIC18F26K22\ASM\TECLADO DISPLAY.X\RETARDOS.INC
                RET_100us   0x000194    program     static C:\Users\flexy\Desktop\PIC Turotiales\PIC18F26K22\ASM\TECLADO DISPLAY.X\RETARDOS.INC
                 RET_10ms   0x0001be    program     static C:\Users\flexy\Desktop\PIC Turotiales\PIC18F26K22\ASM\TECLADO DISPLAY.X\RETARDOS.INC
                  RET_1ms   0x0001ce    program     static C:\Users\flexy\Desktop\PIC Turotiales\PIC18F26K22\ASM\TECLADO DISPLAY.X\RETARDOS.INC
                   RET_1s   0x000204    program     static C:\Users\flexy\Desktop\PIC Turotiales\PIC18F26K22\ASM\TECLADO DISPLAY.X\RETARDOS.INC
                RET_500ms   0x0001de    program     static C:\Users\flexy\Desktop\PIC Turotiales\PIC18F26K22\ASM\TECLADO DISPLAY.X\RETARDOS.INC
                  RET_5ms   0x0001c6    program     static C:\Users\flexy\Desktop\PIC Turotiales\PIC18F26K22\ASM\TECLADO DISPLAY.X\RETARDOS.INC
              RET_BOTONES   0x00011e    program     static C:\Users\flexy\Desktop\PIC Turotiales\PIC18F26K22\ASM\TECLADO DISPLAY.X\RETARDOS.INC
               RET_X100ms   0x000158    program     static C:\Users\flexy\Desktop\PIC Turotiales\PIC18F26K22\ASM\TECLADO DISPLAY.X\RETARDOS.INC
                RET_X10ms   0x00016c    program     static C:\Users\flexy\Desktop\PIC Turotiales\PIC18F26K22\ASM\TECLADO DISPLAY.X\RETARDOS.INC
                  RET_X1s   0x000144    program     static C:\Users\flexy\Desktop\PIC Turotiales\PIC18F26K22\ASM\TECLADO DISPLAY.X\RETARDOS.INC
                  RET_Xms   0x000180    program     static C:\Users\flexy\Desktop\PIC Turotiales\PIC18F26K22\ASM\TECLADO DISPLAY.X\RETARDOS.INC



                              Symbols - Sorted by Address
                     Name    Address   Location    Storage File                     
                ---------  ---------  ---------  --------- ---------                
           BAJA_PRIORIDAD   0x000018    program     static C:\Users\flexy\Desktop\PIC Turotiales\PIC18F26K22\ASM\TECLADO DISPLAY.X\MAIN.asm
                FIN_INTER   0x000022    program     static C:\Users\flexy\Desktop\PIC Turotiales\PIC18F26K22\ASM\TECLADO DISPLAY.X\MAIN.asm
           ALTA_PRIORIDAD   0x00002e    program     static C:\Users\flexy\Desktop\PIC Turotiales\PIC18F26K22\ASM\TECLADO DISPLAY.X\MAIN.asm
                   INICIO   0x000032    program     static C:\Users\flexy\Desktop\PIC Turotiales\PIC18F26K22\ASM\TECLADO DISPLAY.X\MAIN.asm
                PRINCIPAL   0x00005c    program     static C:\Users\flexy\Desktop\PIC Turotiales\PIC18F26K22\ASM\TECLADO DISPLAY.X\MAIN.asm
             MUESTRA_ONCE   0x0000c6    program     static C:\Users\flexy\Desktop\PIC Turotiales\PIC18F26K22\ASM\TECLADO DISPLAY.X\MAIN.asm
             MUESTRA_DIEZ   0x0000cc    program     static C:\Users\flexy\Desktop\PIC Turotiales\PIC18F26K22\ASM\TECLADO DISPLAY.X\MAIN.asm
            MUESTRA_NUEVE   0x0000d2    program     static C:\Users\flexy\Desktop\PIC Turotiales\PIC18F26K22\ASM\TECLADO DISPLAY.X\MAIN.asm
             MUESTRA_OCHO   0x0000d8    program     static C:\Users\flexy\Desktop\PIC Turotiales\PIC18F26K22\ASM\TECLADO DISPLAY.X\MAIN.asm
            MUESTRA_SIETE   0x0000de    program     static C:\Users\flexy\Desktop\PIC Turotiales\PIC18F26K22\ASM\TECLADO DISPLAY.X\MAIN.asm
             MUESTRA_SEIS   0x0000e4    program     static C:\Users\flexy\Desktop\PIC Turotiales\PIC18F26K22\ASM\TECLADO DISPLAY.X\MAIN.asm
            MUESTRA_CINCO   0x0000ea    program     static C:\Users\flexy\Desktop\PIC Turotiales\PIC18F26K22\ASM\TECLADO DISPLAY.X\MAIN.asm
           MUESTRA_CUATRO   0x0000f0    program     static C:\Users\flexy\Desktop\PIC Turotiales\PIC18F26K22\ASM\TECLADO DISPLAY.X\MAIN.asm
             MUESTRA_TRES   0x0000f6    program     static C:\Users\flexy\Desktop\PIC Turotiales\PIC18F26K22\ASM\TECLADO DISPLAY.X\MAIN.asm
              MUESTRA_DOS   0x0000fc    program     static C:\Users\flexy\Desktop\PIC Turotiales\PIC18F26K22\ASM\TECLADO DISPLAY.X\MAIN.asm
              MUESTRA_UNO   0x000102    program     static C:\Users\flexy\Desktop\PIC Turotiales\PIC18F26K22\ASM\TECLADO DISPLAY.X\MAIN.asm
             MUESTRA_CERO   0x000108    program     static C:\Users\flexy\Desktop\PIC Turotiales\PIC18F26K22\ASM\TECLADO DISPLAY.X\MAIN.asm
           CONFIG_RETARDO   0x000112    program     static C:\Users\flexy\Desktop\PIC Turotiales\PIC18F26K22\ASM\TECLADO DISPLAY.X\RETARDOS.INC
              RET_BOTONES   0x00011e    program     static C:\Users\flexy\Desktop\PIC Turotiales\PIC18F26K22\ASM\TECLADO DISPLAY.X\RETARDOS.INC
                  RET_X1s   0x000144    program     static C:\Users\flexy\Desktop\PIC Turotiales\PIC18F26K22\ASM\TECLADO DISPLAY.X\RETARDOS.INC
               RET_X100ms   0x000158    program     static C:\Users\flexy\Desktop\PIC Turotiales\PIC18F26K22\ASM\TECLADO DISPLAY.X\RETARDOS.INC
                RET_X10ms   0x00016c    program     static C:\Users\flexy\Desktop\PIC Turotiales\PIC18F26K22\ASM\TECLADO DISPLAY.X\RETARDOS.INC
                  RET_Xms   0x000180    program     static C:\Users\flexy\Desktop\PIC Turotiales\PIC18F26K22\ASM\TECLADO DISPLAY.X\RETARDOS.INC
                RET_100us   0x000194    program     static C:\Users\flexy\Desktop\PIC Turotiales\PIC18F26K22\ASM\TECLADO DISPLAY.X\RETARDOS.INC
                 RETARDOS   0x0001a4    program     static C:\Users\flexy\Desktop\PIC Turotiales\PIC18F26K22\ASM\TECLADO DISPLAY.X\RETARDOS.INC
            CICLO_RETARDO   0x0001ae    program     static C:\Users\flexy\Desktop\PIC Turotiales\PIC18F26K22\ASM\TECLADO DISPLAY.X\RETARDOS.INC
                 RET_10ms   0x0001be    program     static C:\Users\flexy\Desktop\PIC Turotiales\PIC18F26K22\ASM\TECLADO DISPLAY.X\RETARDOS.INC
                  RET_5ms   0x0001c6    program     static C:\Users\flexy\Desktop\PIC Turotiales\PIC18F26K22\ASM\TECLADO DISPLAY.X\RETARDOS.INC
                  RET_1ms   0x0001ce    program     static C:\Users\flexy\Desktop\PIC Turotiales\PIC18F26K22\ASM\TECLADO DISPLAY.X\RETARDOS.INC
                RET_100ms   0x0001d6    program     static C:\Users\flexy\Desktop\PIC Turotiales\PIC18F26K22\ASM\TECLADO DISPLAY.X\RETARDOS.INC
                RET_500ms   0x0001de    program     static C:\Users\flexy\Desktop\PIC Turotiales\PIC18F26K22\ASM\TECLADO DISPLAY.X\RETARDOS.INC
                   RET_1s   0x000204    program     static C:\Users\flexy\Desktop\PIC Turotiales\PIC18F26K22\ASM\TECLADO DISPLAY.X\RETARDOS.INC


