MPLINK 5.09, LINKER
Linker Map File - Created Mon Sep 05 23:48:38 2022

                                 Section Info
                  Section       Type    Address   Location Size(Bytes)
                ---------  ---------  ---------  ---------  ---------
                   .org_0       code   0x000000    program   0x000004
                   .cinit    romdata   0x000004    program   0x000002
                   .org_1       code   0x000008    program   0x000004
                   .org_2       code   0x000018    program   0x000170
.config_300001_BUILD/DEFAULT/PRODUCTION/SPI_MCP    romdata   0x300001    program   0x000001
.config_300002_BUILD/DEFAULT/PRODUCTION/SPI_MCP    romdata   0x300002    program   0x000001
.config_300003_BUILD/DEFAULT/PRODUCTION/SPI_MCP    romdata   0x300003    program   0x000001
.config_300005_BUILD/DEFAULT/PRODUCTION/SPI_MCP    romdata   0x300005    program   0x000001
.config_300006_BUILD/DEFAULT/PRODUCTION/SPI_MCP    romdata   0x300006    program   0x000001
.config_300008_BUILD/DEFAULT/PRODUCTION/SPI_MCP    romdata   0x300008    program   0x000001
.config_300009_BUILD/DEFAULT/PRODUCTION/SPI_MCP    romdata   0x300009    program   0x000001
.config_30000A_BUILD/DEFAULT/PRODUCTION/SPI_MCP    romdata   0x30000a    program   0x000001
.config_30000B_BUILD/DEFAULT/PRODUCTION/SPI_MCP    romdata   0x30000b    program   0x000001
.config_30000C_BUILD/DEFAULT/PRODUCTION/SPI_MCP    romdata   0x30000c    program   0x000001
.config_30000D_BUILD/DEFAULT/PRODUCTION/SPI_MCP    romdata   0x30000d    program   0x000001



                              Program Memory Usage 
                               Start         End      
                           ---------   ---------      
                            0x000000    0x000005      
                            0x000008    0x00000b      
                            0x000018    0x000187      
                            0x300001    0x300003      
                            0x300005    0x300006      
                            0x300008    0x30000d      
            389 out of 66584 program addresses used, program memory utilization is 0%



                              Symbols - Sorted by Name
                     Name    Address   Location    Storage File                     
                ---------  ---------  ---------  --------- ---------                
           ALTA_PRIORIDAD   0x00002e    program     static C:\Users\flexy\Desktop\PIC Turotiales\PIC18F26K22\ASM\SPI_PD.X\SPI_MCP.asm
           BAJA_PRIORIDAD   0x000018    program     static C:\Users\flexy\Desktop\PIC Turotiales\PIC18F26K22\ASM\SPI_PD.X\SPI_MCP.asm
            CICLO_RETARDO   0x00012a    program     static C:\Users\flexy\Desktop\PIC Turotiales\PIC18F26K22\ASM\SPI_PD.X\RETARDOS.INC
           CONFIG_RETARDO   0x00008e    program     static C:\Users\flexy\Desktop\PIC Turotiales\PIC18F26K22\ASM\SPI_PD.X\RETARDOS.INC
                FIN_INTER   0x000022    program     static C:\Users\flexy\Desktop\PIC Turotiales\PIC18F26K22\ASM\SPI_PD.X\SPI_MCP.asm
                   INICIO   0x000032    program     static C:\Users\flexy\Desktop\PIC Turotiales\PIC18F26K22\ASM\SPI_PD.X\SPI_MCP.asm
                PRINCIPAL   0x00005e    program     static C:\Users\flexy\Desktop\PIC Turotiales\PIC18F26K22\ASM\SPI_PD.X\SPI_MCP.asm
                 RETARDOS   0x000120    program     static C:\Users\flexy\Desktop\PIC Turotiales\PIC18F26K22\ASM\SPI_PD.X\RETARDOS.INC
                RET_100ms   0x000152    program     static C:\Users\flexy\Desktop\PIC Turotiales\PIC18F26K22\ASM\SPI_PD.X\RETARDOS.INC
                RET_100us   0x000110    program     static C:\Users\flexy\Desktop\PIC Turotiales\PIC18F26K22\ASM\SPI_PD.X\RETARDOS.INC
                 RET_10ms   0x00013a    program     static C:\Users\flexy\Desktop\PIC Turotiales\PIC18F26K22\ASM\SPI_PD.X\RETARDOS.INC
                  RET_1ms   0x00014a    program     static C:\Users\flexy\Desktop\PIC Turotiales\PIC18F26K22\ASM\SPI_PD.X\RETARDOS.INC
                   RET_1s   0x000180    program     static C:\Users\flexy\Desktop\PIC Turotiales\PIC18F26K22\ASM\SPI_PD.X\RETARDOS.INC
                RET_500ms   0x00015a    program     static C:\Users\flexy\Desktop\PIC Turotiales\PIC18F26K22\ASM\SPI_PD.X\RETARDOS.INC
                  RET_5ms   0x000142    program     static C:\Users\flexy\Desktop\PIC Turotiales\PIC18F26K22\ASM\SPI_PD.X\RETARDOS.INC
              RET_BOTONES   0x00009a    program     static C:\Users\flexy\Desktop\PIC Turotiales\PIC18F26K22\ASM\SPI_PD.X\RETARDOS.INC
               RET_X100ms   0x0000d4    program     static C:\Users\flexy\Desktop\PIC Turotiales\PIC18F26K22\ASM\SPI_PD.X\RETARDOS.INC
                RET_X10ms   0x0000e8    program     static C:\Users\flexy\Desktop\PIC Turotiales\PIC18F26K22\ASM\SPI_PD.X\RETARDOS.INC
                  RET_X1s   0x0000c0    program     static C:\Users\flexy\Desktop\PIC Turotiales\PIC18F26K22\ASM\SPI_PD.X\RETARDOS.INC
                  RET_Xms   0x0000fc    program     static C:\Users\flexy\Desktop\PIC Turotiales\PIC18F26K22\ASM\SPI_PD.X\RETARDOS.INC
                 SPI_DATA   0x000082    program     static C:\Users\flexy\Desktop\PIC Turotiales\PIC18F26K22\ASM\SPI_PD.X\SPI_MCP.asm
                 WAIT_SPI   0x000084    program     static C:\Users\flexy\Desktop\PIC Turotiales\PIC18F26K22\ASM\SPI_PD.X\SPI_MCP.asm
                WRITE_MCP   0x00006e    program     static C:\Users\flexy\Desktop\PIC Turotiales\PIC18F26K22\ASM\SPI_PD.X\SPI_MCP.asm



                              Symbols - Sorted by Address
                     Name    Address   Location    Storage File                     
                ---------  ---------  ---------  --------- ---------                
           BAJA_PRIORIDAD   0x000018    program     static C:\Users\flexy\Desktop\PIC Turotiales\PIC18F26K22\ASM\SPI_PD.X\SPI_MCP.asm
                FIN_INTER   0x000022    program     static C:\Users\flexy\Desktop\PIC Turotiales\PIC18F26K22\ASM\SPI_PD.X\SPI_MCP.asm
           ALTA_PRIORIDAD   0x00002e    program     static C:\Users\flexy\Desktop\PIC Turotiales\PIC18F26K22\ASM\SPI_PD.X\SPI_MCP.asm
                   INICIO   0x000032    program     static C:\Users\flexy\Desktop\PIC Turotiales\PIC18F26K22\ASM\SPI_PD.X\SPI_MCP.asm
                PRINCIPAL   0x00005e    program     static C:\Users\flexy\Desktop\PIC Turotiales\PIC18F26K22\ASM\SPI_PD.X\SPI_MCP.asm
                WRITE_MCP   0x00006e    program     static C:\Users\flexy\Desktop\PIC Turotiales\PIC18F26K22\ASM\SPI_PD.X\SPI_MCP.asm
                 SPI_DATA   0x000082    program     static C:\Users\flexy\Desktop\PIC Turotiales\PIC18F26K22\ASM\SPI_PD.X\SPI_MCP.asm
                 WAIT_SPI   0x000084    program     static C:\Users\flexy\Desktop\PIC Turotiales\PIC18F26K22\ASM\SPI_PD.X\SPI_MCP.asm
           CONFIG_RETARDO   0x00008e    program     static C:\Users\flexy\Desktop\PIC Turotiales\PIC18F26K22\ASM\SPI_PD.X\RETARDOS.INC
              RET_BOTONES   0x00009a    program     static C:\Users\flexy\Desktop\PIC Turotiales\PIC18F26K22\ASM\SPI_PD.X\RETARDOS.INC
                  RET_X1s   0x0000c0    program     static C:\Users\flexy\Desktop\PIC Turotiales\PIC18F26K22\ASM\SPI_PD.X\RETARDOS.INC
               RET_X100ms   0x0000d4    program     static C:\Users\flexy\Desktop\PIC Turotiales\PIC18F26K22\ASM\SPI_PD.X\RETARDOS.INC
                RET_X10ms   0x0000e8    program     static C:\Users\flexy\Desktop\PIC Turotiales\PIC18F26K22\ASM\SPI_PD.X\RETARDOS.INC
                  RET_Xms   0x0000fc    program     static C:\Users\flexy\Desktop\PIC Turotiales\PIC18F26K22\ASM\SPI_PD.X\RETARDOS.INC
                RET_100us   0x000110    program     static C:\Users\flexy\Desktop\PIC Turotiales\PIC18F26K22\ASM\SPI_PD.X\RETARDOS.INC
                 RETARDOS   0x000120    program     static C:\Users\flexy\Desktop\PIC Turotiales\PIC18F26K22\ASM\SPI_PD.X\RETARDOS.INC
            CICLO_RETARDO   0x00012a    program     static C:\Users\flexy\Desktop\PIC Turotiales\PIC18F26K22\ASM\SPI_PD.X\RETARDOS.INC
                 RET_10ms   0x00013a    program     static C:\Users\flexy\Desktop\PIC Turotiales\PIC18F26K22\ASM\SPI_PD.X\RETARDOS.INC
                  RET_5ms   0x000142    program     static C:\Users\flexy\Desktop\PIC Turotiales\PIC18F26K22\ASM\SPI_PD.X\RETARDOS.INC
                  RET_1ms   0x00014a    program     static C:\Users\flexy\Desktop\PIC Turotiales\PIC18F26K22\ASM\SPI_PD.X\RETARDOS.INC
                RET_100ms   0x000152    program     static C:\Users\flexy\Desktop\PIC Turotiales\PIC18F26K22\ASM\SPI_PD.X\RETARDOS.INC
                RET_500ms   0x00015a    program     static C:\Users\flexy\Desktop\PIC Turotiales\PIC18F26K22\ASM\SPI_PD.X\RETARDOS.INC
                   RET_1s   0x000180    program     static C:\Users\flexy\Desktop\PIC Turotiales\PIC18F26K22\ASM\SPI_PD.X\RETARDOS.INC


