MPLINK 5.09, LINKER
Linker Map File - Created Thu Apr 07 00:49:03 2022

                                 Section Info
                  Section       Type    Address   Location Size(Bytes)
                ---------  ---------  ---------  ---------  ---------
                   .org_0       code   0x000000    program   0x000004
                   .cinit    romdata   0x000004    program   0x000002
                   .org_1       code   0x000008    program   0x000004
                   .org_2       code   0x000018    program   0x00046c
.config_300001_BUILD/DEFAULT/PRODUCTION/MAINLCD    romdata   0x300001    program   0x000001
.config_300002_BUILD/DEFAULT/PRODUCTION/MAINLCD    romdata   0x300002    program   0x000001
.config_300003_BUILD/DEFAULT/PRODUCTION/MAINLCD    romdata   0x300003    program   0x000001
.config_300005_BUILD/DEFAULT/PRODUCTION/MAINLCD    romdata   0x300005    program   0x000001
.config_300006_BUILD/DEFAULT/PRODUCTION/MAINLCD    romdata   0x300006    program   0x000001
.config_300008_BUILD/DEFAULT/PRODUCTION/MAINLCD    romdata   0x300008    program   0x000001
.config_300009_BUILD/DEFAULT/PRODUCTION/MAINLCD    romdata   0x300009    program   0x000001
.config_30000A_BUILD/DEFAULT/PRODUCTION/MAINLCD    romdata   0x30000a    program   0x000001
.config_30000B_BUILD/DEFAULT/PRODUCTION/MAINLCD    romdata   0x30000b    program   0x000001
.config_30000C_BUILD/DEFAULT/PRODUCTION/MAINLCD    romdata   0x30000c    program   0x000001
.config_30000D_BUILD/DEFAULT/PRODUCTION/MAINLCD    romdata   0x30000d    program   0x000001



                              Program Memory Usage 
                               Start         End      
                           ---------   ---------      
                            0x000000    0x000005      
                            0x000008    0x00000b      
                            0x000018    0x000483      
                            0x300001    0x300003      
                            0x300005    0x300006      
                            0x300008    0x30000d      
            1153 out of 66584 program addresses used, program memory utilization is 1%



                              Symbols - Sorted by Name
                     Name    Address   Location    Storage File                     
                ---------  ---------  ---------  --------- ---------                
           ALTA_PRIORIDAD   0x00002e    program     static C:\Users\flexy\Desktop\PIC Turotiales\PIC18F26K22\ASM\LCD TABLAS.X\MAINLCDT.asm
           BAJA_PRIORIDAD   0x000018    program     static C:\Users\flexy\Desktop\PIC Turotiales\PIC18F26K22\ASM\LCD TABLAS.X\MAINLCDT.asm
           BSUMA_CENTENAS   0x000220    program     static C:\Users\flexy\Desktop\PIC Turotiales\PIC18F26K22\ASM\LCD TABLAS.X\LCD_4BIT.INC
            BSUMA_DECENAS   0x000236    program     static C:\Users\flexy\Desktop\PIC Turotiales\PIC18F26K22\ASM\LCD TABLAS.X\LCD_4BIT.INC
           BSUMA_UNIDADES   0x00023e    program     static C:\Users\flexy\Desktop\PIC Turotiales\PIC18F26K22\ASM\LCD TABLAS.X\LCD_4BIT.INC
              BS_CENTENAS   0x000212    program     static C:\Users\flexy\Desktop\PIC Turotiales\PIC18F26K22\ASM\LCD TABLAS.X\LCD_4BIT.INC
               BS_DECENAS   0x000228    program     static C:\Users\flexy\Desktop\PIC Turotiales\PIC18F26K22\ASM\LCD TABLAS.X\LCD_4BIT.INC
            CICLO_RETARDO   0x0001fe    program     static C:\Users\flexy\Desktop\PIC Turotiales\PIC18F26K22\ASM\LCD TABLAS.X\RETARDOS.INC
           CONVERSION_BCD   0x000244    program     static C:\Users\flexy\Desktop\PIC Turotiales\PIC18F26K22\ASM\LCD TABLAS.X\LCD_4BIT.INC
           CONVERSION_BIN   0x00020a    program     static C:\Users\flexy\Desktop\PIC Turotiales\PIC18F26K22\ASM\LCD TABLAS.X\LCD_4BIT.INC
              ENVIAR_DATO   0x0003bc    program     static C:\Users\flexy\Desktop\PIC Turotiales\PIC18F26K22\ASM\LCD TABLAS.X\LCD_4BIT.INC
                FIN_INTER   0x000022    program     static C:\Users\flexy\Desktop\PIC Turotiales\PIC18F26K22\ASM\LCD TABLAS.X\MAINLCDT.asm
                   INICIO   0x000032    program     static C:\Users\flexy\Desktop\PIC Turotiales\PIC18F26K22\ASM\LCD TABLAS.X\MAINLCDT.asm
                  INI_LCD   0x000286    program     static C:\Users\flexy\Desktop\PIC Turotiales\PIC18F26K22\ASM\LCD TABLAS.X\LCD_4BIT.INC
      LCD_2Lineas4Bits5x7   0x0003b0    program     static C:\Users\flexy\Desktop\PIC Turotiales\PIC18F26K22\ASM\LCD TABLAS.X\LCD_4BIT.INC
                 LCD_Byte   0x00044a    program     static C:\Users\flexy\Desktop\PIC Turotiales\PIC18F26K22\ASM\LCD TABLAS.X\LCD_4BIT.INC
         LCD_ByteCompleto   0x00045e    program     static C:\Users\flexy\Desktop\PIC Turotiales\PIC18F26K22\ASM\LCD TABLAS.X\LCD_4BIT.INC
                LCD_CLEAR   0x0003ac    program     static C:\Users\flexy\Desktop\PIC Turotiales\PIC18F26K22\ASM\LCD TABLAS.X\LCD_4BIT.INC
             LCD_CLEAR_L1   0x000410    program     static C:\Users\flexy\Desktop\PIC Turotiales\PIC18F26K22\ASM\LCD TABLAS.X\LCD_4BIT.INC
             LCD_CLEAR_L2   0x00041a    program     static C:\Users\flexy\Desktop\PIC Turotiales\PIC18F26K22\ASM\LCD TABLAS.X\LCD_4BIT.INC
             LCD_CLEAR_L3   0x000424    program     static C:\Users\flexy\Desktop\PIC Turotiales\PIC18F26K22\ASM\LCD TABLAS.X\LCD_4BIT.INC
             LCD_CLEAR_L4   0x00042e    program     static C:\Users\flexy\Desktop\PIC Turotiales\PIC18F26K22\ASM\LCD TABLAS.X\LCD_4BIT.INC
                  LCD_CMD   0x0003b2    program     static C:\Users\flexy\Desktop\PIC Turotiales\PIC18F26K22\ASM\LCD TABLAS.X\LCD_4BIT.INC
                 LCD_CTMP   0x0002e4    program     static C:\Users\flexy\Desktop\PIC Turotiales\PIC18F26K22\ASM\LCD TABLAS.X\LCD_4BIT.INC
           LCD_CURSOR_BON   0x0003b8    program     static C:\Users\flexy\Desktop\PIC Turotiales\PIC18F26K22\ASM\LCD TABLAS.X\LCD_4BIT.INC
                LCD_C_OFF   0x0003a8    program     static C:\Users\flexy\Desktop\PIC Turotiales\PIC18F26K22\ASM\LCD TABLAS.X\LCD_4BIT.INC
                 LCD_C_ON   0x0003a4    program     static C:\Users\flexy\Desktop\PIC Turotiales\PIC18F26K22\ASM\LCD TABLAS.X\LCD_4BIT.INC
          LCD_CodigoCGROM   0x0003da    program     static C:\Users\flexy\Desktop\PIC Turotiales\PIC18F26K22\ASM\LCD TABLAS.X\LCD_4BIT.INC
           LCD_CursorIncr   0x0002e0    program     static C:\Users\flexy\Desktop\PIC Turotiales\PIC18F26K22\ASM\LCD TABLAS.X\LCD_4BIT.INC
        LCD_EnheMayuscula   0x0003ec    program     static C:\Users\flexy\Desktop\PIC Turotiales\PIC18F26K22\ASM\LCD TABLAS.X\LCD_4BIT.INC
        LCD_EnheMinuscula   0x0003dc    program     static C:\Users\flexy\Desktop\PIC Turotiales\PIC18F26K22\ASM\LCD TABLAS.X\LCD_4BIT.INC
                LCD_Envia   0x0003c2    program     static C:\Users\flexy\Desktop\PIC Turotiales\PIC18F26K22\ASM\LCD TABLAS.X\LCD_4BIT.INC
       LCD_EnviaByteLetra   0x00047c    program     static C:\Users\flexy\Desktop\PIC Turotiales\PIC18F26K22\ASM\LCD TABLAS.X\LCD_4BIT.INC
             LCD_FinCGROM   0x00040c    program     static C:\Users\flexy\Desktop\PIC Turotiales\PIC18F26K22\ASM\LCD TABLAS.X\LCD_4BIT.INC
   LCD_FinVisualizaDigito   0x000480    program     static C:\Users\flexy\Desktop\PIC Turotiales\PIC18F26K22\ASM\LCD TABLAS.X\LCD_4BIT.INC
                LCD_Grado   0x0003fe    program     static C:\Users\flexy\Desktop\PIC Turotiales\PIC18F26K22\ASM\LCD TABLAS.X\LCD_4BIT.INC
                   LCD_L1   0x0002f0    program     static C:\Users\flexy\Desktop\PIC Turotiales\PIC18F26K22\ASM\LCD TABLAS.X\LCD_4BIT.INC
               LCD_L1MENU   0x0002e8    program     static C:\Users\flexy\Desktop\PIC Turotiales\PIC18F26K22\ASM\LCD TABLAS.X\LCD_4BIT.INC
                   LCD_L2   0x0002f4    program     static C:\Users\flexy\Desktop\PIC Turotiales\PIC18F26K22\ASM\LCD TABLAS.X\LCD_4BIT.INC
               LCD_L2MENU   0x0002ec    program     static C:\Users\flexy\Desktop\PIC Turotiales\PIC18F26K22\ASM\LCD TABLAS.X\LCD_4BIT.INC
                   LCD_L3   0x0002f8    program     static C:\Users\flexy\Desktop\PIC Turotiales\PIC18F26K22\ASM\LCD TABLAS.X\LCD_4BIT.INC
                LCD_L3.10   0x00031c    program     static C:\Users\flexy\Desktop\PIC Turotiales\PIC18F26K22\ASM\LCD TABLAS.X\LCD_4BIT.INC
                LCD_L3.11   0x000320    program     static C:\Users\flexy\Desktop\PIC Turotiales\PIC18F26K22\ASM\LCD TABLAS.X\LCD_4BIT.INC
                LCD_L3.12   0x000324    program     static C:\Users\flexy\Desktop\PIC Turotiales\PIC18F26K22\ASM\LCD TABLAS.X\LCD_4BIT.INC
                LCD_L3.13   0x000328    program     static C:\Users\flexy\Desktop\PIC Turotiales\PIC18F26K22\ASM\LCD TABLAS.X\LCD_4BIT.INC
                LCD_L3.14   0x00032c    program     static C:\Users\flexy\Desktop\PIC Turotiales\PIC18F26K22\ASM\LCD TABLAS.X\LCD_4BIT.INC
                LCD_L3.15   0x000330    program     static C:\Users\flexy\Desktop\PIC Turotiales\PIC18F26K22\ASM\LCD TABLAS.X\LCD_4BIT.INC
                LCD_L3.16   0x000334    program     static C:\Users\flexy\Desktop\PIC Turotiales\PIC18F26K22\ASM\LCD TABLAS.X\LCD_4BIT.INC
                LCD_L3.17   0x000338    program     static C:\Users\flexy\Desktop\PIC Turotiales\PIC18F26K22\ASM\LCD TABLAS.X\LCD_4BIT.INC
                LCD_L3.18   0x00033c    program     static C:\Users\flexy\Desktop\PIC Turotiales\PIC18F26K22\ASM\LCD TABLAS.X\LCD_4BIT.INC
                LCD_L3.19   0x000340    program     static C:\Users\flexy\Desktop\PIC Turotiales\PIC18F26K22\ASM\LCD TABLAS.X\LCD_4BIT.INC
                 LCD_L3.2   0x0002fc    program     static C:\Users\flexy\Desktop\PIC Turotiales\PIC18F26K22\ASM\LCD TABLAS.X\LCD_4BIT.INC
                LCD_L3.20   0x000344    program     static C:\Users\flexy\Desktop\PIC Turotiales\PIC18F26K22\ASM\LCD TABLAS.X\LCD_4BIT.INC
                 LCD_L3.3   0x000300    program     static C:\Users\flexy\Desktop\PIC Turotiales\PIC18F26K22\ASM\LCD TABLAS.X\LCD_4BIT.INC
                 LCD_L3.4   0x000304    program     static C:\Users\flexy\Desktop\PIC Turotiales\PIC18F26K22\ASM\LCD TABLAS.X\LCD_4BIT.INC
                 LCD_L3.5   0x000308    program     static C:\Users\flexy\Desktop\PIC Turotiales\PIC18F26K22\ASM\LCD TABLAS.X\LCD_4BIT.INC
                 LCD_L3.6   0x00030c    program     static C:\Users\flexy\Desktop\PIC Turotiales\PIC18F26K22\ASM\LCD TABLAS.X\LCD_4BIT.INC
                 LCD_L3.7   0x000310    program     static C:\Users\flexy\Desktop\PIC Turotiales\PIC18F26K22\ASM\LCD TABLAS.X\LCD_4BIT.INC
                 LCD_L3.8   0x000314    program     static C:\Users\flexy\Desktop\PIC Turotiales\PIC18F26K22\ASM\LCD TABLAS.X\LCD_4BIT.INC
                 LCD_L3.9   0x000318    program     static C:\Users\flexy\Desktop\PIC Turotiales\PIC18F26K22\ASM\LCD TABLAS.X\LCD_4BIT.INC
                   LCD_L4   0x000348    program     static C:\Users\flexy\Desktop\PIC Turotiales\PIC18F26K22\ASM\LCD TABLAS.X\LCD_4BIT.INC
                LCD_L4.10   0x00036c    program     static C:\Users\flexy\Desktop\PIC Turotiales\PIC18F26K22\ASM\LCD TABLAS.X\LCD_4BIT.INC
                LCD_L4.11   0x000370    program     static C:\Users\flexy\Desktop\PIC Turotiales\PIC18F26K22\ASM\LCD TABLAS.X\LCD_4BIT.INC
                LCD_L4.12   0x000374    program     static C:\Users\flexy\Desktop\PIC Turotiales\PIC18F26K22\ASM\LCD TABLAS.X\LCD_4BIT.INC
                LCD_L4.13   0x000378    program     static C:\Users\flexy\Desktop\PIC Turotiales\PIC18F26K22\ASM\LCD TABLAS.X\LCD_4BIT.INC
                LCD_L4.14   0x00037c    program     static C:\Users\flexy\Desktop\PIC Turotiales\PIC18F26K22\ASM\LCD TABLAS.X\LCD_4BIT.INC
                LCD_L4.15   0x000380    program     static C:\Users\flexy\Desktop\PIC Turotiales\PIC18F26K22\ASM\LCD TABLAS.X\LCD_4BIT.INC
                LCD_L4.16   0x000384    program     static C:\Users\flexy\Desktop\PIC Turotiales\PIC18F26K22\ASM\LCD TABLAS.X\LCD_4BIT.INC
                LCD_L4.17   0x000388    program     static C:\Users\flexy\Desktop\PIC Turotiales\PIC18F26K22\ASM\LCD TABLAS.X\LCD_4BIT.INC
                LCD_L4.18   0x00038c    program     static C:\Users\flexy\Desktop\PIC Turotiales\PIC18F26K22\ASM\LCD TABLAS.X\LCD_4BIT.INC
                LCD_L4.19   0x000390    program     static C:\Users\flexy\Desktop\PIC Turotiales\PIC18F26K22\ASM\LCD TABLAS.X\LCD_4BIT.INC
                 LCD_L4.2   0x00034c    program     static C:\Users\flexy\Desktop\PIC Turotiales\PIC18F26K22\ASM\LCD TABLAS.X\LCD_4BIT.INC
                LCD_L4.20   0x000394    program     static C:\Users\flexy\Desktop\PIC Turotiales\PIC18F26K22\ASM\LCD TABLAS.X\LCD_4BIT.INC
                 LCD_L4.3   0x000350    program     static C:\Users\flexy\Desktop\PIC Turotiales\PIC18F26K22\ASM\LCD TABLAS.X\LCD_4BIT.INC
                 LCD_L4.4   0x000354    program     static C:\Users\flexy\Desktop\PIC Turotiales\PIC18F26K22\ASM\LCD TABLAS.X\LCD_4BIT.INC
                 LCD_L4.5   0x000358    program     static C:\Users\flexy\Desktop\PIC Turotiales\PIC18F26K22\ASM\LCD TABLAS.X\LCD_4BIT.INC
                 LCD_L4.6   0x00035c    program     static C:\Users\flexy\Desktop\PIC Turotiales\PIC18F26K22\ASM\LCD TABLAS.X\LCD_4BIT.INC
                 LCD_L4.7   0x000360    program     static C:\Users\flexy\Desktop\PIC Turotiales\PIC18F26K22\ASM\LCD TABLAS.X\LCD_4BIT.INC
                 LCD_L4.8   0x000364    program     static C:\Users\flexy\Desktop\PIC Turotiales\PIC18F26K22\ASM\LCD TABLAS.X\LCD_4BIT.INC
                 LCD_L4.9   0x000368    program     static C:\Users\flexy\Desktop\PIC Turotiales\PIC18F26K22\ASM\LCD TABLAS.X\LCD_4BIT.INC
          LCD_LINEA_CLEAR   0x000438    program     static C:\Users\flexy\Desktop\PIC Turotiales\PIC18F26K22\ASM\LCD TABLAS.X\LCD_4BIT.INC
               LCD_Nibble   0x000468    program     static C:\Users\flexy\Desktop\PIC Turotiales\PIC18F26K22\ASM\LCD TABLAS.X\LCD_4BIT.INC
                  LCD_OFF   0x0003a0    program     static C:\Users\flexy\Desktop\PIC Turotiales\PIC18F26K22\ASM\LCD TABLAS.X\LCD_4BIT.INC
       LCD_PosicionLinea1   0x000398    program     static C:\Users\flexy\Desktop\PIC Turotiales\PIC18F26K22\ASM\LCD TABLAS.X\LCD_4BIT.INC
       LCD_PosicionLinea2   0x00039c    program     static C:\Users\flexy\Desktop\PIC Turotiales\PIC18F26K22\ASM\LCD TABLAS.X\LCD_4BIT.INC
           LCD_SEND_WHITE   0x00043c    program     static C:\Users\flexy\Desktop\PIC Turotiales\PIC18F26K22\ASM\LCD TABLAS.X\LCD_4BIT.INC
        LCD_VisualizaAlto   0x000460    program     static C:\Users\flexy\Desktop\PIC Turotiales\PIC18F26K22\ASM\LCD TABLAS.X\LCD_4BIT.INC
        LCD_VisualizaBajo   0x000466    program     static C:\Users\flexy\Desktop\PIC Turotiales\PIC18F26K22\ASM\LCD TABLAS.X\LCD_4BIT.INC
                LCD_WRITE   0x0002cc    program     static C:\Users\flexy\Desktop\PIC Turotiales\PIC18F26K22\ASM\LCD TABLAS.X\LCD_4BIT.INC
             MENSAJE_TXT1   0x000088    program     static C:\Users\flexy\Desktop\PIC Turotiales\PIC18F26K22\ASM\LCD TABLAS.X\MAINLCDT.asm
             MENSAJE_TXT2   0x000098    program     static C:\Users\flexy\Desktop\PIC Turotiales\PIC18F26K22\ASM\LCD TABLAS.X\MAINLCDT.asm
                PRINCIPAL   0x000068    program     static C:\Users\flexy\Desktop\PIC Turotiales\PIC18F26K22\ASM\LCD TABLAS.X\MAINLCDT.asm
                 PRINT_V1   0x000074    program     static C:\Users\flexy\Desktop\PIC Turotiales\PIC18F26K22\ASM\LCD TABLAS.X\MAINLCDT.asm
                 PRINT_V2   0x00007e    program     static C:\Users\flexy\Desktop\PIC Turotiales\PIC18F26K22\ASM\LCD TABLAS.X\MAINLCDT.asm
                RET_100ms   0x000122    program     static C:\Users\flexy\Desktop\PIC Turotiales\PIC18F26K22\ASM\LCD TABLAS.X\RETARDOS.INC
                RET_100us   0x0001d6    program     static C:\Users\flexy\Desktop\PIC Turotiales\PIC18F26K22\ASM\LCD TABLAS.X\RETARDOS.INC
                 RET_10ms   0x000186    program     static C:\Users\flexy\Desktop\PIC Turotiales\PIC18F26K22\ASM\LCD TABLAS.X\RETARDOS.INC
                 RET_16ms   0x00015e    program     static C:\Users\flexy\Desktop\PIC Turotiales\PIC18F26K22\ASM\LCD TABLAS.X\RETARDOS.INC
                 RET_18ms   0x000172    program     static C:\Users\flexy\Desktop\PIC Turotiales\PIC18F26K22\ASM\LCD TABLAS.X\RETARDOS.INC
                  RET_1ms   0x0001ea    program     static C:\Users\flexy\Desktop\PIC Turotiales\PIC18F26K22\ASM\LCD TABLAS.X\RETARDOS.INC
                   RET_1s   0x0000fa    program     static C:\Users\flexy\Desktop\PIC Turotiales\PIC18F26K22\ASM\LCD TABLAS.X\RETARDOS.INC
                RET_250us   0x0001c2    program     static C:\Users\flexy\Desktop\PIC Turotiales\PIC18F26K22\ASM\LCD TABLAS.X\RETARDOS.INC
                 RET_33ms   0x00014a    program     static C:\Users\flexy\Desktop\PIC Turotiales\PIC18F26K22\ASM\LCD TABLAS.X\RETARDOS.INC
                RET_500ms   0x00010e    program     static C:\Users\flexy\Desktop\PIC Turotiales\PIC18F26K22\ASM\LCD TABLAS.X\RETARDOS.INC
                RET_500us   0x0001ae    program     static C:\Users\flexy\Desktop\PIC Turotiales\PIC18F26K22\ASM\LCD TABLAS.X\RETARDOS.INC
                 RET_50ms   0x000136    program     static C:\Users\flexy\Desktop\PIC Turotiales\PIC18F26K22\ASM\LCD TABLAS.X\RETARDOS.INC
                  RET_5ms   0x00019a    program     static C:\Users\flexy\Desktop\PIC Turotiales\PIC18F26K22\ASM\LCD TABLAS.X\RETARDOS.INC
                RET_SERVO   0x0000e6    program     static C:\Users\flexy\Desktop\PIC Turotiales\PIC18F26K22\ASM\LCD TABLAS.X\RETARDOS.INC
             SENDING_TEXT   0x0000a8    program     static C:\Users\flexy\Desktop\PIC Turotiales\PIC18F26K22\ASM\LCD TABLAS.X\MAINLCDT.asm
               SET_CURSOR   0x0003b6    program     static C:\Users\flexy\Desktop\PIC Turotiales\PIC18F26K22\ASM\LCD TABLAS.X\LCD_4BIT.INC
            SUMA_CENTENAS   0x00025a    program     static C:\Users\flexy\Desktop\PIC Turotiales\PIC18F26K22\ASM\LCD TABLAS.X\LCD_4BIT.INC
             SUMA_DECENAS   0x000270    program     static C:\Users\flexy\Desktop\PIC Turotiales\PIC18F26K22\ASM\LCD TABLAS.X\LCD_4BIT.INC
            SUMA_UNIDADES   0x000278    program     static C:\Users\flexy\Desktop\PIC Turotiales\PIC18F26K22\ASM\LCD TABLAS.X\LCD_4BIT.INC
               S_CENTENAS   0x00024c    program     static C:\Users\flexy\Desktop\PIC Turotiales\PIC18F26K22\ASM\LCD TABLAS.X\LCD_4BIT.INC
                S_DECENAS   0x000262    program     static C:\Users\flexy\Desktop\PIC Turotiales\PIC18F26K22\ASM\LCD TABLAS.X\LCD_4BIT.INC
                    TEXTS   0x0000b2    program     static C:\Users\flexy\Desktop\PIC Turotiales\PIC18F26K22\ASM\LCD TABLAS.X\MAINLCDT.asm
                    TXT_1   0x0000ba    program     static C:\Users\flexy\Desktop\PIC Turotiales\PIC18F26K22\ASM\LCD TABLAS.X\MAINLCDT.asm
                    TXT_2   0x0000d0    program     static C:\Users\flexy\Desktop\PIC Turotiales\PIC18F26K22\ASM\LCD TABLAS.X\MAINLCDT.asm



                              Symbols - Sorted by Address
                     Name    Address   Location    Storage File                     
                ---------  ---------  ---------  --------- ---------                
           BAJA_PRIORIDAD   0x000018    program     static C:\Users\flexy\Desktop\PIC Turotiales\PIC18F26K22\ASM\LCD TABLAS.X\MAINLCDT.asm
                FIN_INTER   0x000022    program     static C:\Users\flexy\Desktop\PIC Turotiales\PIC18F26K22\ASM\LCD TABLAS.X\MAINLCDT.asm
           ALTA_PRIORIDAD   0x00002e    program     static C:\Users\flexy\Desktop\PIC Turotiales\PIC18F26K22\ASM\LCD TABLAS.X\MAINLCDT.asm
                   INICIO   0x000032    program     static C:\Users\flexy\Desktop\PIC Turotiales\PIC18F26K22\ASM\LCD TABLAS.X\MAINLCDT.asm
                PRINCIPAL   0x000068    program     static C:\Users\flexy\Desktop\PIC Turotiales\PIC18F26K22\ASM\LCD TABLAS.X\MAINLCDT.asm
                 PRINT_V1   0x000074    program     static C:\Users\flexy\Desktop\PIC Turotiales\PIC18F26K22\ASM\LCD TABLAS.X\MAINLCDT.asm
                 PRINT_V2   0x00007e    program     static C:\Users\flexy\Desktop\PIC Turotiales\PIC18F26K22\ASM\LCD TABLAS.X\MAINLCDT.asm
             MENSAJE_TXT1   0x000088    program     static C:\Users\flexy\Desktop\PIC Turotiales\PIC18F26K22\ASM\LCD TABLAS.X\MAINLCDT.asm
             MENSAJE_TXT2   0x000098    program     static C:\Users\flexy\Desktop\PIC Turotiales\PIC18F26K22\ASM\LCD TABLAS.X\MAINLCDT.asm
             SENDING_TEXT   0x0000a8    program     static C:\Users\flexy\Desktop\PIC Turotiales\PIC18F26K22\ASM\LCD TABLAS.X\MAINLCDT.asm
                    TEXTS   0x0000b2    program     static C:\Users\flexy\Desktop\PIC Turotiales\PIC18F26K22\ASM\LCD TABLAS.X\MAINLCDT.asm
                    TXT_1   0x0000ba    program     static C:\Users\flexy\Desktop\PIC Turotiales\PIC18F26K22\ASM\LCD TABLAS.X\MAINLCDT.asm
                    TXT_2   0x0000d0    program     static C:\Users\flexy\Desktop\PIC Turotiales\PIC18F26K22\ASM\LCD TABLAS.X\MAINLCDT.asm
                RET_SERVO   0x0000e6    program     static C:\Users\flexy\Desktop\PIC Turotiales\PIC18F26K22\ASM\LCD TABLAS.X\RETARDOS.INC
                   RET_1s   0x0000fa    program     static C:\Users\flexy\Desktop\PIC Turotiales\PIC18F26K22\ASM\LCD TABLAS.X\RETARDOS.INC
                RET_500ms   0x00010e    program     static C:\Users\flexy\Desktop\PIC Turotiales\PIC18F26K22\ASM\LCD TABLAS.X\RETARDOS.INC
                RET_100ms   0x000122    program     static C:\Users\flexy\Desktop\PIC Turotiales\PIC18F26K22\ASM\LCD TABLAS.X\RETARDOS.INC
                 RET_50ms   0x000136    program     static C:\Users\flexy\Desktop\PIC Turotiales\PIC18F26K22\ASM\LCD TABLAS.X\RETARDOS.INC
                 RET_33ms   0x00014a    program     static C:\Users\flexy\Desktop\PIC Turotiales\PIC18F26K22\ASM\LCD TABLAS.X\RETARDOS.INC
                 RET_16ms   0x00015e    program     static C:\Users\flexy\Desktop\PIC Turotiales\PIC18F26K22\ASM\LCD TABLAS.X\RETARDOS.INC
                 RET_18ms   0x000172    program     static C:\Users\flexy\Desktop\PIC Turotiales\PIC18F26K22\ASM\LCD TABLAS.X\RETARDOS.INC
                 RET_10ms   0x000186    program     static C:\Users\flexy\Desktop\PIC Turotiales\PIC18F26K22\ASM\LCD TABLAS.X\RETARDOS.INC
                  RET_5ms   0x00019a    program     static C:\Users\flexy\Desktop\PIC Turotiales\PIC18F26K22\ASM\LCD TABLAS.X\RETARDOS.INC
                RET_500us   0x0001ae    program     static C:\Users\flexy\Desktop\PIC Turotiales\PIC18F26K22\ASM\LCD TABLAS.X\RETARDOS.INC
                RET_250us   0x0001c2    program     static C:\Users\flexy\Desktop\PIC Turotiales\PIC18F26K22\ASM\LCD TABLAS.X\RETARDOS.INC
                RET_100us   0x0001d6    program     static C:\Users\flexy\Desktop\PIC Turotiales\PIC18F26K22\ASM\LCD TABLAS.X\RETARDOS.INC
                  RET_1ms   0x0001ea    program     static C:\Users\flexy\Desktop\PIC Turotiales\PIC18F26K22\ASM\LCD TABLAS.X\RETARDOS.INC
            CICLO_RETARDO   0x0001fe    program     static C:\Users\flexy\Desktop\PIC Turotiales\PIC18F26K22\ASM\LCD TABLAS.X\RETARDOS.INC
           CONVERSION_BIN   0x00020a    program     static C:\Users\flexy\Desktop\PIC Turotiales\PIC18F26K22\ASM\LCD TABLAS.X\LCD_4BIT.INC
              BS_CENTENAS   0x000212    program     static C:\Users\flexy\Desktop\PIC Turotiales\PIC18F26K22\ASM\LCD TABLAS.X\LCD_4BIT.INC
           BSUMA_CENTENAS   0x000220    program     static C:\Users\flexy\Desktop\PIC Turotiales\PIC18F26K22\ASM\LCD TABLAS.X\LCD_4BIT.INC
               BS_DECENAS   0x000228    program     static C:\Users\flexy\Desktop\PIC Turotiales\PIC18F26K22\ASM\LCD TABLAS.X\LCD_4BIT.INC
            BSUMA_DECENAS   0x000236    program     static C:\Users\flexy\Desktop\PIC Turotiales\PIC18F26K22\ASM\LCD TABLAS.X\LCD_4BIT.INC
           BSUMA_UNIDADES   0x00023e    program     static C:\Users\flexy\Desktop\PIC Turotiales\PIC18F26K22\ASM\LCD TABLAS.X\LCD_4BIT.INC
           CONVERSION_BCD   0x000244    program     static C:\Users\flexy\Desktop\PIC Turotiales\PIC18F26K22\ASM\LCD TABLAS.X\LCD_4BIT.INC
               S_CENTENAS   0x00024c    program     static C:\Users\flexy\Desktop\PIC Turotiales\PIC18F26K22\ASM\LCD TABLAS.X\LCD_4BIT.INC
            SUMA_CENTENAS   0x00025a    program     static C:\Users\flexy\Desktop\PIC Turotiales\PIC18F26K22\ASM\LCD TABLAS.X\LCD_4BIT.INC
                S_DECENAS   0x000262    program     static C:\Users\flexy\Desktop\PIC Turotiales\PIC18F26K22\ASM\LCD TABLAS.X\LCD_4BIT.INC
             SUMA_DECENAS   0x000270    program     static C:\Users\flexy\Desktop\PIC Turotiales\PIC18F26K22\ASM\LCD TABLAS.X\LCD_4BIT.INC
            SUMA_UNIDADES   0x000278    program     static C:\Users\flexy\Desktop\PIC Turotiales\PIC18F26K22\ASM\LCD TABLAS.X\LCD_4BIT.INC
                  INI_LCD   0x000286    program     static C:\Users\flexy\Desktop\PIC Turotiales\PIC18F26K22\ASM\LCD TABLAS.X\LCD_4BIT.INC
                LCD_WRITE   0x0002cc    program     static C:\Users\flexy\Desktop\PIC Turotiales\PIC18F26K22\ASM\LCD TABLAS.X\LCD_4BIT.INC
           LCD_CursorIncr   0x0002e0    program     static C:\Users\flexy\Desktop\PIC Turotiales\PIC18F26K22\ASM\LCD TABLAS.X\LCD_4BIT.INC
                 LCD_CTMP   0x0002e4    program     static C:\Users\flexy\Desktop\PIC Turotiales\PIC18F26K22\ASM\LCD TABLAS.X\LCD_4BIT.INC
               LCD_L1MENU   0x0002e8    program     static C:\Users\flexy\Desktop\PIC Turotiales\PIC18F26K22\ASM\LCD TABLAS.X\LCD_4BIT.INC
               LCD_L2MENU   0x0002ec    program     static C:\Users\flexy\Desktop\PIC Turotiales\PIC18F26K22\ASM\LCD TABLAS.X\LCD_4BIT.INC
                   LCD_L1   0x0002f0    program     static C:\Users\flexy\Desktop\PIC Turotiales\PIC18F26K22\ASM\LCD TABLAS.X\LCD_4BIT.INC
                   LCD_L2   0x0002f4    program     static C:\Users\flexy\Desktop\PIC Turotiales\PIC18F26K22\ASM\LCD TABLAS.X\LCD_4BIT.INC
                   LCD_L3   0x0002f8    program     static C:\Users\flexy\Desktop\PIC Turotiales\PIC18F26K22\ASM\LCD TABLAS.X\LCD_4BIT.INC
                 LCD_L3.2   0x0002fc    program     static C:\Users\flexy\Desktop\PIC Turotiales\PIC18F26K22\ASM\LCD TABLAS.X\LCD_4BIT.INC
                 LCD_L3.3   0x000300    program     static C:\Users\flexy\Desktop\PIC Turotiales\PIC18F26K22\ASM\LCD TABLAS.X\LCD_4BIT.INC
                 LCD_L3.4   0x000304    program     static C:\Users\flexy\Desktop\PIC Turotiales\PIC18F26K22\ASM\LCD TABLAS.X\LCD_4BIT.INC
                 LCD_L3.5   0x000308    program     static C:\Users\flexy\Desktop\PIC Turotiales\PIC18F26K22\ASM\LCD TABLAS.X\LCD_4BIT.INC
                 LCD_L3.6   0x00030c    program     static C:\Users\flexy\Desktop\PIC Turotiales\PIC18F26K22\ASM\LCD TABLAS.X\LCD_4BIT.INC
                 LCD_L3.7   0x000310    program     static C:\Users\flexy\Desktop\PIC Turotiales\PIC18F26K22\ASM\LCD TABLAS.X\LCD_4BIT.INC
                 LCD_L3.8   0x000314    program     static C:\Users\flexy\Desktop\PIC Turotiales\PIC18F26K22\ASM\LCD TABLAS.X\LCD_4BIT.INC
                 LCD_L3.9   0x000318    program     static C:\Users\flexy\Desktop\PIC Turotiales\PIC18F26K22\ASM\LCD TABLAS.X\LCD_4BIT.INC
                LCD_L3.10   0x00031c    program     static C:\Users\flexy\Desktop\PIC Turotiales\PIC18F26K22\ASM\LCD TABLAS.X\LCD_4BIT.INC
                LCD_L3.11   0x000320    program     static C:\Users\flexy\Desktop\PIC Turotiales\PIC18F26K22\ASM\LCD TABLAS.X\LCD_4BIT.INC
                LCD_L3.12   0x000324    program     static C:\Users\flexy\Desktop\PIC Turotiales\PIC18F26K22\ASM\LCD TABLAS.X\LCD_4BIT.INC
                LCD_L3.13   0x000328    program     static C:\Users\flexy\Desktop\PIC Turotiales\PIC18F26K22\ASM\LCD TABLAS.X\LCD_4BIT.INC
                LCD_L3.14   0x00032c    program     static C:\Users\flexy\Desktop\PIC Turotiales\PIC18F26K22\ASM\LCD TABLAS.X\LCD_4BIT.INC
                LCD_L3.15   0x000330    program     static C:\Users\flexy\Desktop\PIC Turotiales\PIC18F26K22\ASM\LCD TABLAS.X\LCD_4BIT.INC
                LCD_L3.16   0x000334    program     static C:\Users\flexy\Desktop\PIC Turotiales\PIC18F26K22\ASM\LCD TABLAS.X\LCD_4BIT.INC
                LCD_L3.17   0x000338    program     static C:\Users\flexy\Desktop\PIC Turotiales\PIC18F26K22\ASM\LCD TABLAS.X\LCD_4BIT.INC
                LCD_L3.18   0x00033c    program     static C:\Users\flexy\Desktop\PIC Turotiales\PIC18F26K22\ASM\LCD TABLAS.X\LCD_4BIT.INC
                LCD_L3.19   0x000340    program     static C:\Users\flexy\Desktop\PIC Turotiales\PIC18F26K22\ASM\LCD TABLAS.X\LCD_4BIT.INC
                LCD_L3.20   0x000344    program     static C:\Users\flexy\Desktop\PIC Turotiales\PIC18F26K22\ASM\LCD TABLAS.X\LCD_4BIT.INC
                   LCD_L4   0x000348    program     static C:\Users\flexy\Desktop\PIC Turotiales\PIC18F26K22\ASM\LCD TABLAS.X\LCD_4BIT.INC
                 LCD_L4.2   0x00034c    program     static C:\Users\flexy\Desktop\PIC Turotiales\PIC18F26K22\ASM\LCD TABLAS.X\LCD_4BIT.INC
                 LCD_L4.3   0x000350    program     static C:\Users\flexy\Desktop\PIC Turotiales\PIC18F26K22\ASM\LCD TABLAS.X\LCD_4BIT.INC
                 LCD_L4.4   0x000354    program     static C:\Users\flexy\Desktop\PIC Turotiales\PIC18F26K22\ASM\LCD TABLAS.X\LCD_4BIT.INC
                 LCD_L4.5   0x000358    program     static C:\Users\flexy\Desktop\PIC Turotiales\PIC18F26K22\ASM\LCD TABLAS.X\LCD_4BIT.INC
                 LCD_L4.6   0x00035c    program     static C:\Users\flexy\Desktop\PIC Turotiales\PIC18F26K22\ASM\LCD TABLAS.X\LCD_4BIT.INC
                 LCD_L4.7   0x000360    program     static C:\Users\flexy\Desktop\PIC Turotiales\PIC18F26K22\ASM\LCD TABLAS.X\LCD_4BIT.INC
                 LCD_L4.8   0x000364    program     static C:\Users\flexy\Desktop\PIC Turotiales\PIC18F26K22\ASM\LCD TABLAS.X\LCD_4BIT.INC
                 LCD_L4.9   0x000368    program     static C:\Users\flexy\Desktop\PIC Turotiales\PIC18F26K22\ASM\LCD TABLAS.X\LCD_4BIT.INC
                LCD_L4.10   0x00036c    program     static C:\Users\flexy\Desktop\PIC Turotiales\PIC18F26K22\ASM\LCD TABLAS.X\LCD_4BIT.INC
                LCD_L4.11   0x000370    program     static C:\Users\flexy\Desktop\PIC Turotiales\PIC18F26K22\ASM\LCD TABLAS.X\LCD_4BIT.INC
                LCD_L4.12   0x000374    program     static C:\Users\flexy\Desktop\PIC Turotiales\PIC18F26K22\ASM\LCD TABLAS.X\LCD_4BIT.INC
                LCD_L4.13   0x000378    program     static C:\Users\flexy\Desktop\PIC Turotiales\PIC18F26K22\ASM\LCD TABLAS.X\LCD_4BIT.INC
                LCD_L4.14   0x00037c    program     static C:\Users\flexy\Desktop\PIC Turotiales\PIC18F26K22\ASM\LCD TABLAS.X\LCD_4BIT.INC
                LCD_L4.15   0x000380    program     static C:\Users\flexy\Desktop\PIC Turotiales\PIC18F26K22\ASM\LCD TABLAS.X\LCD_4BIT.INC
                LCD_L4.16   0x000384    program     static C:\Users\flexy\Desktop\PIC Turotiales\PIC18F26K22\ASM\LCD TABLAS.X\LCD_4BIT.INC
                LCD_L4.17   0x000388    program     static C:\Users\flexy\Desktop\PIC Turotiales\PIC18F26K22\ASM\LCD TABLAS.X\LCD_4BIT.INC
                LCD_L4.18   0x00038c    program     static C:\Users\flexy\Desktop\PIC Turotiales\PIC18F26K22\ASM\LCD TABLAS.X\LCD_4BIT.INC
                LCD_L4.19   0x000390    program     static C:\Users\flexy\Desktop\PIC Turotiales\PIC18F26K22\ASM\LCD TABLAS.X\LCD_4BIT.INC
                LCD_L4.20   0x000394    program     static C:\Users\flexy\Desktop\PIC Turotiales\PIC18F26K22\ASM\LCD TABLAS.X\LCD_4BIT.INC
       LCD_PosicionLinea1   0x000398    program     static C:\Users\flexy\Desktop\PIC Turotiales\PIC18F26K22\ASM\LCD TABLAS.X\LCD_4BIT.INC
       LCD_PosicionLinea2   0x00039c    program     static C:\Users\flexy\Desktop\PIC Turotiales\PIC18F26K22\ASM\LCD TABLAS.X\LCD_4BIT.INC
                  LCD_OFF   0x0003a0    program     static C:\Users\flexy\Desktop\PIC Turotiales\PIC18F26K22\ASM\LCD TABLAS.X\LCD_4BIT.INC
                 LCD_C_ON   0x0003a4    program     static C:\Users\flexy\Desktop\PIC Turotiales\PIC18F26K22\ASM\LCD TABLAS.X\LCD_4BIT.INC
                LCD_C_OFF   0x0003a8    program     static C:\Users\flexy\Desktop\PIC Turotiales\PIC18F26K22\ASM\LCD TABLAS.X\LCD_4BIT.INC
                LCD_CLEAR   0x0003ac    program     static C:\Users\flexy\Desktop\PIC Turotiales\PIC18F26K22\ASM\LCD TABLAS.X\LCD_4BIT.INC
      LCD_2Lineas4Bits5x7   0x0003b0    program     static C:\Users\flexy\Desktop\PIC Turotiales\PIC18F26K22\ASM\LCD TABLAS.X\LCD_4BIT.INC
                  LCD_CMD   0x0003b2    program     static C:\Users\flexy\Desktop\PIC Turotiales\PIC18F26K22\ASM\LCD TABLAS.X\LCD_4BIT.INC
               SET_CURSOR   0x0003b6    program     static C:\Users\flexy\Desktop\PIC Turotiales\PIC18F26K22\ASM\LCD TABLAS.X\LCD_4BIT.INC
           LCD_CURSOR_BON   0x0003b8    program     static C:\Users\flexy\Desktop\PIC Turotiales\PIC18F26K22\ASM\LCD TABLAS.X\LCD_4BIT.INC
              ENVIAR_DATO   0x0003bc    program     static C:\Users\flexy\Desktop\PIC Turotiales\PIC18F26K22\ASM\LCD TABLAS.X\LCD_4BIT.INC
                LCD_Envia   0x0003c2    program     static C:\Users\flexy\Desktop\PIC Turotiales\PIC18F26K22\ASM\LCD TABLAS.X\LCD_4BIT.INC
          LCD_CodigoCGROM   0x0003da    program     static C:\Users\flexy\Desktop\PIC Turotiales\PIC18F26K22\ASM\LCD TABLAS.X\LCD_4BIT.INC
        LCD_EnheMinuscula   0x0003dc    program     static C:\Users\flexy\Desktop\PIC Turotiales\PIC18F26K22\ASM\LCD TABLAS.X\LCD_4BIT.INC
        LCD_EnheMayuscula   0x0003ec    program     static C:\Users\flexy\Desktop\PIC Turotiales\PIC18F26K22\ASM\LCD TABLAS.X\LCD_4BIT.INC
                LCD_Grado   0x0003fe    program     static C:\Users\flexy\Desktop\PIC Turotiales\PIC18F26K22\ASM\LCD TABLAS.X\LCD_4BIT.INC
             LCD_FinCGROM   0x00040c    program     static C:\Users\flexy\Desktop\PIC Turotiales\PIC18F26K22\ASM\LCD TABLAS.X\LCD_4BIT.INC
             LCD_CLEAR_L1   0x000410    program     static C:\Users\flexy\Desktop\PIC Turotiales\PIC18F26K22\ASM\LCD TABLAS.X\LCD_4BIT.INC
             LCD_CLEAR_L2   0x00041a    program     static C:\Users\flexy\Desktop\PIC Turotiales\PIC18F26K22\ASM\LCD TABLAS.X\LCD_4BIT.INC
             LCD_CLEAR_L3   0x000424    program     static C:\Users\flexy\Desktop\PIC Turotiales\PIC18F26K22\ASM\LCD TABLAS.X\LCD_4BIT.INC
             LCD_CLEAR_L4   0x00042e    program     static C:\Users\flexy\Desktop\PIC Turotiales\PIC18F26K22\ASM\LCD TABLAS.X\LCD_4BIT.INC
          LCD_LINEA_CLEAR   0x000438    program     static C:\Users\flexy\Desktop\PIC Turotiales\PIC18F26K22\ASM\LCD TABLAS.X\LCD_4BIT.INC
           LCD_SEND_WHITE   0x00043c    program     static C:\Users\flexy\Desktop\PIC Turotiales\PIC18F26K22\ASM\LCD TABLAS.X\LCD_4BIT.INC
                 LCD_Byte   0x00044a    program     static C:\Users\flexy\Desktop\PIC Turotiales\PIC18F26K22\ASM\LCD TABLAS.X\LCD_4BIT.INC
         LCD_ByteCompleto   0x00045e    program     static C:\Users\flexy\Desktop\PIC Turotiales\PIC18F26K22\ASM\LCD TABLAS.X\LCD_4BIT.INC
        LCD_VisualizaAlto   0x000460    program     static C:\Users\flexy\Desktop\PIC Turotiales\PIC18F26K22\ASM\LCD TABLAS.X\LCD_4BIT.INC
        LCD_VisualizaBajo   0x000466    program     static C:\Users\flexy\Desktop\PIC Turotiales\PIC18F26K22\ASM\LCD TABLAS.X\LCD_4BIT.INC
               LCD_Nibble   0x000468    program     static C:\Users\flexy\Desktop\PIC Turotiales\PIC18F26K22\ASM\LCD TABLAS.X\LCD_4BIT.INC
       LCD_EnviaByteLetra   0x00047c    program     static C:\Users\flexy\Desktop\PIC Turotiales\PIC18F26K22\ASM\LCD TABLAS.X\LCD_4BIT.INC
   LCD_FinVisualizaDigito   0x000480    program     static C:\Users\flexy\Desktop\PIC Turotiales\PIC18F26K22\ASM\LCD TABLAS.X\LCD_4BIT.INC


